box check n=20 closed |j|<= [0.0143800787187744497772468546401673788765810329225597352190 +/- 1.02e-59] series |j|<= [386571228564032228763144171223100.368031012525177691592116 +/- 2.81e-25]
box check n=60 closed |j|<= [46644.5530399495314903361631950689291658287941658138327470 +/- 6.75e-55] series |j|<= [2423424681624056805129071.40044888141784692191821611689722 +/- 4.98e-33]
box check n=100 closed |j|<= [25154089666798830903.7216428028321370477390524032248492488 +/- 4.46e-39] series |j|<= [3211213405.11299908751118640483319841395250566090976851188 +/- 4.64e-49]
selftest j_0(3.3) ok, rad [3.49680246641094894249290403206919640808524561867218715911e-59 +/- 1.85e-116]
selftest j_2(0.7) ok, rad [1.50009245712926715339323445790747962217579850774452890336e-58 +/- 8.51e-116]
selftest j_10(12.5) ok, rad [1.59148984980298285750355264162002868825640514505530938822e-57 +/- 4.00e-114]
selftest j_40(20.0) ok, rad [1.75526128184670777135594287728460851699442534565434560955e-65 +/- 4.55e-122]
selftest j_80(84.0) ok, rad [2.08398947601211076397981790085114210362253753577662290130e-44 +/- 1.17e-101]
selftest j_158(50.0) ok, rad [2.12449338736795441373258328585267778559085497090325588175e-116 +/- 2.34e-173]
selftest j_158(84.0) ok, rad [2.34030063586447036790976069874543096895854126694254679515e-77 +/- 2.16e-134]
selftest j_60(84.0) ok, rad [4.59732409621720161699339611075143401114071618507050077802e-51 +/- 3.55e-108]
selftest j_100(84.0) ok, rad [1.46107479779998029316080250471503849861302977455627503747e-46 +/- 3.72e-103]
selftest j_84(84.0) ok, rad [6.71467052258164588651875176843968800256439535786162147453e-43 +/- 4.04e-100]
nodal pass panel 0 t=0s
nodal pass panel 10 t=2s
nodal pass panel 20 t=3s
nodal pass panel 30 t=6s
nodal pass panel 40 t=8s
nodal pass panel 50 t=11s
nodal pass panel 60 t=14s
nodal pass panel 70 t=18s
nodal pass panel 80 t=22s
nodal pass panel 90 t=31s
nodal pass panel 100 t=39s
nodal pass panel 110 t=49s
nodal pass panel 120 t=58s
nodal pass panel 130 t=67s
nodal pass panel 140 t=77s
nodal pass panel 150 t=87s
ellipse pass done t=96s; max MP [24191.7424831319142734421528673254938623248137095548819970 +/- 3.58e-53], MF[158] [15.5141081364633615837347034582193317681547514276724597676 +/- 5.03e-56]
matrix assembled t=135s; max quadrature error [1.16983733256654020059993764619153116395189597408175052499e-22 +/- 1.54e-80]; M00=[-0.0191046943144876 +/- 4.24e-17]
xcheck 1 1 {'new': '[-0.019104694314487557663 +/- 1.37e-22]', 'old': '[-0.01910469431448756 +/- 3.76e-18]', 'overlap': True}
xcheck 1 3 {'new': '[0.21595995420366309636 +/- 2.47e-21]', 'old': '[0.21595995420366310 +/- 5.74e-18]', 'overlap': True}
xcheck 21 41 {'new': '[0.11564505049820322241 +/- 2.67e-21]', 'old': '[0.11564505049820322 +/- 3.67e-18]', 'overlap': True}
eigen-Gershgorin certificate: {'lambda_min_lower_bound': '[1.58596369131e-10 +/- 4.82e-22]', 'gershgorin_min': '[1.58596369131e-10 +/- 4.82e-22]', 'lambda_max_VtV_upper': '[1.0000000000000000000 +/- 1e-24]', 'lambda_min_VtV_lower_(invertibility)': '[1.0000000000000000000 +/- 3e-25]', 'max_offdiag_VtAV': '[5.16712514853912436115310638288752095182998401595685838121e-21 +/- 3.40e-78]', 'approx_smallest_eigs_float': [1.5859636915041578e-10, 1.1775795184982646e-05, 0.04498618809279108], 'seconds': 23.972387075424194}
{
 "run": 30,
 "L": "0.7",
 "T": 160,
 "visible_shifts": [
  "[0.6931471806 +/- 4.01e-11]",
  "[1.098612289 +/- 3.32e-10]",
  "[1.386294361 +/- 1.20e-10]"
 ],
 "B_visible": "[2.94197352522362 +/- 4.56e-16]",
 "max_quadrature_error_bound_q": "[1.16983733256654020059993764619153116395189597408175052499e-22 +/- 1.54e-80]",
 "minimizer_frozen_40dig": [
  "0.4828651049869825940401259995170146617026",
  "-0.7062862431070808363462978403875531381854",
  "0.4828533620178392133595395946729784595085",
  "-0.1838643854021903410384161124671235695615",
  "0.03190455035056817897982546434165262077179",
  "0.003817909496409155926944495687963620954168",
  "-0.003700502270143410938514503334797769718383",
  "0.001130047668406527100201869412166943106772",
  "-0.0002964955535803588493996916337947939545449",
  "0.0001134291934614701435651083904500243082838",
  "-0.0000527395063002230399829745052565847137968",
  "0.00002471960679980141241128710827110901125394",
  "-0.000008364049175302144197639354176165580277429",
  "0.0000002831814353978919269335578464991070233097",
  "0.00000175001804296387449735647035771239995366",
  "-0.000003382078430126500022314331891555020615219",
  "-0.0000001485143979237810472651185450815465574981",
  "-0.0000004162751985795903669011975217338173406225",
  "0.0000000508840175797669658237070423835139172766",
  "-0.0000003264407180306229677370381258700738683978",
  "0.0000020545221266526196445772915344168274921",
  "-0.0000004262275781303626202320174691479927072997",
  "0.0000006158559347163400616150942896278182565415",
  "-0.0000003168923394565048186865951577092530455131",
  "-0.000000779493038932696739287414951794253739585",
  "-0.0000005361493403722855736826801123415557013871",
  "0.0000005100464113913539665328141249979160665562",
  "0.0000001492617109981498819860381240079311192094",
  "0.0000003706023793116271800715757900311183303616",
  "0.0000003004073010205116000090844377899772100276",
  "-0.0000007670766317268628919515026219958224584253",
  "-0.0000002603487413087958399768016017536950357997",
  "0.0000003492357085021086877204833927313905752209",
  "0.0000003673832486876903261724967395730013037713",
  "-0.0000002231003711177757385366923288316275148536",
  "0.00000006026829412750251730612417356789291247677",
  "-0.0000004172386023706516193240917660050612758257",
  "0.0000002738358340561566758631823654862478455715",
  "0.0000002088077322023898400858298558655043358468",
  "-0.000000019934440027406194416310060751000383659",
  "-0.0000005063826195881101532932932032845131689369",
  "0.0000004373937662940192437626034273467375670721",
  "0.00000004467035274452088124201932284970981891713",
  "-0.0000001580767385503897037638051465808586587244",
  "-0.0000001714702658317000126023909510605105652399",
  "0.0000004048263824853113932147416763724815269021",
  "-0.0000002738215413043098641119370230297371481914",
  "0.00000001455422387048483584352794143743787835466",
  "0.00000007538305414285626320526978386076304092752",
  "0.00000003093140012995714429258370247346881369458",
  "-0.0000001710059253038693084693416769990479669039",
  "0.0000002151403886565068671092783812043936677169",
  "-0.000000156776820027852301220144701319074253238",
  "0.00000006070268716591433304410241025522501888927",
  "0.0000000146391101372719837537273546849330057591",
  "-0.00000004920280280390647717181515311302662220544",
  "0.00000005176908041851236024302028577437480347231",
  "-0.0000000393888838010520153118790516932394646427",
  "0.00000002475144422822150866718534059015486564788",
  "-0.00000001352122427213672748425943270717121389298",
  "0.000000006595858262285764996139527021163938787184",
  "-0.000000002921165145665191407170181176822414406982",
  "0.000000001187923007088266058214313825711570944575",
  "-0.0000000004472748740609365602215889813340620147369",
  "0.0000000001569258605194473320162819691803426131612",
  "-0.00000000005156694385782102132117495256087143832836",
  "0.00000000001593800536987516965656204027243267142658",
  "-0.000000000004649654247621850404491358599321836846954",
  "0.000000000001284248168856860990266592386122582108109",
  "-3.367160507853517921525069397963200743557e-13",
  "8.399868839599205954139116611067641808568e-14",
  "-1.997884121117113439839335935441181649534e-14",
  "4.538997905223674211337340904108407936303e-15",
  "-9.866586082649399056954255602618087541993e-16",
  "2.055184384885090963318374791528123548445e-16",
  "-4.107855425868039063367527790320876831598e-17",
  "7.888872648223811025499336900124799921432e-18",
  "-1.45734650075057774715495607792670334006e-18",
  "2.59259267076002373609121928369866663184e-19",
  "-4.446026378846483292473431974554206001777e-20",
  "7.356810706394740111981624229511742856807e-21",
  "-1.175640066485519549513808489633758656633e-21",
  "1.815893858091536418367432438654195587409e-22",
  "-2.71319325915223109427075781528233237511e-23",
  "3.92436096849774842822211567515676161442e-24",
  "-5.498718158971355080267724759037541357189e-25",
  "7.468763652514993078705884332799889678399e-26",
  "-9.84026075014943716877098876519951723619e-27",
  "1.258338964358329107964745264792093146615e-27",
  "-1.562687077027932616798783463436051854897e-28",
  "1.885682362985508384857700619196687344029e-29",
  "-2.212154520760759961604210380322676983467e-30",
  "2.524243531773472385686844339937072671249e-31",
  "-2.803014075044023781442954884840414069893e-32",
  "3.030389190624286206156381461784712212695e-33",
  "-3.191123239187198347446532152684721408192e-34",
  "3.274509795944725827106136607573135243767e-35",
  "-3.275556595807248111935581393196235143004e-36",
  "3.195449999779002451221638182512226896899e-37",
  "-3.041255503254847084224157972798820819922e-38",
  "2.824930806553877229968318094114731856229e-39",
  "-2.561836109944391958476373429388137481274e-40",
  "2.268991782157948906078099087215035309774e-41",
  "-1.963347165347027761644383910739506875758e-42",
  "1.660289381246706755794562541868079349857e-43",
  "-1.372551103653308943525566729488121020631e-44",
  "1.109590325633098885070454393955762754345e-45",
  "-8.774322808213807661339716067916793740319e-47",
  "6.788987342402280288042761074336271881296e-48",
  "-5.141109906660768728037145327197637536363e-49",
  "3.811411425092911693817695654664009250501e-50",
  "-2.766981444451721166576380012739004445113e-51",
  "1.96749452613080536634625340713324703178e-52",
  "-1.371288834032539490590424185238208962565e-53",
  "9.301610939955914577040555774588993856339e-55",
  "-6.586950669204184168280421934946278105128e-56",
  "6.724182215703335359774987053128716110461e-58",
  "-3.571987646783645892314890037167005396834e-57",
  "-3.396751798316077255880471837520304627645e-57",
  "-3.846981207685302244078588468720653872086e-57",
  "-4.282553056742897215922595899710491009167e-57",
  "-4.281764296392619151625765145200493693763e-57",
  "-3.992929348417635620769356303699118854991e-57",
  "-3.888955311324964612413701755407482641043e-57",
  "-4.041862231837177801994223620307983367368e-57",
  "-4.36753016172115979047490046496543775211e-57",
  "-4.860277779850976757444044644592100546293e-57",
  "-4.523063933669878784579201810901494300741e-57",
  "-3.945035464032505070075045912336235431449e-57",
  "-3.439091654205602605112591225631997216213e-57",
  "-3.21306008864220913813330419742578474983e-57",
  "-3.10671245252466825106628327133236938029e-57",
  "-2.929064744633890548215066664400543056193e-57",
  "-2.97619634601528015155757520808845074793e-57",
  "-3.267563638735967934816705450616768613676e-57",
  "-3.543077759800293775258693963791984087233e-57",
  "-3.689915405417925662089885835524206636581e-57",
  "-3.720553017879917029807906955636801336696e-57",
  "-3.561223177574871351782946410954986491658e-57",
  "-3.23251538515960336165676449467753091023e-57",
  "-2.947110448147734062678556736523067417726e-57",
  "-2.997355540162537320769541816594914463185e-57",
  "-3.130587870799076979144426216858998542028e-57",
  "-2.898337764956302385969067630835610873447e-57",
  "-2.93388885927372062963451575266826676513e-57",
  "-1.176795911062048601100078733355068465337e-58",
  "-2.348211803982574268200319214065736977979e-58",
  "-3.773625341262220868350864120369044377678e-58",
  "-6.113221745461634133731862615412398554207e-58",
  "-8.836833749819780520923256709788879700419e-58",
  "-1.184795184641605398395492667144356829141e-57",
  "-1.498408185293651707354707264034704972559e-57",
  "-1.713124829458029692852178911787458451673e-57",
  "-1.778935258035608216464339369485242042395e-57",
  "-1.894720193422608344324015974035658028772e-57",
  "-1.931187810534678241461891358128501464819e-57",
  "-1.598877046420535361574113322074885283061e-57",
  "-1.345668026320692789964238580618229303029e-57",
  "-1.403207472605066495727593028556860407527e-57",
  "-1.375422412025025755184840354153844873859e-57"
 ],
 "modes": [
  1,
  3,
  5,
  7,
  9,
  11,
  13,
  15,
  17,
  19,
  21,
  23,
  25,
  27,
  29,
  31,
  33,
  35,
  37,
  39,
  41,
  43,
  45,
  47,
  49,
  51,
  53,
  55,
  57,
  59,
  61,
  63,
  65,
  67,
  69,
  71,
  73,
  75,
  77,
  79,
  81,
  83,
  85,
  87,
  89,
  91,
  93,
  95,
  97,
  99,
  101,
  103,
  105,
  107,
  109,
  111,
  113,
  115,
  117,
  119,
  121,
  123,
  125,
  127,
  129,
  131,
  133,
  135,
  137,
  139,
  141,
  143,
  145,
  147,
  149,
  151,
  153,
  155,
  157,
  159,
  161,
  163,
  165,
  167,
  169,
  171,
  173,
  175,
  177,
  179,
  181,
  183,
  185,
  187,
  189,
  191,
  193,
  195,
  197,
  199,
  201,
  203,
  205,
  207,
  209,
  211,
  213,
  215,
  217,
  219,
  221,
  223,
  225,
  227,
  229,
  231,
  233,
  235,
  237,
  239,
  241,
  243,
  245,
  247,
  249,
  251,
  253,
  255,
  257,
  259,
  261,
  263,
  265,
  267,
  269,
  271,
  273,
  275,
  277,
  279,
  281,
  283,
  285,
  287,
  289,
  291,
  293,
  295,
  297,
  299,
  301,
  303,
  305,
  307,
  309,
  311,
  313,
  315,
  317,
  319
 ],
 "parity": "odd",
 "pole_sign_mutation": 1,
 "pole_term_sign_used": -1,
 "NE": 160,
 "ncut": 321,
 "prec_bits": 192,
 "GL_nodes_per_unit_panel": 48,
 "rho": 2,
 "cover_boxes": 6,
 "beta_star": "[0.29532159598556788645 +/- 3.07e-21]",
 "sup_psi_minus_beta": "[8.60947854043485392418993305706090235181784189618561784127 +/- 4.61e-57]",
 "lambda0_certified": "[1.58596369131e-10 +/- 4.82e-22]",
 "certified_by": "eigenbasis-Gershgorin",
 "eigen_certificate": {
  "lambda_min_lower_bound": "[1.58596369131e-10 +/- 4.82e-22]",
  "gershgorin_min": "[1.58596369131e-10 +/- 4.82e-22]",
  "lambda_max_VtV_upper": "[1.0000000000000000000 +/- 1e-24]",
  "lambda_min_VtV_lower_(invertibility)": "[1.0000000000000000000 +/- 3e-25]",
  "max_offdiag_VtAV": "[5.16712514853912436115310638288752095182998401595685838121e-21 +/- 3.40e-78]",
  "approx_smallest_eigs_float": [
   1.5859636915041578e-10,
   1.1775795184982646e-05,
   0.04498618809279108
  ],
  "seconds": 23.972387075424194
 },
 "ldl_statuses": {},
 "ldl_at_0_positive": null,
 "eps_D": "[1.34668e-200 +/- 3.43e-206]",
 "eps_C": "[6.32243e-97 +/- 2.39e-103]",
 "eps_p": "[2.26031e-910 +/- 3.03e-917]",
 "norm_pN": "[0.242040702857 +/- 4.74e-14]",
 "max_entry_radius": "[2.33967467807455575576270968860384850355332853055756459071e-22 +/- 1.65e-79]",
 "max_quadrature_error_bound": "[1.16983733256654020059993764619153116395189597408175052499e-22 +/- 1.54e-80]",
 "verdict": "ACCEPT: margin = lambda0 - off^2/d_low = 1.586e-10 (lambda0=1.586e-10, off=6.322e-97, d_low=2.953e-01)",
 "cross_check_vs_acb_integral": {
  "1,1": {
   "new": "[-0.019104694314487557663 +/- 1.37e-22]",
   "old": "[-0.01910469431448756 +/- 3.76e-18]",
   "overlap": true
  },
  "1,3": {
   "new": "[0.21595995420366309636 +/- 2.47e-21]",
   "old": "[0.21595995420366310 +/- 5.74e-18]",
   "overlap": true
  },
  "21,41": {
   "new": "[0.11564505049820322241 +/- 2.67e-21]",
   "old": "[0.11564505049820322 +/- 3.67e-18]",
   "overlap": true
  }
 },
 "runtime_s": 166.36161398887634
}
CERT DONE odd 0.7 160 160 visible ['[0.693', '[1.098', '[1.386'] 166 s
