box check n=20 closed |j|<= [0.0143800787187744497772468546401673788765810329225597352190 +/- 1.02e-59] series |j|<= [386571228564032228763144171223100.368031012525177691592116 +/- 2.81e-25]
box check n=60 closed |j|<= [46644.5530399495314903361631950689291658287941658138327470 +/- 6.75e-55] series |j|<= [2423424681624056805129071.40044888141784692191821611689722 +/- 4.98e-33]
box check n=100 closed |j|<= [25154089666798830903.7216428028321370477390524032248492488 +/- 4.46e-39] series |j|<= [3211213405.11299908751118640483319841395250566090976851188 +/- 4.64e-49]
selftest j_0(3.3) ok, rad [3.49680246641094894249290403206919640808524561867218715911e-59 +/- 1.85e-116]
selftest j_2(0.7) ok, rad [1.50009245712926715339323445790747962217579850774452890336e-58 +/- 8.51e-116]
selftest j_10(12.5) ok, rad [1.59148984980298285750355264162002868825640514505530938822e-57 +/- 4.00e-114]
selftest j_40(20.0) ok, rad [1.75526128184670777135594287728460851699442534565434560955e-65 +/- 4.55e-122]
selftest j_80(84.0) ok, rad [2.08398947601211076397981790085114210362253753577662290130e-44 +/- 1.17e-101]
selftest j_158(50.0) ok, rad [2.12449338736795441373258328585267778559085497090325588175e-116 +/- 2.34e-173]
selftest j_158(84.0) ok, rad [2.34030063586447036790976069874543096895854126694254679515e-77 +/- 2.16e-134]
selftest j_60(84.0) ok, rad [4.59732409621720161699339611075143401114071618507050077802e-51 +/- 3.55e-108]
selftest j_100(84.0) ok, rad [1.46107479779998029316080250471503849861302977455627503747e-46 +/- 3.72e-103]
selftest j_84(84.0) ok, rad [6.71467052258164588651875176843968800256439535786162147453e-43 +/- 4.04e-100]
nodal pass panel 0 t=0s
nodal pass panel 10 t=2s
nodal pass panel 20 t=4s
nodal pass panel 30 t=7s
nodal pass panel 40 t=10s
nodal pass panel 50 t=13s
nodal pass panel 60 t=17s
nodal pass panel 70 t=22s
nodal pass panel 80 t=27s
nodal pass panel 90 t=32s
nodal pass panel 100 t=37s
nodal pass panel 110 t=43s
nodal pass panel 120 t=49s
nodal pass panel 130 t=55s
nodal pass panel 140 t=62s
nodal pass panel 150 t=68s
nodal pass panel 160 t=75s
nodal pass panel 170 t=82s
nodal pass panel 180 t=89s
nodal pass panel 190 t=97s
nodal pass panel 200 t=105s
nodal pass panel 210 t=114s
nodal pass panel 220 t=122s
nodal pass panel 230 t=131s
ellipse pass done t=139s; max MP [24191.4751960220367101038188056917043818639958624857936460 +/- 1.86e-53], MF[158] [16.9970701619650333128188078981031857289551022864139728135 +/- 7.34e-56]
matrix assembled t=197s; max quadrature error [1.41062108687691427329111866429109385997514149487888691815e-22 +/- 1.68e-79]; M00=[-0.412565669170971 +/- 7.71e-18]
xcheck 1 1 {'new': '[-0.41256566917097100770 +/- 4.90e-22]', 'old': '[-0.41256566917097101 +/- 3.56e-18]', 'overlap': True}
xcheck 1 3 {'new': '[0.23431689960534948149 +/- 4.87e-21]', 'old': '[0.23431689960534948 +/- 3.35e-18]', 'overlap': True}
xcheck 21 41 {'new': '[0.11151540183473859761 +/- 2.87e-22]', 'old': '[0.11151540183473860 +/- 3.43e-18]', 'overlap': True}
eigen-Gershgorin certificate: {'lambda_min_lower_bound': '[2.03304233017e-10 +/- 1.09e-22]', 'gershgorin_min': '[2.03304233017e-10 +/- 1.09e-22]', 'lambda_max_VtV_upper': '[1.0000000000000000000 +/- 1e-24]', 'lambda_min_VtV_lower_(invertibility)': '[1.0000000000000000000 +/- 3e-25]', 'max_offdiag_VtAV': '[1.03941778694127096266223986287258185257149900943357237995e-18 +/- 3.97e-75]', 'approx_smallest_eigs_float': [2.0330423336708313e-10, 1.4570966719450089e-05, 0.05190803683475818], 'seconds': 43.67032790184021}
{
 "run": 30,
 "L": "0.7",
 "T": 240,
 "visible_shifts": [
  "[0.6931471806 +/- 4.01e-11]",
  "[1.098612289 +/- 3.32e-10]",
  "[1.386294361 +/- 1.20e-10]"
 ],
 "B_visible": "[2.94197352522362 +/- 4.56e-16]",
 "max_quadrature_error_bound_q": "[1.41062108687691427329111866429109385997514149487888691815e-22 +/- 1.68e-79]",
 "minimizer_frozen_40dig": [
  "0.4823666109614363852524682987516129642124",
  "-0.7061971309862925116580059013046672352217",
  "0.4833539796054684073366420015345647940126",
  "-0.1841968203655594575556006942418426568068",
  "0.03190747110145631715121428843500165849008",
  "0.003885227651307132871518581721660768853193",
  "-0.0037336521706895922303043740144600053377",
  "0.0011388018255299886215605063442441715844",
  "-0.0003013091248460255196604186148740682762414",
  "0.0001154201712592822913190597027029512909587",
  "-0.00005466031232735590802063136630137359481741",
  "0.00002569300002267257162213092909605150657273",
  "-0.000008111604974583042898835005190836297733239",
  "0.0000012525368542412447679227615259033602051",
  "0.000003139065736800961829567404371333691993101",
  "-0.000002340295095216117181037465982748784206925",
  "0.0000006333681218594917612723835686861647171341",
  "-0.00000009946040547670401384416401634737032504225",
  "-0.0000004222428922035918538877979799837762467319",
  "-0.000001590560758298181152003599992170571844813",
  "0.00000105979182263358351077870047342300485091",
  "-0.000001473602733534978581555394606534105816813",
  "0.0000004280753782313270110021779712960016218787",
  "0.0000002404700150126581616317313906195893850747",
  "0.0000003114229472207392371678928778309162968972",
  "0.00000007681809835768416973137499662898667046501",
  "0.0000008129410447072007587529108111144321180266",
  "-0.0000003081195603166768833730180951132130729532",
  "-0.0000001819664311247782997381097184716754170422",
  "0.00000002473099768059155352430734196566460978181",
  "-0.0000004798945945105240017732393467890706847582",
  "-0.0000002310474250495202269749703204290003467774",
  "0.0000002798658646566311928810166698041578033959",
  "0.0000002321170521842786330210241012341120422514",
  "-0.00000005715485909187628155846608889198730840885",
  "0.0000004063845523842262073264801131204333505554",
  "-0.0000002194660264031466463190382292692935274265",
  "-0.0000002657261387969030873067962390298566932396",
  "-0.0000001858509483420252926117991359420081250707",
  "0.0000002936155203747221166340339755668990613344",
  "-0.0000001485442808192550703618427266220671774169",
  "0.0000003125755879200800198048799178277737154269",
  "-0.00000000119254029806287551798960571862273353371",
  "-0.0000001350250318178624670046294987002207026381",
  "-0.0000003516127597376509070936098600296617761048",
  "0.0000003777977373676054042199047789783174577171",
  "-0.00000007397000465201055458756595783258858033412",
  "0.000000104036871051327050563596937760280637331",
  "-0.00000006240955604184102493677312533197794840164",
  "-0.00000001608809215079155778922508296267093524089",
  "-0.0000002672424798956302605846284924799381006588",
  "0.000000390303312577820831611404555347630294646",
  "-0.0000000518700665048051130935439779539359318959",
  "-0.0000001008685582943421373659870214270451959752",
  "-0.0000001316078186781991523386570220992694084035",
  "0.000000231920484119483042755438058953035258365",
  "-0.0000001113450085616469201770676001718420780261",
  "0.00000008922518257638709953941881022822411593881",
  "-0.0000001348678078551693048534247461787534552131",
  "0.00000006630150664081573038479035887565859699385",
  "-0.00000001310069130863662915778399006408556582971",
  "0.0000001163118088266541314828204940008127934163",
  "-0.0000002006106921330742562956841049992300542038",
  "0.00000009507562312944499291201623033430803095191",
  "0.00000005101607905495462598317618792589620622107",
  "-0.00000001826101389491531297411444730304375157975",
  "-0.0000001397909519998718345543288869302006688062",
  "0.0000001978258073958027752949515111534678223967",
  "-0.00000008235375548953119651675689163399395508203",
  "-0.00000005917382672217073393018043362278397346426",
  "0.00000007110458578147839907307613501733419410507",
  "0.00000003767805100269096923866860983608467150309",
  "-0.0000001397157554957312537877547783552662306957",
  "0.0000001397773917099792544550291284647044924984",
  "-0.00000005072781355469203309988096844232192697956",
  "-0.0000000479344132336582455911619796939841465586",
  "0.0000000904532845297211655422545181254546637338",
  "-0.00000006554780102569653382483778004145018444819",
  "0.000000003974281092045251575859355446241317031145",
  "0.00000005539280141185679241950487187968379771905",
  "-0.00000008942317408372039159075465324199308201737",
  "0.00000009505562025383776273953559489058765456724",
  "-0.00000008139222175399676244175847500773140663434",
  "0.00000006004570829185701156249130826865039828722",
  "-0.000000039439241152885159935522122414874477004",
  "0.00000002351355250799656023895432074870492510358",
  "-0.00000001288813473524330226517625264521554878455",
  "0.000000006553652943130020830203195130885584180966",
  "-0.000000003112805383076988413071681982417127488422",
  "0.000000001388343948405890006546701307140093466586",
  "-0.0000000005839347232283559109888867435177180296439",
  "0.0000000002324160186094980145720187314958579586408",
  "-0.00000000008779340737586208608218348243822275749623",
  "0.00000000003155099035549078643204317757479519310637",
  "-0.00000000001080985393140857926337588063239684798272",
  "0.000000000003537111166938662890535381433392904948362",
  "-0.000000000001107006591395989221107782546086722953139",
  "3.31796207375886459938175778342209073689e-13",
  "-9.533738129162132322446288385302633968701e-14",
  "2.628348051840251882848289739386374987244e-14",
  "-6.956517411215366095667691302586568837477e-15",
  "1.768268513065304065392157560602778268046e-15",
  "-4.317093112460257176445726183361328328004e-16",
  "1.012085685230320174683797421184948429915e-16",
  "-2.276862582147083011846288809063138888227e-17",
  "4.909184695343553946740263623292007360205e-18",
  "-1.012350423161180231963772071661525764039e-18",
  "1.989933589958968294045562065543401658963e-19",
  "-3.708066790202724030148565406796026339415e-20",
  "6.489503381933336619002021728014793403724e-21",
  "-1.04863281652833252982149185127187478063e-21",
  "1.509811505186439052025639668226702729464e-22",
  "-1.761682097999152346716939094291498106579e-23",
  "1.039462777008494763283092258634338135617e-24",
  "2.46228477423327347787729019917312485987e-25",
  "-1.257836214272347297159642776539531506613e-25",
  "3.686167581942402012874649590758897698687e-26",
  "-8.931944489610529830446571067011398998094e-27",
  "1.946282216427293304870134542396087988502e-27",
  "-3.943107591280126170575169815510845475057e-28",
  "7.553387751152804488030004522800568432502e-29",
  "-1.381488815856905935512604166375553450724e-29",
  "2.427475628111149486886055278383313806524e-30",
  "-4.115382963538685582431735195662388423631e-31",
  "6.752199797454567024235003228649976844827e-32",
  "-1.074639357632566569131537920564762873911e-32",
  "1.66205178921952399312564175446688540891e-33",
  "-2.50160340283107606852929784159075329405e-34",
  "3.668605265426976539538974395658841148148e-35",
  "-5.247182255069216731011065812333435338517e-36",
  "7.325972350531845691529779121577405781685e-37",
  "-9.991737793156256678208667236235674191523e-38",
  "1.332102365091448925357058738532754333485e-38",
  "-1.737033699156176991163616321638795499869e-39",
  "2.216567569552453033321566746660320758192e-40",
  "-2.76925483866162296065960308232454101868e-41",
  "3.388782818023600904804867431704499687904e-42",
  "-4.063481225090979080661774193077253472335e-43",
  "4.776267763372358242990095851870448598026e-44",
  "-5.505112615032443775866267441801815510981e-45",
  "6.224043319535841964024825687882576107574e-46",
  "-6.904643026454902290622572779235954333677e-47",
  "7.517926158440452046018196425445219603515e-48",
  "-8.036417388474818159210829052053665225638e-49",
  "8.436222367770224562113452748908531169251e-50",
  "-8.698870900794191551794950496866933910844e-51",
  "8.8127288757586754138200129229392056569e-52",
  "-8.773857221048082732156867406605986953887e-53",
  "8.585841275487302265607882204504828464605e-54",
  "-8.264482127476270081470510873367926153771e-55",
  "7.765510483027366211666759726366412018514e-56",
  "-7.903052431013857370872795747835156026455e-57",
  "-5.548053524030301987515346523731426459452e-59",
  "-8.086833654513968972315148515220675443007e-58",
  "-7.919706141124052309098259987220960324532e-58",
  "-8.136682642220235652093753259204583622845e-58",
  "-6.73133257714975086340569090474767342257e-58",
  "-5.668615796312900433699539950623615573319e-58",
  "-5.906720473233770658450165697799784157844e-58",
  "-5.790481833440198911508508608335801411743e-58",
  "-5.977703006002841928812609675593338874725e-58",
  "-7.060395991937392748386715896887734109712e-58",
  "-7.430210721046095441567187381728182546333e-58",
  "-7.348162304698286024125249545138710934245e-58",
  "-7.191873282396076220768076036101249464976e-58",
  "-5.700978877681362919557454715196016847684e-58",
  "-5.289662466129240894628973880364490753073e-58",
  "-6.868569395882006975690212507022482422762e-58",
  "-8.6110574694471113068983735607487235237e-58",
  "-8.968758602924849261623295128953482021066e-58",
  "-8.795456387129336525928199176837736153926e-58",
  "-9.242057086307351213663884694849704105893e-58",
  "-9.221046109279576891985001435491394472611e-58",
  "-6.996613661386403276903630964156012457688e-58",
  "-4.342233692369217428603765890294173814041e-58",
  "-2.800413853279428431816364494935465379894e-58",
  "-2.531444351825094583751918432465234999949e-58",
  "-3.283854583450068505549070436765295206537e-58",
  "-3.344238445775300579694284536509328729692e-58",
  "-5.021568028783116126243822499345520318565e-58",
  "-7.386407334927308413982086796625754221107e-58",
  "-8.001049423975581301015916369398857132901e-58",
  "-1.143008467373176073254316085039507774044e-57",
  "-1.182685117513499966391865705266409857612e-57",
  "-1.553655229157988867633880476524775443736e-57",
  "-1.561281806506883546053266702618881304493e-57",
  "-1.38393060188751835446013904888174351377e-57",
  "-1.127568399642159599579398768476530602577e-57",
  "-9.57818321642294837806326358169707121706e-58",
  "-9.895324039036128875518936302242878464249e-58",
  "-1.004572800261397973467772265849520166583e-57",
  "-8.132901929447423885650056008763244175248e-58"
 ],
 "modes": [
  1,
  3,
  5,
  7,
  9,
  11,
  13,
  15,
  17,
  19,
  21,
  23,
  25,
  27,
  29,
  31,
  33,
  35,
  37,
  39,
  41,
  43,
  45,
  47,
  49,
  51,
  53,
  55,
  57,
  59,
  61,
  63,
  65,
  67,
  69,
  71,
  73,
  75,
  77,
  79,
  81,
  83,
  85,
  87,
  89,
  91,
  93,
  95,
  97,
  99,
  101,
  103,
  105,
  107,
  109,
  111,
  113,
  115,
  117,
  119,
  121,
  123,
  125,
  127,
  129,
  131,
  133,
  135,
  137,
  139,
  141,
  143,
  145,
  147,
  149,
  151,
  153,
  155,
  157,
  159,
  161,
  163,
  165,
  167,
  169,
  171,
  173,
  175,
  177,
  179,
  181,
  183,
  185,
  187,
  189,
  191,
  193,
  195,
  197,
  199,
  201,
  203,
  205,
  207,
  209,
  211,
  213,
  215,
  217,
  219,
  221,
  223,
  225,
  227,
  229,
  231,
  233,
  235,
  237,
  239,
  241,
  243,
  245,
  247,
  249,
  251,
  253,
  255,
  257,
  259,
  261,
  263,
  265,
  267,
  269,
  271,
  273,
  275,
  277,
  279,
  281,
  283,
  285,
  287,
  289,
  291,
  293,
  295,
  297,
  299,
  301,
  303,
  305,
  307,
  309,
  311,
  313,
  315,
  317,
  319,
  321,
  323,
  325,
  327,
  329,
  331,
  333,
  335,
  337,
  339,
  341,
  343,
  345,
  347,
  349,
  351,
  353,
  355,
  357,
  359,
  361,
  363,
  365,
  367,
  369,
  371,
  373,
  375,
  377,
  379,
  381,
  383
 ],
 "parity": "odd",
 "pole_sign_mutation": 1,
 "pole_term_sign_used": -1,
 "NE": 192,
 "ncut": 385,
 "prec_bits": 192,
 "GL_nodes_per_unit_panel": 48,
 "rho": 2,
 "cover_boxes": 6,
 "beta_star": "[0.70078760832719794688 +/- 2.30e-21]",
 "sup_psi_minus_beta": "[9.01494455277648398461916369245060304801658791850379091618 +/- 1.00e-58]",
 "lambda0_certified": "[2.03304233017e-10 +/- 1.09e-22]",
 "certified_by": "eigenbasis-Gershgorin",
 "eigen_certificate": {
  "lambda_min_lower_bound": "[2.03304233017e-10 +/- 1.09e-22]",
  "gershgorin_min": "[2.03304233017e-10 +/- 1.09e-22]",
  "lambda_max_VtV_upper": "[1.0000000000000000000 +/- 1e-24]",
  "lambda_min_VtV_lower_(invertibility)": "[1.0000000000000000000 +/- 3e-25]",
  "max_offdiag_VtAV": "[1.03941778694127096266223986287258185257149900943357237995e-18 +/- 3.97e-75]",
  "approx_smallest_eigs_float": [
   2.0330423336708313e-10,
   1.4570966719450089e-05,
   0.05190803683475818
  ],
  "seconds": 43.67032790184021
 },
 "ldl_statuses": {},
 "ldl_at_0_positive": null,
 "eps_D": "[9.82462e-160 +/- 9.24e-167]",
 "eps_C": "[2.52398e-76 +/- 9.50e-83]",
 "eps_p": "[7.07533e-1122 +/- 6.48e-1129]",
 "norm_pN": "[0.242040702857 +/- 4.74e-14]",
 "max_entry_radius": "[3.63335943362529118910313240611853480288573337020352482796e-19 +/- 2.85e-76]",
 "max_quadrature_error_bound": "[1.41062108687691427329111866429109385997514149487888691815e-22 +/- 1.68e-79]",
 "verdict": "ACCEPT: margin = lambda0 - off^2/d_low = 2.033e-10 (lambda0=2.033e-10, off=2.524e-76, d_low=7.008e-01)",
 "cross_check_vs_acb_integral": {
  "1,1": {
   "new": "[-0.41256566917097100770 +/- 4.90e-22]",
   "old": "[-0.41256566917097101 +/- 3.56e-18]",
   "overlap": true
  },
  "1,3": {
   "new": "[0.23431689960534948149 +/- 4.87e-21]",
   "old": "[0.23431689960534948 +/- 3.35e-18]",
   "overlap": true
  },
  "21,41": {
   "new": "[0.11151540183473859761 +/- 2.87e-22]",
   "old": "[0.11151540183473860 +/- 3.43e-18]",
   "overlap": true
  }
 },
 "runtime_s": 248.86105799674988
}
CERT DONE odd 0.7 240 192 visible ['[0.693', '[1.098', '[1.386'] 249 s
