box check n=20 closed |j|<= [0.0143800787187744497772468546401673788765810329225597352190 +/- 1.02e-59] series |j|<= [386571228564032228763144171223100.368031012525177691592116 +/- 2.81e-25]
box check n=60 closed |j|<= [46644.5530399495314903361631950689291658287941658138327470 +/- 6.75e-55] series |j|<= [2423424681624056805129071.40044888141784692191821611689722 +/- 4.98e-33]
box check n=100 closed |j|<= [25154089666798830903.7216428028321370477390524032248492488 +/- 4.46e-39] series |j|<= [3211213405.11299908751118640483319841395250566090976851188 +/- 4.64e-49]
selftest j_0(3.3) ok, rad [3.49680246641094894249290403206919640808524561867218715911e-59 +/- 1.85e-116]
selftest j_2(0.7) ok, rad [1.50009245712926715339323445790747962217579850774452890336e-58 +/- 8.51e-116]
selftest j_10(12.5) ok, rad [1.59148984980298285750355264162002868825640514505530938822e-57 +/- 4.00e-114]
selftest j_40(20.0) ok, rad [1.75526128184670777135594287728460851699442534565434560955e-65 +/- 4.55e-122]
selftest j_80(84.0) ok, rad [2.08398947601211076397981790085114210362253753577662290130e-44 +/- 1.17e-101]
selftest j_158(50.0) ok, rad [2.12449338736795441373258328585267778559085497090325588175e-116 +/- 2.34e-173]
selftest j_158(84.0) ok, rad [2.34030063586447036790976069874543096895854126694254679515e-77 +/- 2.16e-134]
selftest j_60(84.0) ok, rad [4.59732409621720161699339611075143401114071618507050077802e-51 +/- 3.55e-108]
selftest j_100(84.0) ok, rad [1.46107479779998029316080250471503849861302977455627503747e-46 +/- 3.72e-103]
selftest j_84(84.0) ok, rad [6.71467052258164588651875176843968800256439535786162147453e-43 +/- 4.04e-100]
nodal pass panel 0 t=0s
nodal pass panel 10 t=1s
nodal pass panel 20 t=3s
nodal pass panel 30 t=5s
nodal pass panel 40 t=8s
nodal pass panel 50 t=10s
nodal pass panel 60 t=13s
nodal pass panel 70 t=17s
nodal pass panel 80 t=20s
nodal pass panel 90 t=24s
nodal pass panel 100 t=28s
nodal pass panel 110 t=32s
nodal pass panel 120 t=36s
nodal pass panel 130 t=41s
nodal pass panel 140 t=46s
nodal pass panel 150 t=51s
ellipse pass done t=55s; max MP [24191.5481033509393767724481124885603482630788761614943028 +/- 2.14e-53], MF[158] [13.8129571143007377145920946913167157409866527994501243348 +/- 6.37e-56]
matrix assembled t=82s; max quadrature error [9.25666969012643637399423051212314992895664892477985498591e-23 +/- 4.92e-80]; M00=[-3.39951573724358 +/- 4.93e-15]
xcheck 0 0 {'new': '[-3.3995157372435750786 +/- 3.68e-20]', 'old': '[-3.39951573724357508 +/- 2.34e-18]', 'overlap': True}
xcheck 0 2 {'new': '[0.088984532610777010116 +/- 2.60e-22]', 'old': '[0.08898453261077701 +/- 2.11e-18]', 'overlap': True}
xcheck 20 40 {'new': '[0.036409802173019949905 +/- 4.60e-22]', 'old': '[0.03640980217301995 +/- 1.78e-18]', 'overlap': True}
eigen-Gershgorin certificate: {'lambda_min_lower_bound': '[1.31162554370e-9 +/- 3.37e-21]', 'gershgorin_min': '[1.31162554370e-9 +/- 3.37e-21]', 'lambda_max_VtV_upper': '[1.0000000000000000000 +/- 1e-24]', 'lambda_min_VtV_lower_(invertibility)': '[1.0000000000000000000 +/- 3e-25]', 'max_offdiag_VtAV': '[6.65155775769910017313886111066628236572625185810986408371e-21 +/- 1.73e-78]', 'approx_smallest_eigs_float': [1.311625543716306e-09, 8.665423867178542e-05, 0.19612386448208285], 'seconds': 21.152209997177124}
{
 "run": 30,
 "L": "0.6",
 "T": 160,
 "visible_shifts": [
  "[0.6931471806 +/- 4.01e-11]",
  "[1.098612289 +/- 3.32e-10]"
 ],
 "B_visible": "[2.24882634466368 +/- 4.86e-15]",
 "max_quadrature_error_bound_q": "[9.25666969012643637399423051212314992895664892477985498591e-23 +/- 4.92e-80]",
 "minimizer_frozen_40dig": [
  "-0.7428233614678993399775003222383878168546",
  "0.6016224529349360193584328737510100777034",
  "-0.2821068205270965248778507723863812408017",
  "0.08088272931662744787658457228340435337458",
  "-0.01170508644501433572887279765155724979161",
  "-0.0004370599080572882598598288082020200817389",
  "0.0006047614747455891795000804053048656816224",
  "-0.0001827924710010269718670999342226127974696",
  "0.0000601216483853514029343737984850255423267",
  "-0.00002684750021775427897011767106293380932777",
  "0.000006318245036349573744126632190320943327986",
  "-0.000003720366081912237803505389816155763261995",
  "0.000006847060342294506298826286908145498326024",
  "-0.000003393016339048630013487600159652852120288",
  "0.000001790278779368074245373571512202287000023",
  "-0.0000006303449044391697149217655643540857714787",
  "0.000002757728416629375179210710793161272703472",
  "-0.000001044233713291816969210026128591391266429",
  "0.00000007528548162016236039619640587660986261686",
  "-0.000002786731455692285902362033291469744708524",
  "0.0000008927066497061220762144924636022407265202",
  "0.0000001102104513577498948843007532182269520495",
  "0.000001302774074870553314379426100459905853882",
  "-0.00000009233325275982154546932976528049186264017",
  "-0.0000005220976086984528827934624363016595750741",
  "-0.0000002788932806757066674896439919625655083996",
  "-0.0000001260657874835431219347364369938064197881",
  "0.0000004363128766237670533822893737294346666982",
  "-0.00000009639342513620540209431082065830784876011",
  "0.0000003405414589460424693811996903416381521989",
  "-0.0000006380522662545387103741057047792526319619",
  "0.0000004480786984864534445466661748904465931627",
  "-0.0000004398617755717513872067989614081631310193",
  "0.0000006086939063107043995925201308733788122195",
  "-0.0000004046123000357711696034358090999356001696",
  "0.00000004520289607736002072544991503179943345369",
  "0.000000005314914878498563469794486171364060302678",
  "0.00000009607839979305401353729126691533770766976",
  "-0.00000000396722583581114172435466663310743364869",
  "-0.0000002140784821586122105211529001180711466086",
  "0.0000002951450919369120578215264544730182050006",
  "-0.0000002054150690241444186769414296225526421241",
  "0.0000001196482363136169416211893141223499087659",
  "-0.0000001562440186090090054679510287793656770876",
  "0.000000273220365181874967774390632577147473243",
  "-0.0000003642739926985586141677528272086468506272",
  "0.0000003709574373903871982070905863702161769308",
  "-0.0000003055536689241588053386320271269858544914",
  "0.0000002122930478727232169634659465728631198925",
  "-0.0000001280013562824849914178198338918134570616",
  "0.00000006832194001073841353810322419160633541078",
  "-0.00000003275514784785653193935763748754855036025",
  "0.00000001426137452813888994086639310299053198466",
  "-0.000000005688039172404342834786902098590333784815",
  "0.000000002092722197756912237507920283389457507438",
  "-0.0000000007143401508526335222368121851184460538565",
  "0.0000000002273213633934169987242260111781816249512",
  "-0.00000000006771843158071618981552321822360415813889",
  "0.00000000001895190770373578027555660053019939147723",
  "-0.000000000004998419494507279923901567441281933010201",
  "0.000000000001245784583107702452199196356194759333294",
  "-2.941375026163978393804746467264884530336e-13",
  "6.593455970095292610444065854839175761683e-14",
  "-1.406038952324770193663614586334564536731e-14",
  "2.857531892076322746327043520532861124736e-15",
  "-5.543893363929793805852360862281852019081e-16",
  "1.028325908024442021413070826190936783723e-16",
  "-1.826206125812912534316208686945766546145e-17",
  "3.109123371465711945025541279010153360111e-18",
  "-5.080676269382043868074147675235066526385e-19",
  "7.977951320373766033705237934616632746609e-20",
  "-1.205054741837175457674279145428951010051e-20",
  "1.752663446627954159180870618384174455737e-21",
  "-2.456811435270456568962118478054449037053e-22",
  "3.322068801137181954062625915730221856227e-23",
  "-4.336803742848965249686750644310780190875e-24",
  "5.47011997648697856941568399556054672867e-25",
  "-6.671351655054251525517767218587259933694e-26",
  "7.872786950425311952403455611889411493158e-27",
  "-8.995674709983486044629920441775886811074e-28",
  "9.958839119517792747008040903500398803319e-29",
  "-1.068857622748958358918765691791260845465e-29",
  "1.112812044154740739763289587329533080161e-30",
  "-1.124496953989255910127131973717172310274e-31",
  "1.103475621861089648271218903635993148145e-32",
  "-1.052105185740534042257836250355996267777e-33",
  "9.751301855155491830773626827971133292295e-35",
  "-8.789816055447446655043659060805738964472e-36",
  "7.709205552494104384484379481988107071303e-37",
  "-6.581784737669627506877650274941655808883e-38",
  "5.472258134637401480416679480017869103608e-39",
  "-4.432578705610184362346240580524458919472e-40",
  "3.49933315970430073902145703152216975213e-41",
  "-2.693514088514065346508856287278556612353e-42",
  "2.022176238943336624496683868169664438975e-43",
  "-1.481289719364405929388773253473438285602e-44",
  "1.059089816165459792893231401692663813958e-45",
  "-7.393382720050965444014329434727080531086e-47",
  "5.040952147175052476282320472545792706639e-48",
  "-3.357980055911258785491923494517450458724e-49",
  "2.186113129782835476329700618202301592783e-50",
  "-1.391326512545436461975793184020131820891e-51",
  "8.657920447285130231579471442539770400086e-53",
  "-5.282125159056432144186920067797174842253e-54",
  "3.041580679447628580932088699700653780721e-55",
  "-2.937044773956867345370085983503372835743e-56",
  "-1.067801311978071204860298396294053103394e-56",
  "-7.30483941149017894785159877533530498561e-57",
  "-6.599765895966014506696969316293264473476e-57",
  "-1.152898661475334397427011968302112723911e-56",
  "-1.293224392115324235727418617135091028227e-56",
  "-1.181778536184203694235383463482992414442e-56",
  "-1.698168387663793064808841861888581416656e-56",
  "-1.713086263408615822784477160752389376305e-56",
  "-1.333349226603972145943943638029057371015e-56",
  "-1.084375065470656928069284599554902650437e-57",
  "-1.193429863322147448798556296205916712566e-58",
  "-1.695493460997383125815996858319155846326e-57",
  "-1.405366545948068629545503797514748958419e-57",
  "-6.07620411447239741127569228506603569103e-57",
  "-1.466169739846700564560041596546305108081e-56",
  "-1.42954378886884459653904986567496823739e-56",
  "-1.206547303631477150477568251742677411123e-56",
  "-8.46717911650996115832950374544464774378e-57",
  "-4.581330328775073759455236491626418466469e-57",
  "-4.578501076943919165367192335760192706024e-57",
  "-6.090607578340093542764782818090154239646e-57",
  "-8.04947866434677289405977669880460282429e-57",
  "-1.141268747745382445801791417112907922591e-56",
  "-1.256393576802183797928916024526429157861e-56",
  "-1.209788083001689273272307475229865509565e-56",
  "-1.202624931774794443549493489139821095086e-56",
  "-9.688387088737606588241666707477095569918e-57",
  "-1.128305630256665712483141572288535643857e-56",
  "-1.598424402695469997995451921587220342739e-56",
  "-1.847964414261825526134386232847439692769e-56",
  "-2.098996212962641212290760220571829042633e-56",
  "-2.072118320639183826044721228142787134811e-56",
  "-2.033974852670892261257831258559459110034e-56",
  "-1.823581480902395459059864543165165487103e-56",
  "-1.443638649967716448321357339948481610005e-56",
  "-1.91010478988941076403555018536148188685e-56",
  "-2.833778752412477362525826900888990467882e-56",
  "-3.605391401867707379822510820960977272932e-56",
  "-3.959109542923879410088726251811892046025e-56",
  "-1.100808559192054846631322949602021978803e-56",
  "-1.023674296297276264672230902921758348052e-56",
  "-1.751328608383530454926579023140738598637e-56",
  "-1.926558045395426108492907703337747003894e-56",
  "-1.532011482078373768266453431875922761456e-56",
  "-1.549041897778451055113213470113961068553e-56",
  "-1.591259269282675963941040845476547476316e-56",
  "-1.746316967094755963148399248172412223899e-56",
  "-1.798280421563870739276186417522252814752e-56",
  "-1.541085655022029252433561421923679540913e-56",
  "-1.625144979513242253440784124742849197663e-56",
  "-1.531395984611381504888878810109191142084e-56",
  "-1.142156774831357976049760639666408516639e-56",
  "-1.636846253477339115746730918298280195458e-56",
  "-1.731193473950778620248471420727715107485e-56"
 ],
 "modes": [
  0,
  2,
  4,
  6,
  8,
  10,
  12,
  14,
  16,
  18,
  20,
  22,
  24,
  26,
  28,
  30,
  32,
  34,
  36,
  38,
  40,
  42,
  44,
  46,
  48,
  50,
  52,
  54,
  56,
  58,
  60,
  62,
  64,
  66,
  68,
  70,
  72,
  74,
  76,
  78,
  80,
  82,
  84,
  86,
  88,
  90,
  92,
  94,
  96,
  98,
  100,
  102,
  104,
  106,
  108,
  110,
  112,
  114,
  116,
  118,
  120,
  122,
  124,
  126,
  128,
  130,
  132,
  134,
  136,
  138,
  140,
  142,
  144,
  146,
  148,
  150,
  152,
  154,
  156,
  158,
  160,
  162,
  164,
  166,
  168,
  170,
  172,
  174,
  176,
  178,
  180,
  182,
  184,
  186,
  188,
  190,
  192,
  194,
  196,
  198,
  200,
  202,
  204,
  206,
  208,
  210,
  212,
  214,
  216,
  218,
  220,
  222,
  224,
  226,
  228,
  230,
  232,
  234,
  236,
  238,
  240,
  242,
  244,
  246,
  248,
  250,
  252,
  254,
  256,
  258,
  260,
  262,
  264,
  266,
  268,
  270,
  272,
  274,
  276,
  278,
  280,
  282,
  284,
  286,
  288,
  290,
  292,
  294,
  296,
  298,
  300,
  302,
  304,
  306,
  308,
  310,
  312,
  314,
  316,
  318
 ],
 "parity": "even",
 "pole_sign_mutation": 1,
 "pole_term_sign_used": 1,
 "NE": 160,
 "ncut": 320,
 "prec_bits": 192,
 "GL_nodes_per_unit_panel": 48,
 "rho": 2,
 "cover_boxes": 6,
 "beta_star": "[0.98846877654551319587 +/- 2.99e-22]",
 "sup_psi_minus_beta": "[8.60947854043485392418993305706090235181784189618561784127 +/- 4.61e-57]",
 "lambda0_certified": "[1.31162554370e-9 +/- 3.37e-21]",
 "certified_by": "eigenbasis-Gershgorin",
 "eigen_certificate": {
  "lambda_min_lower_bound": "[1.31162554370e-9 +/- 3.37e-21]",
  "gershgorin_min": "[1.31162554370e-9 +/- 3.37e-21]",
  "lambda_max_VtV_upper": "[1.0000000000000000000 +/- 1e-24]",
  "lambda_min_VtV_lower_(invertibility)": "[1.0000000000000000000 +/- 3e-25]",
  "max_offdiag_VtAV": "[6.65155775769910017313886111066628236572625185810986408371e-21 +/- 1.73e-78]",
  "approx_smallest_eigs_float": [
   1.311625543716306e-09,
   8.665423867178542e-05,
   0.19612386448208285
  ],
  "seconds": 21.152209997177124
 },
 "ldl_statuses": {},
 "ldl_at_0_positive": null,
 "eps_D": "[3.19500e-244 +/- 3.54e-250]",
 "eps_C": "[9.05883e-119 +/- 4.36e-125]",
 "eps_p": "[1.44936e-928 +/- 4.43e-934]",
 "norm_pN": "[1.11204927146 +/- 2.92e-12]",
 "max_entry_radius": "[1.85133394768043430985664790598236868323506199018879669893e-22 +/- 6.74e-80]",
 "max_quadrature_error_bound": "[9.25666969012643637399423051212314992895664892477985498591e-23 +/- 4.92e-80]",
 "verdict": "ACCEPT: margin = lambda0 - off^2/d_low = 1.312e-09 (lambda0=1.312e-09, off=9.059e-119, d_low=9.885e-01)",
 "cross_check_vs_acb_integral": {
  "0,0": {
   "new": "[-3.3995157372435750786 +/- 3.68e-20]",
   "old": "[-3.39951573724357508 +/- 2.34e-18]",
   "overlap": true
  },
  "0,2": {
   "new": "[0.088984532610777010116 +/- 2.60e-22]",
   "old": "[0.08898453261077701 +/- 2.11e-18]",
   "overlap": true
  },
  "20,40": {
   "new": "[0.036409802173019949905 +/- 4.60e-22]",
   "old": "[0.03640980217301995 +/- 1.78e-18]",
   "overlap": true
  }
 },
 "runtime_s": 110.39992690086365
}
CERT DONE even 0.6 160 160 visible ['[0.693', '[1.098'] 110 s
