box check n=20 closed |j|<= [0.0143800787187744497772468546401673788765810329225597352190 +/- 1.02e-59] series |j|<= [386571228564032228763144171223100.368031012525177691592116 +/- 2.81e-25]
box check n=60 closed |j|<= [46644.5530399495314903361631950689291658287941658138327470 +/- 6.75e-55] series |j|<= [2423424681624056805129071.40044888141784692191821611689722 +/- 4.98e-33]
box check n=100 closed |j|<= [25154089666798830903.7216428028321370477390524032248492488 +/- 4.46e-39] series |j|<= [3211213405.11299908751118640483319841395250566090976851188 +/- 4.64e-49]
selftest j_0(3.3) ok, rad [3.49680246641094894249290403206919640808524561867218715911e-59 +/- 1.85e-116]
selftest j_2(0.7) ok, rad [1.50009245712926715339323445790747962217579850774452890336e-58 +/- 8.51e-116]
selftest j_10(12.5) ok, rad [1.59148984980298285750355264162002868825640514505530938822e-57 +/- 4.00e-114]
selftest j_40(20.0) ok, rad [1.75526128184670777135594287728460851699442534565434560955e-65 +/- 4.55e-122]
selftest j_80(84.0) ok, rad [2.08398947601211076397981790085114210362253753577662290130e-44 +/- 1.17e-101]
selftest j_158(50.0) ok, rad [2.12449338736795441373258328585267778559085497090325588175e-116 +/- 2.34e-173]
selftest j_158(84.0) ok, rad [2.34030063586447036790976069874543096895854126694254679515e-77 +/- 2.16e-134]
selftest j_60(84.0) ok, rad [4.59732409621720161699339611075143401114071618507050077802e-51 +/- 3.55e-108]
selftest j_100(84.0) ok, rad [1.46107479779998029316080250471503849861302977455627503747e-46 +/- 3.72e-103]
selftest j_84(84.0) ok, rad [6.71467052258164588651875176843968800256439535786162147453e-43 +/- 4.04e-100]
nodal pass panel 0 t=0s
nodal pass panel 10 t=1s
nodal pass panel 20 t=3s
nodal pass panel 30 t=5s
nodal pass panel 40 t=7s
nodal pass panel 50 t=9s
nodal pass panel 60 t=12s
nodal pass panel 70 t=15s
nodal pass panel 80 t=17s
nodal pass panel 90 t=20s
nodal pass panel 100 t=23s
nodal pass panel 110 t=27s
nodal pass panel 120 t=30s
nodal pass panel 130 t=34s
nodal pass panel 140 t=37s
nodal pass panel 150 t=41s
ellipse pass done t=45s; max MP [24190.6957076080184708694016423703190906839981071893727874 +/- 2.58e-54], MF[158] [10.4797195530217784040577345110274710590429391248042533098 +/- 2.30e-56]
matrix assembled t=71s; max quadrature error [5.31113084989199378083438460478132665058688582474072672570e-23 +/- 3.85e-80]; M00=[-1.85727834216569 +/- 1.60e-15]
xcheck 1 1 {'new': '[-1.8572783421656884065 +/- 4.70e-20]', 'old': '[-1.8572783421656884065 +/- 4.70e-20]', 'overlap': True}
xcheck 1 3 {'new': '[0.58932333421083914251 +/- 2.08e-21]', 'old': '[0.58932333421083914251 +/- 2.11e-21]', 'overlap': True}
xcheck 21 41 {'new': '[0.034363865507611845605 +/- 4.57e-22]', 'old': '[0.034363865507611845605 +/- 4.58e-22]', 'overlap': True}
eigen-Gershgorin certificate: {'lambda_min_lower_bound': '[0.0141715765223 +/- 2.99e-14]', 'gershgorin_min': '[0.0141715765223 +/- 2.99e-14]', 'lambda_max_VtV_upper': '[1.0000000000000000000 +/- 1e-24]', 'lambda_min_VtV_lower_(invertibility)': '[1.0000000000000000000 +/- 3e-25]', 'max_offdiag_VtAV': '[4.00347158679709541086182756987240640970484336122216555344e-21 +/- 2.08e-79]', 'approx_smallest_eigs_float': [0.01417157652227014, 0.8980301460015314, 1.3589267788713975], 'seconds': 19.45553207397461}
{
 "run": 30,
 "L": "0.4",
 "T": 160,
 "visible_shifts": [
  "[0.6931471806 +/- 4.01e-11]"
 ],
 "B_visible": "[0.980258143468547 +/- 1.92e-16]",
 "max_quadrature_error_bound_q": "[5.31113084989199378083438460478132665058688582474072672570e-23 +/- 3.85e-80]",
 "minimizer_frozen_40dig": [
  "0.8484701859984824304832803589081066238473",
  "-0.5275099570334575178061084859285688917119",
  "0.0369503634616636953892099683092422394055",
  "0.01840317238220941867584398498617178293904",
  "0.006449770551585711002394564263289380578942",
  "-0.005714295404443388007158205122778698580167",
  "-0.001978117266485600296998405233694910742425",
  "0.004716467982610136813151028339693971166916",
  "0.003093223481509288524844135414965670830083",
  "-0.001807568383102536005954902607665808332216",
  "-0.001916294614075319993838893913177713171283",
  "0.0008500150979605203778875335858873120739896",
  "0.0007995619002518426148574073948031789107736",
  "-0.001268059357591109741523138511301434664754",
  "-0.001036775451918260606649353805281293109638",
  "0.00109635024399751488487069366302348137873",
  "0.001337551714049935457634667369290321026026",
  "-0.0005270591741395154400760202656835829697317",
  "-0.001204015499043720986821171813792484183842",
  "0.0001358411042047843314601985174326407861967",
  "0.0008980389320174809045925495516441860393576",
  "-0.00001749236676932807307362195562075169825003",
  "-0.0006401292885434906514430176572036197016855",
  "0.00006371995872613809718971606261511976710254",
  "0.0004566341713064634071469681633433914304504",
  "-0.0001901585435243620610601537129208009189618",
  "-0.0002655730239678850905292723414623756737378",
  "0.0003168421930268356215270921706909670509322",
  "-0.00003960712199350759066034064709362587875589",
  "-0.0002248492086755698364892187194672599466554",
  "0.0003096173991258500217381676457797316299478",
  "-0.0002551241493971375556351258042480613382104",
  "0.0001591610791583516987260437781965465972377",
  "-0.00008142091537597993884191157854360640864816",
  "0.00003555537307069982628283231666111454525931",
  "-0.00001358191273243892759972841080667119399752",
  "0.000004614403058126938460627167986304595711201",
  "-0.000001411357487377487542297297151932909221124",
  "0.0000003922594937371384548585649934368345377661",
  "-0.00000009980529889304979992436266987036017267067",
  "0.00000002338983384234083730080793342688765149851",
  "-0.000000005074785693642816011030123389849545567445",
  "0.000000001023823817350071693076580040136204251944",
  "-0.0000000001927956006220287593148489409368330541785",
  "0.00000000003400004497346993318650641159725979854239",
  "-0.000000000005631900455869898275742067501852304033801",
  "8.785597430351584128137465457132732180015e-13",
  "-1.293788877633432117946726301441732190624e-13",
  "1.802481295366902733251349193124178533327e-14",
  "-2.380406650025079085242215358781188158528e-15",
  "2.985326830901813903265650552826019505293e-16",
  "-3.561384881033785483990688227924224154066e-17",
  "4.047663469946504220942580016262986718837e-18",
  "-4.389075242352002626531650622048131781088e-19",
  "4.546815327521344165745139440390786869884e-20",
  "-4.505594845558081292022634004427329925904e-21",
  "4.275811751715496782699949625200237744035e-22",
  "-3.890337400714779516398757498553924886565e-23",
  "3.397123007241790273807990989220922169121e-24",
  "-2.849827627802667991358650716314018860181e-25",
  "2.298869804314328686224891085736813812316e-26",
  "-1.784772455586323159956947357991425352371e-27",
  "1.334716596288315943339203737831413256397e-28",
  "-9.622332216718458306213774571527154861134e-30",
  "6.692490282252539194025437770876391333177e-31",
  "-4.493939272072443578597033112374510680337e-32",
  "2.915416579059433464774926762022024945805e-33",
  "-1.828508164478161495972214254991339104077e-34",
  "1.109411879476075127193403481556786811102e-35",
  "-6.515590353157457141080028312172568243078e-37",
  "3.706249172946296658550652284577858936137e-38",
  "-2.043055856659159163116432519154786779116e-39",
  "1.092009041714273840147031017132253043295e-40",
  "-5.66238531828353817532858202450645104721e-42",
  "2.849826180878699327226343207887374563639e-43",
  "-1.392816472554678979695087287690204379988e-44",
  "6.613470929148586063070598108612955260899e-46",
  "-3.052260235890866077586642443155168412792e-47",
  "1.369809522670344975796708744999465657457e-48",
  "-5.980383709885290396677328316498540081268e-50",
  "2.54100778832846088801822039008934627332e-51",
  "-1.051146291679911923705863814702240147395e-52",
  "4.235137541281135704105722893184454224155e-54",
  "-1.662683696598582263854266846371172093334e-55",
  "6.372324058476610655426193578133465059913e-57",
  "-2.239125526708152964238626734202292302432e-58",
  "-6.726040974568387808348657108171878714866e-60",
  "-1.731481289986550929317496792192777450449e-59",
  "1.87653605906249923652443553841548129114e-59",
  "3.823455125721256215380897432588221343386e-59",
  "2.45247321806509783326608628242716184462e-59",
  "7.675023942803691158252692037505952940239e-60",
  "-6.583817410636069651618396814932194334103e-61",
  "2.881944201840487664043860625552409228953e-59",
  "1.394793936309172498287618874104496063914e-59",
  "-1.372847877869668986436757040141498038783e-59",
  "-4.729375593478078586012317319341783265875e-59",
  "-7.242199284676409532524619610943184595322e-59",
  "-6.209515312602180742008646990994421001448e-59",
  "-2.665226874798422757463084804461966483771e-59",
  "-3.197418791929946789287540260281802794623e-60",
  "-9.107614251941545287328142740705727923079e-60",
  "-2.481352433784910803139740426765692038801e-59",
  "-3.419927439986082266526780897651702305574e-59",
  "-4.126316195972512360348154748793844326233e-59",
  "-5.432868688976107871530600941559611187571e-59",
  "-6.748108163444908671892727459889669185834e-59",
  "-8.317556148158664250354972985476878284115e-59",
  "-1.184233697846161035820842166636424680683e-58",
  "-1.377359012104198622636472146246441849981e-58",
  "-1.15399690621990262576384959407121997953e-58",
  "-9.206371514914405416949633687091159076018e-59",
  "-9.14053333959916533053521437586047140682e-59",
  "-8.757391736028532049873524217448552887467e-59",
  "-6.756947548093714053865033756305019679418e-59",
  "-9.943774318763454394070392569937645852426e-59",
  "-1.415215962910461672324763250204087259633e-58",
  "-1.410460983582138777194832966615204261302e-58",
  "-1.244509156959997735304413549950630643273e-58",
  "-1.179356795970958066456811106545262637297e-58",
  "-1.208923013589376068226249408347932562816e-58",
  "-1.248730725145720305660152936342042792432e-58",
  "-1.189354444815124153653074779732144838916e-58",
  "-9.853780238847599600024756914192921156452e-59",
  "-1.073070815728253352879459190683499719478e-58",
  "-1.410643867402458888545984131368622838161e-58",
  "-1.549391725751983366952667790962183148431e-58",
  "-1.441154984759197465629703451063955410784e-58",
  "-1.312069488249918870275506329276009911224e-58",
  "-1.331394211930410636380479404887239532646e-58",
  "-1.537077548517095869308489364231998973266e-58",
  "-1.667656596225655374030420998172862850507e-58",
  "-1.497696565874831891693938553995865422988e-58",
  "-1.268604100287172405818579506213528144431e-58",
  "-1.16999924049791236898957650999536266082e-58",
  "-1.165396664353189566652272218544023976384e-58",
  "-1.268299293919972220233439260668502400075e-58",
  "-1.439249944964196305726145614661247223767e-58",
  "-1.531286227540292343444058495130866789895e-58",
  "-1.48836949103850622530772585551091355096e-58",
  "-1.316336777390721530145039773518130206114e-58",
  "-1.169907798587750860984486013210274775596e-58",
  "-1.152899603297966257077727380473139406949e-58",
  "-1.257339123719470706732993131287003967292e-58",
  "-1.348890097408474151228501361485538308445e-58",
  "-1.313898326488954528130072442508784058397e-58",
  "-1.59001479425250898545611769344454183759e-58",
  "-1.837860473743099642967720994835885128252e-58",
  "-1.638578071716466926556127626330888941449e-58",
  "-1.424969797665784429165047692993167141552e-58",
  "-1.435790495265115871434993040317703735989e-58",
  "-1.176964907814743045286459503914708838308e-58",
  "-9.347157002893850099262133951581095503163e-59",
  "-1.033584706218432865562114848039770659403e-58",
  "-1.202523086437271115210275323489668070959e-58",
  "-1.127812131909165938276348102458209332396e-58",
  "-9.539553413878395036555875908723924277908e-59",
  "-1.016924776320291963296630445686088929746e-58",
  "-1.243939860574655206673125205026575351148e-58",
  "-9.899396049373589052583268505010273702424e-59"
 ],
 "modes": [
  1,
  3,
  5,
  7,
  9,
  11,
  13,
  15,
  17,
  19,
  21,
  23,
  25,
  27,
  29,
  31,
  33,
  35,
  37,
  39,
  41,
  43,
  45,
  47,
  49,
  51,
  53,
  55,
  57,
  59,
  61,
  63,
  65,
  67,
  69,
  71,
  73,
  75,
  77,
  79,
  81,
  83,
  85,
  87,
  89,
  91,
  93,
  95,
  97,
  99,
  101,
  103,
  105,
  107,
  109,
  111,
  113,
  115,
  117,
  119,
  121,
  123,
  125,
  127,
  129,
  131,
  133,
  135,
  137,
  139,
  141,
  143,
  145,
  147,
  149,
  151,
  153,
  155,
  157,
  159,
  161,
  163,
  165,
  167,
  169,
  171,
  173,
  175,
  177,
  179,
  181,
  183,
  185,
  187,
  189,
  191,
  193,
  195,
  197,
  199,
  201,
  203,
  205,
  207,
  209,
  211,
  213,
  215,
  217,
  219,
  221,
  223,
  225,
  227,
  229,
  231,
  233,
  235,
  237,
  239,
  241,
  243,
  245,
  247,
  249,
  251,
  253,
  255,
  257,
  259,
  261,
  263,
  265,
  267,
  269,
  271,
  273,
  275,
  277,
  279,
  281,
  283,
  285,
  287,
  289,
  291,
  293,
  295,
  297,
  299,
  301,
  303,
  305,
  307,
  309,
  311,
  313,
  315,
  317,
  319
 ],
 "parity": "odd",
 "pole_sign_mutation": 1,
 "pole_term_sign_used": -1,
 "NE": 160,
 "ncut": 321,
 "prec_bits": 192,
 "GL_nodes_per_unit_panel": 48,
 "rho": 2,
 "cover_boxes": 6,
 "beta_star": "[2.2570369777406411502 +/- 4.31e-20]",
 "sup_psi_minus_beta": "[8.60947854043485392418993305706090235181784189618561784127 +/- 2.06e-57]",
 "lambda0_certified": "[0.0141715765223 +/- 2.99e-14]",
 "certified_by": "eigenbasis-Gershgorin",
 "eigen_certificate": {
  "lambda_min_lower_bound": "[0.0141715765223 +/- 2.99e-14]",
  "gershgorin_min": "[0.0141715765223 +/- 2.99e-14]",
  "lambda_max_VtV_upper": "[1.0000000000000000000 +/- 1e-24]",
  "lambda_min_VtV_lower_(invertibility)": "[1.0000000000000000000 +/- 3e-25]",
  "max_offdiag_VtAV": "[4.00347158679709541086182756987240640970484336122216555344e-21 +/- 2.08e-79]",
  "approx_smallest_eigs_float": [
   0.01417157652227014,
   0.8980301460015314,
   1.3589267788713975
  ],
  "seconds": 19.45553207397461
 },
 "ldl_statuses": {},
 "ldl_at_0_positive": null,
 "eps_D": "[1.41109e-362 +/- 2.86e-368]",
 "eps_C": "[4.99266e-178 +/- 1.45e-184]",
 "eps_p": "[1.64971e-988 +/- 1.16e-995]",
 "norm_pN": "[0.103693422177 +/- 1.84e-13]",
 "max_entry_radius": "[1.06222617632774264101053379436236285843914162185797067650e-22 +/- 1.29e-79]",
 "max_quadrature_error_bound": "[5.31113084989199378083438460478132665058688582474072672570e-23 +/- 3.85e-80]",
 "verdict": "ACCEPT: margin = lambda0 - off^2/d_low = 1.417e-02 (lambda0=1.417e-02, off=4.993e-178, d_low=2.257e+00)",
 "cross_check_vs_acb_integral": {
  "1,1": {
   "new": "[-1.8572783421656884065 +/- 4.70e-20]",
   "old": "[-1.8572783421656884065 +/- 4.70e-20]",
   "overlap": true
  },
  "1,3": {
   "new": "[0.58932333421083914251 +/- 2.08e-21]",
   "old": "[0.58932333421083914251 +/- 2.11e-21]",
   "overlap": true
  },
  "21,41": {
   "new": "[0.034363865507611845605 +/- 4.57e-22]",
   "old": "[0.034363865507611845605 +/- 4.58e-22]",
   "overlap": true
  }
 },
 "runtime_s": 95.89938879013062
}
CERT DONE odd 0.4 160 160 visible ['[0.693'] 96 s
