box check n=20 closed |j|<= [0.0143800787187744497772468546401673788765810329225597352190 +/- 1.02e-59] series |j|<= [386571228564032228763144171223100.368031012525177691592116 +/- 2.81e-25]
box check n=60 closed |j|<= [46644.5530399495314903361631950689291658287941658138327470 +/- 6.75e-55] series |j|<= [2423424681624056805129071.40044888141784692191821611689722 +/- 4.98e-33]
box check n=100 closed |j|<= [25154089666798830903.7216428028321370477390524032248492488 +/- 4.46e-39] series |j|<= [3211213405.11299908751118640483319841395250566090976851188 +/- 4.64e-49]
selftest j_0(3.3) ok, rad [3.49680246641094894249290403206919640808524561867218715911e-59 +/- 1.85e-116]
selftest j_2(0.7) ok, rad [1.50009245712926715339323445790747962217579850774452890336e-58 +/- 8.51e-116]
selftest j_10(12.5) ok, rad [1.59148984980298285750355264162002868825640514505530938822e-57 +/- 4.00e-114]
selftest j_40(20.0) ok, rad [1.75526128184670777135594287728460851699442534565434560955e-65 +/- 4.55e-122]
selftest j_80(84.0) ok, rad [2.08398947601211076397981790085114210362253753577662290130e-44 +/- 1.17e-101]
selftest j_158(50.0) ok, rad [2.12449338736795441373258328585267778559085497090325588175e-116 +/- 2.34e-173]
selftest j_158(84.0) ok, rad [2.34030063586447036790976069874543096895854126694254679515e-77 +/- 2.16e-134]
selftest j_60(84.0) ok, rad [4.59732409621720161699339611075143401114071618507050077802e-51 +/- 3.55e-108]
selftest j_100(84.0) ok, rad [1.46107479779998029316080250471503849861302977455627503747e-46 +/- 3.72e-103]
selftest j_84(84.0) ok, rad [6.71467052258164588651875176843968800256439535786162147453e-43 +/- 4.04e-100]
nodal pass panel 0 t=0s
nodal pass panel 10 t=3s
nodal pass panel 20 t=7s
nodal pass panel 30 t=10s
nodal pass panel 40 t=14s
nodal pass panel 50 t=17s
nodal pass panel 60 t=21s
nodal pass panel 70 t=26s
nodal pass panel 80 t=31s
nodal pass panel 90 t=35s
nodal pass panel 100 t=39s
nodal pass panel 110 t=44s
nodal pass panel 120 t=49s
nodal pass panel 130 t=54s
nodal pass panel 140 t=59s
nodal pass panel 150 t=65s
ellipse pass done t=70s; max MP [24191.7424831319142734421528673254938623248137095548819970 +/- 3.58e-53], MF[158] [15.4898103797561826491863954619044678897169903601651227740 +/- 6.54e-56]
matrix assembled t=97s; max quadrature error [1.16617586986680142062935881161816173933858800546177634494e-22 +/- 3.73e-79]; M00=[-3.15593778545037 +/- 2.79e-15]
xcheck 0 0 {'new': '[-3.1559377854503672123 +/- 1.33e-20]', 'old': '[-3.155937785450367212 +/- 6.73e-19]', 'overlap': True}
xcheck 0 2 {'new': '[0.074621274374593721383 +/- 2.59e-22]', 'old': '[0.07462127437459372 +/- 2.19e-18]', 'overlap': True}
xcheck 20 40 {'new': '[0.21807029789769193253 +/- 3.42e-21]', 'old': '[0.21807029789769193 +/- 3.70e-18]', 'overlap': True}
eigen-Gershgorin certificate: {'lambda_min_lower_bound': '[2.67167228677e-13 +/- 2.83e-25]', 'gershgorin_min': '[2.67167228677e-13 +/- 2.83e-25]', 'lambda_max_VtV_upper': '[1.0000000000000000000 +/- 1e-24]', 'lambda_min_VtV_lower_(invertibility)': '[1.0000000000000000000 +/- 3e-25]', 'max_offdiag_VtAV': '[7.33852532419038239511078933323157558935532350765037372829e-21 +/- 1.73e-78]', 'approx_smallest_eigs_float': [2.6716724533549817e-13, 5.4314968190366324e-08, 0.0012648282611706582], 'seconds': 23.68863272666931}
{
 "run": 30,
 "L": "0.7",
 "T": 160,
 "visible_shifts": [
  "[0.6931471806 +/- 4.01e-11]",
  "[1.098612289 +/- 3.32e-10]",
  "[1.386294361 +/- 1.20e-10]"
 ],
 "B_visible": "[2.94197352522362 +/- 4.56e-16]",
 "max_quadrature_error_bound_q": "[1.16617586986680142062935881161816173933858800546177634494e-22 +/- 3.73e-79]",
 "minimizer_frozen_40dig": [
  "-0.6997278179591662945517236837844267530598",
  "0.6113928194818938031740435192174938242067",
  "-0.3431743903633264041256220067350141285258",
  "0.1330791490615276482276477518245100733874",
  "-0.03297764807799125530423384792535426736308",
  "0.00358760288753657075249002606379804945762",
  "0.0007097056952517072016082580089607042410761",
  "-0.0004088785205636661443638780943780383849717",
  "0.000105473036293507737946451478195638993548",
  "-0.0000262525281811955273129411727075328142306",
  "0.000009074138799370029010432196441806875137631",
  "-0.000003809119739500597908614487105788688485822",
  "0.000001438043688808146578276497839962391143353",
  "-0.0000003425785132150744499560826381707734612316",
  "0.000000001117835015331910262583725387169071130856",
  "0.0000001961934760158308762913877292616550832522",
  "-0.00000006461352353822574015096583836378675264829",
  "0.00000006017467421538298980706384796092812382349",
  "-0.00000001220905214293374171322493694561786256933",
  "-0.00000002238566014715705266621319592947725990194",
  "-0.00000004721078843418870862251182737349001467627",
  "-0.0000000008477821869437776276260659190066396940828",
  "-0.00000003056609068177659986060270974519174614588",
  "0.00000002352203111605464458049360273049621851066",
  "0.00000004124848712149527253873372199916891780377",
  "-0.000000004468420748238157594691344870811089487138",
  "0.0000000102023302123263718509419038977890209",
  "-0.00000001908278293658638094591699076231568593883",
  "-0.00000002151371439051854714596435630751391807054",
  "-0.00000001101548154782122877011104010424481868066",
  "0.00000004005789985053868265322213134174441575",
  "-0.000000004574538329307962509074074214931221977265",
  "0.000000004158681659303248567694533690965899550224",
  "-0.00000001791439654197426329110800608043735179411",
  "-0.000000005371200585987593531829095516332396435847",
  "0.000000002850316832490117177631054102913267908073",
  "0.0000000285281821253736600645534900022046150381",
  "-0.00000002002403663411808178533962837739774216729",
  "-0.00000001063388784583586818171925475183581523292",
  "0.000000006330440179669126061487704084055288814815",
  "0.00000001448918599706814579061401888556975864495",
  "-0.0000000108573218829141449692062157391477664702",
  "-0.000000003869882478159200954142620355831457223501",
  "0.000000001398358039023399545809172383919665648844",
  "0.000000009683465719786123929428998938384188283487",
  "-0.000000007355719565828973145188188960992519961189",
  "-0.000000005919917184308259308067252856557324286587",
  "0.0000000115129114702258676942044353089880729594",
  "-0.000000002879914431154523739918932144049848043584",
  "-0.000000009077126045989784631267020205742183440253",
  "0.00000001190780589765469587433461445165603613173",
  "-0.000000003816315603949932696515049568538425732023",
  "-0.000000008255018309024626888873467319661236563726",
  "0.0000000168970707608441761110009972926261971486",
  "-0.00000001925461917616405442365879317555119624503",
  "0.00000001667737802925648201958775964686707166196",
  "-0.00000001201214740524410665158911872614532975618",
  "0.000000007503695435857373278648342110798889177056",
  "-0.000000004165787866007757483558981830693906947165",
  "0.00000000208862707819436422468128241499489111812",
  "-0.0000000009566129465084896059934107421049384670597",
  "0.0000000004037083511556522566103299370109533373638",
  "-0.0000000001580498813652206231624684607142942284973",
  "0.00000000005771579794403316601250441701038205188408",
  "-0.00000000001974888988152089700181559778796316238133",
  "0.00000000000635634029491794263916182269844769574568",
  "-0.00000000000193073362816926244285125727310237433979",
  "5.550567989323820820413345970741099546114e-13",
  "-1.514092365784230478095347116280620981712e-13",
  "3.927763154814736118313828930752555678272e-14",
  "-9.709415981198258584530014000711227830052e-15",
  "2.291330350009707433033861534091038196536e-15",
  "-5.170692948047772070248958918929063438439e-16",
  "1.11746500015730258171389636066373293037e-16",
  "-2.316046840257732647924138357065371032664e-17",
  "4.609420384868612551248055919079037076196e-18",
  "-8.81956501948934544261295374325120550998e-19",
  "1.624164118633735346036334465784179608201e-19",
  "-2.881657429321921843813773658652005292972e-20",
  "4.930642138065914016821107728372275014675e-21",
  "-8.143412928310265851915001514024448128676e-22",
  "1.299334926317130917388888294743591696653e-22",
  "-2.004454414963358510015983720051674809352e-23",
  "2.991997502999096343727015812581938712415e-24",
  "-4.324424341205614414731245050976097248441e-25",
  "6.056106032416960062251779278010988020765e-26",
  "-8.223147775633988963032495524555884165363e-27",
  "1.083253304942743015272471998100766015039e-27",
  "-1.385238716413604907712309593455155921922e-28",
  "1.720543721222149718542501285740235796139e-29",
  "-2.076760496139139594300554706842613759754e-30",
  "2.437305054296345272709833471579089558689e-31",
  "-2.782595216948058730619484620573776823548e-32",
  "3.091805006623121071675184431041403478547e-33",
  "-3.344977752026626193282404957031005037521e-34",
  "3.525194065863106341010125413796212572316e-35",
  "-3.620461745679651308838744393267419640777e-36",
  "3.625031868005412260817480865123088219334e-37",
  "-3.539941940146608643247799669410056797589e-38",
  "3.372721490559917386010203745446781863725e-39",
  "-3.136337893996618333906061254407494068513e-40",
  "2.847580066165386071491376729538323670441e-41",
  "-2.525151757217600781954054679527419260791e-42",
  "2.18776380396571506684985517284580552514e-43",
  "-1.852478883255591713565254389939244107015e-44",
  "1.533487322842691448994055853011859996633e-45",
  "-1.241398895799095988171458337187305696089e-46",
  "9.830441968794468732470048411755705617357e-48",
  "-7.61706995984912038019085927111026799199e-49",
  "5.776625048248463340837852878853390692985e-50",
  "-4.289050424226839157931834811615125359041e-51",
  "3.117196197615348548420850422240136542298e-52",
  "-2.232513020511743077955272538703013751208e-53",
  "1.432834207531542333655365138348552799538e-54",
  "-2.248772655337701469717162397634319336603e-55",
  "-5.726048686116038925894843139369305393089e-56",
  "-7.444818271512903917042932242090003013901e-56",
  "-7.272295836287314668049434625240937440569e-56",
  "-6.85842012597968616610121066483956083986e-56",
  "-7.705508237453675489789917072385618730035e-56",
  "-8.706672317218644862908240370849157099912e-56",
  "-9.168957195569099024629453738879233041357e-56",
  "-9.076079514666529473775861545386581980816e-56",
  "-7.966804319444261824639590684508315235558e-56",
  "-8.633772181759365130445129628183649017526e-56",
  "-8.613881222887313040692516698189607020028e-56",
  "-1.002126312884686883243821677667014406245e-55",
  "-1.06631056252501297308387777653979658381e-55",
  "-8.982993782653201740524985169509820170085e-56",
  "-7.836377841600955861890693199734994463101e-56",
  "-6.852273405295800165967479835776508285115e-56",
  "-6.87169233330542228271278598405196904716e-56",
  "-6.383319798194567188043820504044953632541e-56",
  "-6.126777268298730496187166027425161312642e-56",
  "-6.589163647994659481369729060630770531793e-56",
  "-7.34537092490923979573490128785008245916e-56",
  "-7.77930640091329585630105729230184617642e-56",
  "-7.971367485966332282200704719463522004541e-56",
  "-7.889344194469070312016500056550400207473e-56",
  "-7.274956435578925310005232926258988291956e-56",
  "-6.523511291955491170410945537261255936688e-56",
  "-6.058410240293319753379693450846958412391e-56",
  "-6.737306675753490829255366366536300914688e-56",
  "-6.609893367053701171968743706722994146907e-56",
  "-5.751763486328830680565252709850493808359e-56",
  "-5.144576376415352778329525897055454588251e-58",
  "-4.432032809420465636372220979342761560025e-57",
  "-4.978758751922888182821098297719945572127e-57",
  "-1.115550351507679808692665262902418067145e-56",
  "-1.49342303801126793251459709696054288933e-56",
  "-2.280216530791694065744566202168237425311e-56",
  "-2.835442414851301353812820665947453412858e-56",
  "-3.545143278703469401029937376764419755819e-56",
  "-3.745945514093903800563365007171677337934e-56",
  "-3.843026654275419470523412752686157823957e-56",
  "-4.239994645631153596407589581743844489043e-56",
  "-3.998655996303976038329030495004112290899e-56",
  "-2.827290516051532186090671356276981751336e-56",
  "-2.941590017291321818159201604309013964323e-56",
  "-3.050594542513644422716861763492596026068e-56"
 ],
 "modes": [
  0,
  2,
  4,
  6,
  8,
  10,
  12,
  14,
  16,
  18,
  20,
  22,
  24,
  26,
  28,
  30,
  32,
  34,
  36,
  38,
  40,
  42,
  44,
  46,
  48,
  50,
  52,
  54,
  56,
  58,
  60,
  62,
  64,
  66,
  68,
  70,
  72,
  74,
  76,
  78,
  80,
  82,
  84,
  86,
  88,
  90,
  92,
  94,
  96,
  98,
  100,
  102,
  104,
  106,
  108,
  110,
  112,
  114,
  116,
  118,
  120,
  122,
  124,
  126,
  128,
  130,
  132,
  134,
  136,
  138,
  140,
  142,
  144,
  146,
  148,
  150,
  152,
  154,
  156,
  158,
  160,
  162,
  164,
  166,
  168,
  170,
  172,
  174,
  176,
  178,
  180,
  182,
  184,
  186,
  188,
  190,
  192,
  194,
  196,
  198,
  200,
  202,
  204,
  206,
  208,
  210,
  212,
  214,
  216,
  218,
  220,
  222,
  224,
  226,
  228,
  230,
  232,
  234,
  236,
  238,
  240,
  242,
  244,
  246,
  248,
  250,
  252,
  254,
  256,
  258,
  260,
  262,
  264,
  266,
  268,
  270,
  272,
  274,
  276,
  278,
  280,
  282,
  284,
  286,
  288,
  290,
  292,
  294,
  296,
  298,
  300,
  302,
  304,
  306,
  308,
  310,
  312,
  314,
  316,
  318
 ],
 "parity": "even",
 "pole_sign_mutation": 1,
 "pole_term_sign_used": 1,
 "NE": 160,
 "ncut": 320,
 "prec_bits": 192,
 "GL_nodes_per_unit_panel": 48,
 "rho": 2,
 "cover_boxes": 6,
 "beta_star": "[0.29532159598556788645 +/- 3.07e-21]",
 "sup_psi_minus_beta": "[8.60947854043485392418993305706090235181784189618561784127 +/- 4.61e-57]",
 "lambda0_certified": "[2.67167228677e-13 +/- 2.83e-25]",
 "certified_by": "eigenbasis-Gershgorin",
 "eigen_certificate": {
  "lambda_min_lower_bound": "[2.67167228677e-13 +/- 2.83e-25]",
  "gershgorin_min": "[2.67167228677e-13 +/- 2.83e-25]",
  "lambda_max_VtV_upper": "[1.0000000000000000000 +/- 1e-24]",
  "lambda_min_VtV_lower_(invertibility)": "[1.0000000000000000000 +/- 3e-25]",
  "max_offdiag_VtAV": "[7.33852532419038239511078933323157558935532350765037372829e-21 +/- 1.73e-78]",
  "approx_smallest_eigs_float": [
   2.6716724533549817e-13,
   5.4314968190366324e-08,
   0.0012648282611706582
  ],
  "seconds": 23.68863272666931
 },
 "ldl_statuses": {},
 "ldl_at_0_positive": null,
 "eps_D": "[4.70260e-199 +/- 1.27e-205]",
 "eps_C": "[3.72376e-96 +/- 3.87e-102]",
 "eps_p": "[4.14605e-907 +/- 1.10e-913]",
 "norm_pN": "[1.20771838681 +/- 2.43e-13]",
 "max_entry_radius": "[2.33235175328887057306413509938789927443403282580902668997e-22 +/- 2.86e-79]",
 "max_quadrature_error_bound": "[1.16617586986680142062935881161816173933858800546177634494e-22 +/- 3.73e-79]",
 "verdict": "ACCEPT: margin = lambda0 - off^2/d_low = 2.672e-13 (lambda0=2.672e-13, off=3.724e-96, d_low=2.953e-01)",
 "cross_check_vs_acb_integral": {
  "0,0": {
   "new": "[-3.1559377854503672123 +/- 1.33e-20]",
   "old": "[-3.155937785450367212 +/- 6.73e-19]",
   "overlap": true
  },
  "0,2": {
   "new": "[0.074621274374593721383 +/- 2.59e-22]",
   "old": "[0.07462127437459372 +/- 2.19e-18]",
   "overlap": true
  },
  "20,40": {
   "new": "[0.21807029789769193253 +/- 3.42e-21]",
   "old": "[0.21807029789769193 +/- 3.70e-18]",
   "overlap": true
  }
 },
 "runtime_s": 129.47619605064392
}
CERT DONE even 0.7 160 160 visible ['[0.693', '[1.098', '[1.386'] 129 s
