box check n=20 closed |j|<= [0.0143800787187744497772468546401673788765810329225597352190 +/- 1.02e-59] series |j|<= [386571228564032228763144171223100.368031012525177691592116 +/- 2.81e-25]
box check n=60 closed |j|<= [46644.5530399495314903361631950689291658287941658138327470 +/- 6.75e-55] series |j|<= [2423424681624056805129071.40044888141784692191821611689722 +/- 4.98e-33]
box check n=100 closed |j|<= [25154089666798830903.7216428028321370477390524032248492488 +/- 4.46e-39] series |j|<= [3211213405.11299908751118640483319841395250566090976851188 +/- 4.64e-49]
selftest j_0(3.3) ok, rad [3.49680246641094894249290403206919640808524561867218715911e-59 +/- 1.85e-116]
selftest j_2(0.7) ok, rad [1.50009245712926715339323445790747962217579850774452890336e-58 +/- 8.51e-116]
selftest j_10(12.5) ok, rad [1.59148984980298285750355264162002868825640514505530938822e-57 +/- 4.00e-114]
selftest j_40(20.0) ok, rad [1.75526128184670777135594287728460851699442534565434560955e-65 +/- 4.55e-122]
selftest j_80(84.0) ok, rad [2.08398947601211076397981790085114210362253753577662290130e-44 +/- 1.17e-101]
selftest j_158(50.0) ok, rad [2.12449338736795441373258328585267778559085497090325588175e-116 +/- 2.34e-173]
selftest j_158(84.0) ok, rad [2.34030063586447036790976069874543096895854126694254679515e-77 +/- 2.16e-134]
selftest j_60(84.0) ok, rad [4.59732409621720161699339611075143401114071618507050077802e-51 +/- 3.55e-108]
selftest j_100(84.0) ok, rad [1.46107479779998029316080250471503849861302977455627503747e-46 +/- 3.72e-103]
selftest j_84(84.0) ok, rad [6.71467052258164588651875176843968800256439535786162147453e-43 +/- 4.04e-100]
nodal pass panel 0 t=0s
nodal pass panel 10 t=1s
nodal pass panel 20 t=3s
nodal pass panel 30 t=5s
nodal pass panel 40 t=7s
nodal pass panel 50 t=10s
nodal pass panel 60 t=12s
nodal pass panel 70 t=15s
nodal pass panel 80 t=18s
nodal pass panel 90 t=22s
nodal pass panel 100 t=25s
nodal pass panel 110 t=29s
nodal pass panel 120 t=32s
nodal pass panel 130 t=37s
nodal pass panel 140 t=41s
nodal pass panel 150 t=45s
ellipse pass done t=49s; max MP [24190.6957076080184708694016423703190906839981071893727874 +/- 2.58e-54], MF[158] [12.1453489566988420729295017484587201587095497833919872505 +/- 2.32e-56]
matrix assembled t=77s; max quadrature error [7.13358227539045971333390396667613884449319301066953747963e-23 +/- 2.66e-80]; M00=[-4.21892668332670 +/- 2.33e-15]
xcheck 0 0 {'new': '[-4.2189266833267023231 +/- 3.08e-20]', 'old': '[-4.2189266833267023231 +/- 3.09e-20]', 'overlap': True}
xcheck 0 2 {'new': '[0.17863138615734202027 +/- 3.85e-21]', 'old': '[0.17863138615734202027 +/- 3.88e-21]', 'overlap': True}
xcheck 20 40 {'new': '[-0.10682946609484257932 +/- 3.34e-21]', 'old': '[-0.10682946609484257932 +/- 3.35e-21]', 'overlap': True}
eigen-Gershgorin certificate: {'lambda_min_lower_bound': '[8.76931872435e-7 +/- 2.50e-19]', 'gershgorin_min': '[8.76931872435e-7 +/- 2.50e-19]', 'lambda_max_VtV_upper': '[1.0000000000000000000 +/- 1e-24]', 'lambda_min_VtV_lower_(invertibility)': '[1.0000000000000000000 +/- 3e-25]', 'max_offdiag_VtAV': '[5.72346932718979190399210572672852002934979250191038651312e-21 +/- 1.91e-78]', 'approx_smallest_eigs_float': [8.769318724347592e-07, 0.01711200329586284, 0.8270591525907404], 'seconds': 21.246834993362427}
{
 "run": 30,
 "L": "0.5",
 "T": 160,
 "visible_shifts": [
  "[0.6931471806 +/- 4.01e-11]"
 ],
 "B_visible": "[0.980258143468547 +/- 1.92e-16]",
 "max_quadrature_error_bound_q": "[7.13358227539045971333390396667613884449319301066953747963e-23 +/- 2.66e-80]",
 "minimizer_frozen_40dig": [
  "0.7936506581597639343722426024569376456037",
  "-0.5721815375449316030634777234621069386226",
  "0.2035473552583502851802631860736469680949",
  "-0.03595252430145324533815161957992250474357",
  "0.00100622811108715978196099375517379189968",
  "0.001215496363353780092491955807891674261397",
  "-0.0005212495430389448813793066760270402995043",
  "0.0001964944913233598024816323370614678207648",
  "-0.0000300771109054137478788447486594974330564",
  "-0.00001889666707075764553516789735020051902479",
  "0.00005258985176052461692570411086030134666809",
  "-0.0000542142914967104524628522458169135764833",
  "0.00003172817495836473898037539730699338256022",
  "-0.00001955509429569740682243963787676348883595",
  "-0.00001184110865380858160574842930567814246364",
  "0.00002155379515708857325446851958094353371678",
  "-0.00002019130065642833468596467008492755569891",
  "0.00001844997294647419572683280285779764261253",
  "0.000001078314495414451400381576082537985127988",
  "-0.00001238839527946399107043608166079579633029",
  "0.00001240610741061035387352884983718551848412",
  "-0.0000136015107787586974754640042924049171085",
  "0.000004805333559072428881512263181143263375202",
  "0.000008600533241927567469163802406785818033546",
  "-0.00001109777703941776908812954464982196276737",
  "0.000007601270286507857318841660865494025574019",
  "-0.000004574680774255262845726898498458599462847",
  "-0.000001663929392567336281431070191702263634519",
  "0.000009204918911222839938637391710695030293734",
  "-0.00001004877588729319587150275190966703295656",
  "0.00000333129968946183882626794312693399629716",
  "0.000004085395307596641228106194295215710619812",
  "-0.000006874035273063012804925864900925015628488",
  "0.000005187242993782048489362566029122454854909",
  "-0.000001813171051471986241252848260642633749096",
  "-0.000001041323369830456944807468010134093893686",
  "0.000002571993062038459960633643121536307125874",
  "-0.000002889182795112849109857971407345181986211",
  "0.0000024535252713195004182895357645192652484",
  "-0.000001737992264293614594078757103205291848045",
  "0.000001065592800930666229728531469701519439549",
  "-0.0000005764465474021074236734333278534310110425",
  "0.0000002786107227050702863478800414313641303134",
  "-0.0000001214557425060756148967410410361695797742",
  "0.0000000481251708213050524440138921500523504347",
  "-0.00000001744628342889289417639773176487340252403",
  "0.000000005819264712452418310870006344605781662493",
  "-0.000000001794808733134774169888015011664464242115",
  "0.0000000005141016927381708235275437800619124954418",
  "-0.0000000001372912818076562950365033745894676573495",
  "0.00000000003430054910158845502192852091364806317289",
  "-0.000000000008042107916953831658035109246296393062736",
  "0.00000000000177444807216966771552613406953430620384",
  "-3.693862372759084824166182664465679341362e-13",
  "7.271473354862245503485133251283317544136e-14",
  "-1.356445399585089699940944254621508634285e-14",
  "2.402474186140716799254985292967946210017e-15",
  "-4.047282569907224125093640963613736387108e-16",
  "6.495758834389593346710898866329922346221e-17",
  "-9.947614777741998208847049576001444575919e-18",
  "1.455611532927214478119487592634342492221e-18",
  "-2.037899546282413121033286426743149910252e-19",
  "2.733171439905581010751718406173743417118e-20",
  "-3.515606854859450072504968417138574247731e-21",
  "4.341654208842266605770129165769014823743e-22",
  "-5.153191796362697824103382975177250638596e-23",
  "5.884141729876048775209626928702441810424e-24",
  "-6.469525241984532476132941135839695126744e-25",
  "6.855197265507985463327743641452769230728e-26",
  "-7.006196770565262727688986644580277847564e-27",
  "6.911915441986438712204476041301087210859e-28",
  "-6.587047275128350586897029946014837424527e-29",
  "6.068297980336406648082508734264793801211e-30",
  "-5.407795538644933955077995778870120500999e-31",
  "4.664782299437055056139440181272047540056e-32",
  "-3.897343380835643546297188956810544298613e-33",
  "3.1556533594686720042690635497871889914e-34",
  "-2.477649505813318011194546855632447337822e-35",
  "1.887370637946921922075375900545022541712e-36",
  "-1.395625264346056880531763354280631781681e-37",
  "1.002290589384160370941818059159305870384e-38",
  "-6.994270763881976808660870753101111912943e-40",
  "4.744804015654947625582278211203674368162e-41",
  "-3.130523962177022421446039646971031583357e-42",
  "2.009683876567536004076980277478219569851e-43",
  "-1.255836282205460045910968458679348406274e-44",
  "7.642041044805878922359376806882916037705e-46",
  "-4.530305495511092157278262352625532628022e-47",
  "2.617294764268249232518978083073791146239e-48",
  "-1.474160722947700065236105024297360874907e-49",
  "8.097654807372889154548795747268528444746e-51",
  "-4.339573133313027200565518795182627005935e-52",
  "2.269577660152777015222181509020153627686e-53",
  "-1.158334950647694499322585854250600872549e-54",
  "5.899356821220095185641396949032744771599e-56",
  "-1.7952270034655731039191696020941179768e-57",
  "1.644253745765808385613397763796872295541e-57",
  "1.806181954816888022279613229555170171346e-57",
  "1.83894276097994757877404338624912462548e-57",
  "1.900253849141163581741050130308330255865e-57",
  "1.537213323254796376196089333283969241212e-57",
  "1.519861728424562145261803971010413303723e-57",
  "1.701718043287123488601795700753699897442e-57",
  "2.528417411307139010558680659507520706755e-57",
  "2.745415014059583398298870533457774779716e-57",
  "2.347000387217838217193378330017064044634e-57",
  "1.877424603213422909540451926028795918461e-57",
  "1.805384913244538604141214891143999294774e-57",
  "2.032046376805166912380882353263268418219e-57",
  "2.587965463001770680345883821567115485302e-57",
  "3.218065662878221525293025776126796815074e-57",
  "3.25781927228178131890574223020132247906e-57",
  "2.46955571344544927862050027983288104689e-57",
  "2.221150562973481728449756954760369970355e-57",
  "2.719498296325289306997418444061591749891e-57",
  "3.949444222623271871945370567038081901024e-57",
  "3.396407822191428997206273520825540851943e-57",
  "3.253206975058163884287333380133426659926e-57",
  "3.658649864334248851232676171095433234511e-57",
  "3.783621155774168865421137735590163026367e-57",
  "3.881357930274633551385751788666010555763e-57",
  "3.565525387057401599886616938501811639051e-57",
  "3.064542055292098344414067151836625465172e-57",
  "3.28615195522685984584843924072096253206e-57",
  "4.373775567196075856852414051578482011994e-57",
  "4.84774401522304842384485703256202947518e-57",
  "3.876525999849891477023456262446530456548e-57",
  "3.568160985470897276811505407348800781704e-57",
  "3.416998434796863973181964683687111003502e-57",
  "3.047191032403251804658551398593899712878e-57",
  "2.523585480922110655580708883528546569964e-57",
  "3.095565244950953708217411870901842681348e-57",
  "4.217835994397581638795632517047573386072e-57",
  "4.565295718576761713402174228285317058237e-57",
  "4.390467690481548476437102551974201745698e-57",
  "4.4159451418120066945614945426164817464e-57",
  "5.21760632591694188476613208843840045087e-57",
  "5.761418131901551032705905907470047551306e-57",
  "5.42296336896847989156845156872566526544e-57",
  "4.181816149413124387272739180548503324286e-57",
  "3.073766649739881536306529970203338268565e-57",
  "3.004142924982247611935049339431246032776e-57",
  "3.459662183961063030916723359432253028445e-57",
  "2.443199729403525495430615853321095050874e-57",
  "1.101899769269455681243559196625343872526e-57",
  "1.520301024456684646950423972433439198644e-57",
  "2.485588935521978010816120415397013826405e-57",
  "2.168767931766458900912566780623381098921e-57",
  "2.244651008748685225051713905396769460798e-57",
  "2.92067825632290191544681114044144698442e-57",
  "2.472644766418945592257246749157000011847e-57",
  "1.416077758271954290636413692701966917539e-57",
  "1.623367778100836183958067087568760762265e-57",
  "1.771146489139282465029794140069048118402e-57",
  "1.334018043280093749375088487689633343932e-57",
  "6.454027636307136281242390979766561642354e-58",
  "8.681150953971198157716704270052876818446e-58",
  "1.101456798116939388656146409937299067718e-57",
  "1.106194972510713563918096219466774580225e-57",
  "1.07378659653799542817530297824289465032e-57"
 ],
 "modes": [
  0,
  2,
  4,
  6,
  8,
  10,
  12,
  14,
  16,
  18,
  20,
  22,
  24,
  26,
  28,
  30,
  32,
  34,
  36,
  38,
  40,
  42,
  44,
  46,
  48,
  50,
  52,
  54,
  56,
  58,
  60,
  62,
  64,
  66,
  68,
  70,
  72,
  74,
  76,
  78,
  80,
  82,
  84,
  86,
  88,
  90,
  92,
  94,
  96,
  98,
  100,
  102,
  104,
  106,
  108,
  110,
  112,
  114,
  116,
  118,
  120,
  122,
  124,
  126,
  128,
  130,
  132,
  134,
  136,
  138,
  140,
  142,
  144,
  146,
  148,
  150,
  152,
  154,
  156,
  158,
  160,
  162,
  164,
  166,
  168,
  170,
  172,
  174,
  176,
  178,
  180,
  182,
  184,
  186,
  188,
  190,
  192,
  194,
  196,
  198,
  200,
  202,
  204,
  206,
  208,
  210,
  212,
  214,
  216,
  218,
  220,
  222,
  224,
  226,
  228,
  230,
  232,
  234,
  236,
  238,
  240,
  242,
  244,
  246,
  248,
  250,
  252,
  254,
  256,
  258,
  260,
  262,
  264,
  266,
  268,
  270,
  272,
  274,
  276,
  278,
  280,
  282,
  284,
  286,
  288,
  290,
  292,
  294,
  296,
  298,
  300,
  302,
  304,
  306,
  308,
  310,
  312,
  314,
  316,
  318
 ],
 "parity": "even",
 "pole_sign_mutation": 1,
 "pole_term_sign_used": 1,
 "NE": 160,
 "ncut": 320,
 "prec_bits": 192,
 "GL_nodes_per_unit_panel": 48,
 "rho": 2,
 "cover_boxes": 6,
 "beta_star": "[2.2570369777406411502 +/- 4.31e-20]",
 "sup_psi_minus_beta": "[8.60947854043485392418993305706090235181784189618561784127 +/- 2.06e-57]",
 "lambda0_certified": "[8.76931872435e-7 +/- 2.50e-19]",
 "certified_by": "eigenbasis-Gershgorin",
 "eigen_certificate": {
  "lambda_min_lower_bound": "[8.76931872435e-7 +/- 2.50e-19]",
  "gershgorin_min": "[8.76931872435e-7 +/- 2.50e-19]",
  "lambda_max_VtV_upper": "[1.0000000000000000000 +/- 1e-24]",
  "lambda_min_VtV_lower_(invertibility)": "[1.0000000000000000000 +/- 3e-25]",
  "max_offdiag_VtAV": "[5.72346932718979190399210572672852002934979250191038651312e-21 +/- 1.91e-78]",
  "approx_smallest_eigs_float": [
   8.769318724347592e-07,
   0.01711200329586284,
   0.8270591525907404
  ],
  "seconds": 21.246834993362427
 },
 "ldl_statuses": {},
 "ldl_at_0_positive": null,
 "eps_D": "[6.93876e-297 +/- 4.38e-303]",
 "eps_C": "[3.88013e-145 +/- 7.49e-152]",
 "eps_p": "[6.07546e-954 +/- 2.99e-960]",
 "norm_pN": "[1.01049260536 +/- 3.22e-12]",
 "max_entry_radius": "[1.42671646246558898458769711690743964803418375453247790574e-22 +/- 9.62e-80]",
 "max_quadrature_error_bound": "[7.13358227539045971333390396667613884449319301066953747963e-23 +/- 2.66e-80]",
 "verdict": "ACCEPT: margin = lambda0 - off^2/d_low = 8.769e-07 (lambda0=8.769e-07, off=3.880e-145, d_low=2.257e+00)",
 "cross_check_vs_acb_integral": {
  "0,0": {
   "new": "[-4.2189266833267023231 +/- 3.08e-20]",
   "old": "[-4.2189266833267023231 +/- 3.09e-20]",
   "overlap": true
  },
  "0,2": {
   "new": "[0.17863138615734202027 +/- 3.85e-21]",
   "old": "[0.17863138615734202027 +/- 3.88e-21]",
   "overlap": true
  },
  "20,40": {
   "new": "[-0.10682946609484257932 +/- 3.34e-21]",
   "old": "[-0.10682946609484257932 +/- 3.35e-21]",
   "overlap": true
  }
 },
 "runtime_s": 106.25270986557007
}
CERT DONE even 0.5 160 160 visible ['[0.693'] 106 s
