controls {'planted_diag': {'q_exact': '[2.2352564102564102564 +/- 1.03e-20]', 'delta': '1.000000000', 'per_m': [(2, '[1.77195340501792114', '[1.3557372 +/- 2.43e-8]', True), (4, '[2.19024534649955016', '[0.11597262 +/- 7.57e-10]', True), (6, '[2.23525641025641025', '[1.0900000e-120 +/- 2e-132]', True)]}, 'planted_rotated_invertible': {'delta': '[9.630305340e-6 +/- 1.39e-16]', 'per_m': [(2, '[1.25571925531613878', '[143494.24 +/- 3.80e-3]', True), (4, '[1.51377865007296909', '[22.977819 +/- 5.00e-8]', True), (6, '[2.23525641025641025', '[1.4097019e-108 +/- 4.73e-117]', True)], 'note': 'q invariant under any invertible change of coordinates of the complement'}, 'indefinite': 'INDEFINITE/NEGATIVE: 1 certified negative directions', 'singular': 'REFUSED: sign of lambda_min unresolved', 'ambiguous': 'REFUSED: sign of lambda_min unresolved'}
H comparison {'entries_overlapping': 6400, 'of': 6400, 'max_mid_diff': '[9.482000000000000000000000000000000000000000000000000000000000000000000000000e-22 +/- 7.45e-99]', 'my_max_rad': '[1.16513602386500010540052797145105082689264808237794568413e-22 +/- 6.28e-80]', 'd10_max_rad': '[1.250000003241622334568600739023089213799091600105850563551257437211461365223e-25 +/- 6.92e-102]', 'p_overlap_all': True, 'beta_mine': '[0.007638257595395961586796824', 'beta_d10': '[0.007638257595395961586796824'}
D10-input arch_only m=2 NEGATIVE WITNESS sigma in [ [-15.400246235370765562 +/- 2.00e-19] , [-1.0112789862912702349 +/- 2.88e-20] ] width [14.388967 +/- 2.50e-7] |r| [0.331521701221 +/- 4.28e-13]
D10-input weight_reverse m=2 NEGATIVE WITNESS sigma in [ [-5.8591860697513026891 +/- 2.01e-20] , [-0.10422108603133061938 +/- 3.40e-21] ] width [5.7549650 +/- 1.63e-8] |r| [0.209661350401 +/- 8.50e-14]
pole sign flipped (my H) m=2 UNVERIFIED sigma in [ [-3446.9651223098820961 +/- 1.88e-18] , [0.24758467718073486895 +/- 1.81e-21] ] width [3447.2127 +/- 6.99e-6] |r| [0.0769762964220 +/- 2.55e-15]
pole sign flipped (my H) m=4 UNVERIFIED sigma in [ [-533.99827545996908884 +/- 3.16e-18] , [0.24350084962728386585 +/- 4.23e-21] ] width [534.24178 +/- 3.70e-6] |r| [0.0303034373541 +/- 3.09e-14]
pole sign flipped (my H) m=8 UNVERIFIED sigma in [ [-250.61245305329009780 +/- 4.46e-18] , [0.23887522980767584384 +/- 4.83e-21] ] width [250.85133 +/- 1.72e-6] |r| [0.0207649635676 +/- 4.51e-14]
pole sign flipped (my H) m=16 UNVERIFIED sigma in [ [-76.291605721385009722 +/- 1.35e-19] , [0.23454420604310844764 +/- 2.99e-21] ] width [76.526150 +/- 7.28e-8] |r| [0.0114690620697 +/- 1.70e-14]
pole sign flipped (my H) m=32 CERTIFIED sigma>0 sigma in [ [0.23433480761133190050 +/- 9.25e-22] , [0.23433480761133190050 +/- 1.11e-21] ] width [1.8508907e-36 +/- 3.62e-44] |r| [1.78366529326e-21 +/- 4.76e-34]
pole coefficient kappa-1e-4 (my H) m=2 UNVERIFIED sigma in [ [-3447.1994629756104141 +/- 3.47e-17] , [0.013244011452416901762 +/- 4.45e-23] ] width [3447.2127 +/- 6.99e-6] |r| [0.0769762964220 +/- 2.55e-15]
pole coefficient kappa-1e-4 (my H) m=4 UNVERIFIED sigma in [ [-534.23261612569740680 +/- 4.04e-18] , [0.0091601838989658986559 +/- 2.98e-23] ] width [534.24178 +/- 3.70e-6] |r| [0.0303034373541 +/- 3.09e-14]
pole coefficient kappa-1e-4 (my H) m=8 UNVERIFIED sigma in [ [-250.84679371901841577 +/- 1.65e-18] , [0.0045345640793578766550 +/- 1.80e-23] ] width [250.85133 +/- 1.72e-6] |r| [0.0207649635676 +/- 4.51e-14]
pole coefficient kappa-1e-4 (my H) m=16 UNVERIFIED sigma in [ [-76.525946387113327689 +/- 3.24e-19] , [0.00020354031479048045314 +/- 3.78e-24] ] width [76.526150 +/- 7.28e-8] |r| [0.0114690620697 +/- 1.70e-14]
pole coefficient kappa-1e-4 (my H) m=32 NEGATIVE WITNESS sigma in [ [-5.8581169860666889199e-6 +/- 2.55e-26] , [-5.8581169860666887347e-6 +/- 2.90e-27] ] width [1.8508907e-36 +/- 3.62e-44] |r| [1.78366529326e-21 +/- 4.76e-34]
AUTHENTIC (my H, my p) m=2 UNVERIFIED sigma in [ [-3447.1994571172402301 +/- 1.20e-17] , [0.013249869822600855112 +/- 3.02e-22] ] width [3447.2127 +/- 6.99e-6] |r| [0.0769762964220 +/- 2.55e-15]
AUTHENTIC (my H, my p) m=4 UNVERIFIED sigma in [ [-534.23261026732722285 +/- 6.85e-19] , [0.0091660422691498520063 +/- 2.43e-23] ] width [534.24178 +/- 3.70e-6] |r| [0.0303034373541 +/- 3.09e-14]
AUTHENTIC (my H, my p) m=8 UNVERIFIED sigma in [ [-250.84678786064823182 +/- 1.71e-18] , [0.0045404224495418300053 +/- 2.81e-23] ] width [250.85133 +/- 1.72e-6] |r| [0.0207649635676 +/- 4.51e-14]
AUTHENTIC (my H, my p) m=16 UNVERIFIED sigma in [ [-76.525940528743143736 +/- 2.68e-20] , [0.00020939868497443380349 +/- 2.37e-25] ] width [76.526150 +/- 7.28e-8] |r| [0.0114690620697 +/- 1.70e-14]
AUTHENTIC (my H, my p) m=32 CERTIFIED sigma>0 sigma in [ [2.5319788666142611293e-10 +/- 4.63e-30] , [2.5319788666161128457e-10 +/- 4.87e-30] ] width [1.8508907e-36 +/- 3.62e-44] |r| [1.78366529326e-21 +/- 4.76e-34]
AUTHENTIC (my H, my p) full-solve diagnostic CERTIFIED sigma>0 [2.5319788666142611293e-10 +/- 4.73e-30] [2.5319788666161128457e-10 +/- 4.97e-30]
EXPLORATORY unfrozen orders (authentic) m=20 UNVERIFIED sigma in [ [-0.014507416427985762070 +/- 4.91e-22] , [6.6263579865685006121e-6 +/- 3.99e-26] ] width [0.014514043 +/- 2.15e-10] |r| [0.000157949105401 +/- 3.37e-16]
EXPLORATORY unfrozen orders (authentic) m=24 UNVERIFIED sigma in [ [-0.0018354216247331427901 +/- 3.60e-24] , [4.6859072516706413750e-6 +/- 1.95e-26] ] width [0.0018401075 +/- 3.20e-11] |r| [5.62399042315e-5 +/- 3.45e-17]
EXPLORATORY unfrozen orders (authentic) m=28 UNVERIFIED sigma in [ [-0.011426784679129301145 +/- 7.11e-23] , [4.6733879810850085642e-6 +/- 1.13e-26] ] width [0.011431458 +/- 6.72e-11] |r| [0.000140176039308 +/- 3.19e-16]
DONE odd 39.16925501823425 s
