controls {'planted_diag': {'q_exact': '[2.2352564102564102564 +/- 1.03e-20]', 'delta': '1.000000000', 'per_m': [(2, '[1.77195340501792114', '[1.3557372 +/- 2.43e-8]', True), (4, '[2.19024534649955016', '[0.11597262 +/- 7.57e-10]', True), (6, '[2.23525641025641025', '[1.0900000e-120 +/- 2e-132]', False)]}, 'planted_rotated_invertible': {'delta': '[9.630305340e-6 +/- 1.39e-16]', 'per_m': [(2, '[1.25571925531613878', '[143494.24 +/- 3.80e-3]', True), (4, '[1.51377865007296909', '[22.977819 +/- 5.00e-8]', True), (6, '[2.23525641025641025', '[1.4097019e-108 +/- 4.73e-117]', False)], 'note': 'q invariant under any invertible change of coordinates of the complement'}, 'indefinite': 'INDEFINITE/NEGATIVE: 1 certified negative directions', 'singular': 'REFUSED: sign of lambda_min unresolved', 'ambiguous': 'REFUSED: sign of lambda_min unresolved'}
H comparison {'entries_overlapping': 6400, 'of': 6400, 'max_mid_diff': '[9.511000000000000000000000000000000000000000000000000000000000000000000000000e-22 +/- 1.40e-98]', 'my_max_rad': '[1.15783109694086754008629385082231852454118237183422479575e-22 +/- 1.99e-79]', 'd10_max_rad': '[1.380000002931638596049623969254681903325661547488056868360217777080833911896e-25 +/- 2.49e-101]', 'p_overlap_all': True, 'beta_mine': '[0.007638257595395961586796824', 'beta_d10': '[0.007638257595395961586796824'}
D10-input arch_only m=2 UNVERIFIED sigma in [ None , [8.9082365497861297893 +/- 2.04e-20] ] width None |r| [9.85547610902 +/- 3.64e-12]
D10-input arch_only m=4 UNVERIFIED sigma in [ None , [1.2518046808710668550 +/- 3.17e-20] ] width None |r| [0.246450362585 +/- 1.28e-13]
D10-input arch_only m=8 UNVERIFIED sigma in [ None , [1.1872489299645430640 +/- 2.64e-20] ] width None |r| [0.0332835797284 +/- 1.46e-14]
D10-input arch_only m=16 UNVERIFIED sigma in [ None , [1.1777722017071648484 +/- 2.58e-22] ] width None |r| [0.0277920751735 +/- 3.96e-14]
D10-input arch_only m=32 UNVERIFIED sigma in [ None , [1.1771225397258488713 +/- 1.16e-20] ] width None |r| [1.48013156994e-19 +/- 4.01e-31]
D10-input weight_reverse m=2 UNVERIFIED sigma in [ None , [0.15236746847891195329 +/- 4.59e-21] ] width None |r| [0.0528461691499 +/- 1.12e-14]
D10-input weight_reverse m=4 UNVERIFIED sigma in [ None , [0.14909329568284273090 +/- 4.43e-21] ] width None |r| [0.0201722908106 +/- 3.29e-14]
D10-input weight_reverse m=8 UNVERIFIED sigma in [ None , [0.15077220672183426996 +/- 6.74e-22] ] width None |r| [0.0500894792360 +/- 9.97e-15]
D10-input weight_reverse m=16 UNVERIFIED sigma in [ None , [0.14865735934558445988 +/- 1.61e-21] ] width None |r| [0.00787683331326 +/- 2.05e-15]
D10-input weight_reverse m=32 UNVERIFIED sigma in [ None , [0.14849814422756411166 +/- 6.43e-22] ] width None |r| [1.85166749696e-20 +/- 3.39e-32]
pole sign flipped (my H) m=2 NEGATIVE WITNESS sigma in [ [-425903.78302383776293 +/- 1.36e-15] , [-5.8273035340633978158 +/- 1.64e-21] ] width [425897.96 +/- 4.28e-3] |r| [0.0722601679015 +/- 8.13e-15]
pole coefficient kappa-1e-4 (my H) m=2 UNVERIFIED sigma in [ [-425897.94883488877498 +/- 1.42e-15] , [0.0068854149245522446908 +/- 1.62e-23] ] width [425897.96 +/- 4.28e-3] |r| [0.0722601679015 +/- 8.13e-15]
pole coefficient kappa-1e-4 (my H) m=4 UNVERIFIED sigma in [ [-48079.644685355688400 +/- 3.23e-16] , [0.00096573229534170620622 +/- 1.64e-24] ] width [48079.646 +/- 3.49e-4] |r| [0.0242787776469 +/- 1.32e-14]
pole coefficient kappa-1e-4 (my H) m=8 NEGATIVE WITNESS sigma in [ [-459.87956393224515067 +/- 1.30e-18] , [-1.2119219957748513844e-5 +/- 4.84e-25] ] width [459.87955 +/- 1.82e-6] |r| [0.00237447848224 +/- 2.94e-15]
AUTHENTIC (my H, my p) m=2 UNVERIFIED sigma in [ [-425897.94868903040479 +/- 4.63e-15] , [0.0070312732947361980411 +/- 2.99e-23] ] width [425897.96 +/- 4.28e-3] |r| [0.0722601679015 +/- 8.13e-15]
AUTHENTIC (my H, my p) m=4 UNVERIFIED sigma in [ [-48079.644539497318216 +/- 3.70e-16] , [0.0011115906655256595566 +/- 3.24e-23] ] width [48079.646 +/- 3.49e-4] |r| [0.0242787776469 +/- 1.32e-14]
AUTHENTIC (my H, my p) m=8 UNVERIFIED sigma in [ [-459.87941807387496672 +/- 4.65e-18] , [0.00013373915022620483650 +/- 1.51e-24] ] width [459.87955 +/- 1.82e-6] |r| [0.00237447848224 +/- 2.94e-15]
AUTHENTIC (my H, my p) m=16 UNVERIFIED sigma in [ [-92.453900590187999986 +/- 1.56e-19] , [0.00011365005232971403364 +/- 4.66e-24] ] width [92.454014 +/- 2.41e-7] |r| [0.00106465543337 +/- 4.68e-16]
AUTHENTIC (my H, my p) m=32 CERTIFIED sigma>0 sigma in [ [2.1677871544523715172e-13 +/- 1.80e-33] , [2.1677872363069089844e-13 +/- 1.24e-33] ] width [8.1367282e-21 +/- 1.65e-29] |r| [9.98782889173e-15 +/- 1.62e-27]
AUTHENTIC (my H, my p) full-solve diagnostic CERTIFIED sigma>0 [2.1677872358195230798e-13 +/- 3.06e-33] [2.1677872363067783832e-13 +/- 2.54e-33]
DONE even 28.221473932266235 s
