box check n=20 closed |j|<= [0.0143800787187744497772468546401673788765810329225597352190 +/- 1.02e-59] series |j|<= [386571228564032228763144171223100.368031012525177691592116 +/- 2.81e-25]
box check n=60 closed |j|<= [46644.5530399495314903361631950689291658287941658138327470 +/- 6.75e-55] series |j|<= [2423424681624056805129071.40044888141784692191821611689722 +/- 4.98e-33]
box check n=100 closed |j|<= [25154089666798830903.7216428028321370477390524032248492488 +/- 4.46e-39] series |j|<= [3211213405.11299908751118640483319841395250566090976851188 +/- 4.64e-49]
selftest j_0(3.3) ok, rad [3.49680246641094894249290403206919640808524561867218715911e-59 +/- 1.85e-116]
selftest j_2(0.7) ok, rad [1.50009245712926715339323445790747962217579850774452890336e-58 +/- 8.51e-116]
selftest j_10(12.5) ok, rad [1.59148984980298285750355264162002868825640514505530938822e-57 +/- 4.00e-114]
selftest j_40(20.0) ok, rad [1.75526128184670777135594287728460851699442534565434560955e-65 +/- 4.55e-122]
selftest j_80(84.0) ok, rad [2.08398947601211076397981790085114210362253753577662290130e-44 +/- 1.17e-101]
selftest j_158(50.0) ok, rad [2.12449338736795441373258328585267778559085497090325588175e-116 +/- 2.34e-173]
selftest j_158(84.0) ok, rad [2.34030063586447036790976069874543096895854126694254679515e-77 +/- 2.16e-134]
selftest j_60(84.0) ok, rad [4.59732409621720161699339611075143401114071618507050077802e-51 +/- 3.55e-108]
selftest j_100(84.0) ok, rad [1.46107479779998029316080250471503849861302977455627503747e-46 +/- 3.72e-103]
selftest j_84(84.0) ok, rad [6.71467052258164588651875176843968800256439535786162147453e-43 +/- 4.04e-100]
nodal pass panel 0 t=0s
nodal pass panel 10 t=2s
nodal pass panel 20 t=3s
nodal pass panel 30 t=5s
nodal pass panel 40 t=7s
nodal pass panel 50 t=9s
nodal pass panel 60 t=11s
nodal pass panel 70 t=14s
nodal pass panel 80 t=16s
nodal pass panel 90 t=19s
nodal pass panel 100 t=22s
nodal pass panel 110 t=25s
ellipse pass done t=28s; max MP [24191.9321290963937638343713133842193347665134520753943205 +/- 3.44e-54], MF[158] [10.9271276440148698724708868567898396612185168118586290249 +/- 5.19e-56]
matrix assembled t=36s; max quadrature error [5.78915541884832653381254322553609397157474572022570723129e-23 +/- 1.66e-80]; M00=[-2.87194594743246 +/- 1.53e-15]
xcheck 0 0 {'new': '[-2.8719459474324615205 +/- 4.40e-20]', 'old': '[-2.8719459474324615205 +/- 4.41e-20]', 'overlap': True}
xcheck 0 2 {'new': '[0.066388923568830598971 +/- 2.42e-22]', 'old': '[0.066388923568830598971 +/- 2.73e-22]', 'overlap': True}
xcheck 20 40 {'new': '[0.055741017294763338419 +/- 2.71e-22]', 'old': '[0.055741017294763338419 +/- 2.79e-22]', 'overlap': True}
even built 44.25850582122803 s; sha256 8ce4a1fc02b87ce0 max rad [1.15783109694086754008629385082231852454118237183422479575e-22 +/- 1.99e-79]
