[visible set] L=0.7: 3 shift(s): log2, log3, log4
box check n=20 closed |j|<= [0.0143800787187744497772468546401673788765810329225597352190 +/- 1.02e-59] series |j|<= [386571228564032228763144171223100.368031012525177691592116 +/- 2.81e-25]
box check n=60 closed |j|<= [46644.5530399495314903361631950689291658287941658138327470 +/- 6.75e-55] series |j|<= [2423424681624056805129071.40044888141784692191821611689722 +/- 4.98e-33]
box check n=100 closed |j|<= [25154089666798830903.7216428028321370477390524032248492488 +/- 4.46e-39] series |j|<= [3211213405.11299908751118640483319841395250566090976851188 +/- 4.64e-49]
selftest j_0(3.3) ok, rad [3.49680246641094894249290403206919640808524561867218715911e-59 +/- 1.85e-116]
selftest j_2(0.7) ok, rad [1.50009245712926715339323445790747962217579850774452890336e-58 +/- 8.51e-116]
selftest j_10(12.5) ok, rad [1.59148984980298285750355264162002868825640514505530938822e-57 +/- 4.00e-114]
selftest j_40(20.0) ok, rad [1.75526128184670777135594287728460851699442534565434560955e-65 +/- 4.55e-122]
selftest j_80(84.0) ok, rad [2.08398947601211076397981790085114210362253753577662290130e-44 +/- 1.17e-101]
selftest j_158(50.0) ok, rad [2.12449338736795441373258328585267778559085497090325588175e-116 +/- 2.34e-173]
selftest j_158(84.0) ok, rad [2.34030063586447036790976069874543096895854126694254679515e-77 +/- 2.16e-134]
selftest j_60(84.0) ok, rad [4.59732409621720161699339611075143401114071618507050077802e-51 +/- 3.55e-108]
selftest j_100(84.0) ok, rad [1.46107479779998029316080250471503849861302977455627503747e-46 +/- 3.72e-103]
selftest j_84(84.0) ok, rad [6.71467052258164588651875176843968800256439535786162147453e-43 +/- 4.04e-100]
nodal pass panel 0 t=0s
nodal pass panel 10 t=6s
nodal pass panel 20 t=15s
nodal pass panel 30 t=23s
nodal pass panel 40 t=32s
nodal pass panel 50 t=42s
nodal pass panel 60 t=52s
nodal pass panel 70 t=62s
nodal pass panel 80 t=74s
nodal pass panel 90 t=83s
nodal pass panel 100 t=91s
nodal pass panel 110 t=100s
nodal pass panel 120 t=109s
nodal pass panel 130 t=119s
nodal pass panel 140 t=130s
nodal pass panel 150 t=139s
ellipse pass done t=149s; max MP [24191.7424831319142734421528673254938623248137095548819970 +/- 3.58e-53], MF[158] [15.5141081364633615837347034582193317681547514276724597676 +/- 5.03e-56]
matrix assembled t=210s; max quadrature error [2.72373979111793497716993476774434364389603951499273657098e-32 +/- 8.88e-90]; M00=[-0.0191046943144876 +/- 4.24e-17]
xcheck 1 1 {'new': '[-0.019104694314487557663 +/- 1.36e-22]', 'old': '[-0.01910469431448756 +/- 3.76e-18]', 'overlap': True}
xcheck 1 3 {'new': '[0.21595995420366309636 +/- 2.46e-21]', 'old': '[0.21595995420366310 +/- 5.74e-18]', 'overlap': True}
xcheck 21 41 {'new': '[0.11564505049820322241 +/- 2.65e-21]', 'old': '[0.11564505049820322 +/- 3.67e-18]', 'overlap': True}
eigen-Gershgorin certificate: {'lambda_min_lower_bound': '[1.58596369150e-10 +/- 4.16e-22]', 'gershgorin_min': '[1.58596369150e-10 +/- 4.16e-22]', 'lambda_max_VtV_upper': '[1.0000000000000000000 +/- 1e-24]', 'lambda_min_VtV_lower_(invertibility)': '[1.0000000000000000000 +/- 3e-25]', 'max_offdiag_VtAV': '[1.15990924705100634061033431906654917308032930447444932091e-30 +/- 6.45e-88]', 'approx_smallest_eigs_float': [1.5859636915041578e-10, 1.1775795184982646e-05, 0.04498618809279108], 'seconds': 30.191476821899414}
{
 "run": 30,
 "L": "0.7",
 "T": 160,
 "visible_primes_only": true,
 "minimizer_frozen_40dig": [
  "0.4828651049869825940401259995170146617026",
  "-0.7062862431070808363462978403875531381854",
  "0.4828533620178392133595395946729784595085",
  "-0.1838643854021903410384161124671235695615",
  "0.03190455035056817897982546434165262077179",
  "0.003817909496409155926944495687963620954167",
  "-0.003700502270143410938514503334797769718383",
  "0.001130047668406527100201869412166943106772",
  "-0.0002964955535803588493996916337947939545449",
  "0.0001134291934614701435651083904500243082837",
  "-0.00005273950630022303998297450525658471379679",
  "0.00002471960679980141241128710827110901125392",
  "-0.000008364049175302144197639354176165580277437",
  "0.0000002831814353978919269335578464991070232976",
  "0.000001750018042963874497356470357712399953648",
  "-0.000003382078430126500022314331891555020615226",
  "-0.0000001485143979237810472651185450815465574978",
  "-0.0000004162751985795903669011975217338173406156",
  "0.00000005088401757976696582370704238351391728993",
  "-0.0000003264407180306229677370381258700738683824",
  "0.000002054522126652619644577291534416827492106",
  "-0.0000004262275781303626202320174691479927073023",
  "0.0000006158559347163400616150942896278182565279",
  "-0.0000003168923394565048186865951577092530455288",
  "-0.0000007794930389326967392874149517942537395929",
  "-0.0000005361493403722855736826801123415557013781",
  "0.000000510046411391353966532814124997916066573",
  "0.0000001492617109981498819860381240079311192217",
  "0.0000003706023793116271800715757900311183303559",
  "0.0000003004073010205116000090844377899772100091",
  "-0.000000767076631726862891951502621995822458438",
  "-0.0000002603487413087958399768016017536950357887",
  "0.0000003492357085021086877204833927313905752416",
  "0.0000003673832486876903261724967395730013037747",
  "-0.0000002231003711177757385366923288316275148745",
  "0.00000006026829412750251730612417356789291246222",
  "-0.000000417238602370651619324091766005061275809",
  "0.0000002738358340561566758631823654862478455941",
  "0.0000002088077322023898400858298558655043358317",
  "-0.00000001993444002740619441631006075100038368597",
  "-0.0000005063826195881101532932932032845131689183",
  "0.0000004373937662940192437626034273467375670998",
  "0.00000004467035274452088124201932284970981888783",
  "-0.0000001580767385503897037638051465808586587444",
  "-0.0000001714702658317000126023909510605105651946",
  "0.0000004048263824853113932147416763724815268947",
  "-0.0000002738215413043098641119370230297371482399",
  "0.000000014554223870484835843527941437437878413",
  "0.00000007538305414285626320526978386076304092449",
  "0.00000003093140012995714429258370247346881360263",
  "-0.0000001710059253038693084693416769990479667942",
  "0.0000002151403886565068671092783812043936675652",
  "-0.0000001567768200278523012201447013190742531707",
  "0.00000006070268716591433304410241025522502061898",
  "0.00000001463911013727198375372735468493300582541",
  "-0.00000004920280280390647717181515311302662421697",
  "0.00000005176908041851236024302028577437480420512",
  "-0.00000003938888380105201531187905169323946446463",
  "0.00000002475144422822150866718534059015486554511",
  "-0.00000001352122427213672748425943270717121389477",
  "0.000000006595858262285764996139527021163938788676",
  "-0.000000002921165145665191407170181176822414407387",
  "0.000000001187923007088266058214313825711570944555",
  "-0.000000000447274874060936560221588981334062014737",
  "0.0000000001569258605194473320162819691803426131667",
  "-0.00000000005156694385782102132117495256087143832913",
  "0.00000000001593800536987516965656204027243267142688",
  "-0.000000000004649654247621850404491358599321836847011",
  "0.000000000001284248168856860990266592386122582108122",
  "-3.367160507853517921525069397963200743587e-13",
  "8.399868839599205954139116611067641808632e-14",
  "-1.997884121117113439839335935441181649548e-14",
  "4.538997905223674211337340904108407936332e-15",
  "-9.86658608264939905695425560261808754205e-16",
  "2.055184384885090963318374791528123548457e-16",
  "-4.10785542586803906336752779032087683162e-17",
  "7.888872648223811025499336900124799921474e-18",
  "-1.457346500750577747154956077926703340068e-18",
  "2.592592670760023736091219283698666631854e-19",
  "-4.446026378846483292473431974554206001803e-20",
  "7.356810706394740111981624229511742856851e-21",
  "-1.175640066485519549513808489633758656641e-21",
  "1.81589385809153641836743243865419558742e-22",
  "-2.713193259152231094270757815282332375129e-23",
  "3.924360968497748428222115675156761614449e-24",
  "-5.498718158971355080267724759037541357231e-25",
  "7.468763652514993078705884332799889678459e-26",
  "-9.840260750149437168770988765199517236274e-27",
  "1.258338964358329107964745264792093146627e-27",
  "-1.562687077027932616798783463436051854912e-28",
  "1.885682362985508384857700619196687344048e-29",
  "-2.21215452076075996160421038032267698349e-30",
  "2.524243531773472385686844339937072671276e-31",
  "-2.803014075044023781442954884840414069925e-32",
  "3.030389190624286206156381461784712212731e-33",
  "-3.191123239187198347446532152684721408232e-34",
  "3.274509795944725827106136607573135243809e-35",
  "-3.275556595807248111935581393196235143048e-36",
  "3.195449999779002451221638182512226896944e-37",
  "-3.041255503254847084224157972798820819966e-38",
  "2.824930806553877229968318094114731856271e-39",
  "-2.561836109944391958476373429388137481313e-40",
  "2.26899178215794890607809908721503530981e-41",
  "-1.96334716534702776164438391073950687579e-42",
  "1.660289381246706755794562541868079349885e-43",
  "-1.372551103653308943525566729488121020655e-44",
  "1.109590325633098885070454393955762754365e-45",
  "-8.774322808213807661339716067916793740481e-47",
  "6.788987342402280288042761074336271881425e-48",
  "-5.141109906660768728037145327197637536462e-49",
  "3.811411425092911693817695654664009250577e-50",
  "-2.766981444451721166576380012739004445169e-51",
  "1.967494526130805366346253407133247031821e-52",
  "-1.371288834032539490590424185238208962594e-53",
  "9.301610939955914577040555774588993856542e-55",
  "-6.586950669204184168280421934946278105267e-56",
  "6.724182215703335359774987053126954290411e-58",
  "-3.571987646783645892315606279772986027919e-57",
  "-3.396751798316054592781246590111157135561e-57",
  "-3.846981207685305244946415764302030073993e-57",
  "-4.28255305674305931594660129533186308565e-57",
  "-4.281764296391428584006800247093096992628e-57",
  "-3.99292934846264590015137390004863645249e-57",
  "-3.888955311861609062879096067368493639341e-57",
  "-4.041862230496690072271450666664917547519e-57",
  "-4.367530166062232109141225563397893673066e-57",
  "-4.860277772571447919953494427312860974123e-57",
  "-4.52306393128544388832700756285092635918e-57",
  "-3.945035190743115620298377452251363309684e-57",
  "-3.439092901461293368397732272895046228106e-57",
  "-3.213064948375628402915446995718035521892e-57",
  "-3.106693343978090337225771204072549371879e-57",
  "-2.929122617239091382645143418377163554245e-57",
  "-2.976231404621836018143675045399799629557e-57",
  "-3.26776568366217501673381082394472357985e-57",
  "-3.542934371195704159146116794981804562703e-57",
  "-3.690080484411495801090326785467515958225e-57",
  "-3.719868343380660521224559390830137500636e-57",
  "-3.560916377552543476500234746667453877527e-57",
  "-3.232613628817008714795130171273253007049e-57",
  "-2.947015537773124446800670485545467178464e-57",
  "-2.997058898968369651833290887848755796996e-57",
  "-3.130472579962533196711001545742535955282e-57",
  "-2.898187144052809936402421104315541011147e-57",
  "-2.933985330237660067347511178962036057671e-57",
  "-1.178851474064497410768010116676739650272e-58",
  "-2.349459177527433884937067663924067959267e-58",
  "-3.771456415008076281091528413150149571866e-58",
  "-6.112149956899048468177739404273319820607e-58",
  "-8.837658024446793979951945550066447195111e-58",
  "-1.184851649056710665924645384732213962548e-57",
  "-1.498683416421012661551691805485047310727e-57",
  "-1.713516793439682282148833258084707521693e-57",
  "-1.778841244749796600449850683373971467876e-57",
  "-1.893751636459472351916255199634264414039e-57",
  "-1.931443704818548310679153168961348125223e-57",
  "-1.598096936321734441642449941562687102628e-57",
  "-1.345091123626425757029740282796050982427e-57",
  "-1.403270423933527474925786650038677735126e-57",
  "-1.375515764048509827643668704649583793706e-57"
 ],
 "modes": [
  1,
  3,
  5,
  7,
  9,
  11,
  13,
  15,
  17,
  19,
  21,
  23,
  25,
  27,
  29,
  31,
  33,
  35,
  37,
  39,
  41,
  43,
  45,
  47,
  49,
  51,
  53,
  55,
  57,
  59,
  61,
  63,
  65,
  67,
  69,
  71,
  73,
  75,
  77,
  79,
  81,
  83,
  85,
  87,
  89,
  91,
  93,
  95,
  97,
  99,
  101,
  103,
  105,
  107,
  109,
  111,
  113,
  115,
  117,
  119,
  121,
  123,
  125,
  127,
  129,
  131,
  133,
  135,
  137,
  139,
  141,
  143,
  145,
  147,
  149,
  151,
  153,
  155,
  157,
  159,
  161,
  163,
  165,
  167,
  169,
  171,
  173,
  175,
  177,
  179,
  181,
  183,
  185,
  187,
  189,
  191,
  193,
  195,
  197,
  199,
  201,
  203,
  205,
  207,
  209,
  211,
  213,
  215,
  217,
  219,
  221,
  223,
  225,
  227,
  229,
  231,
  233,
  235,
  237,
  239,
  241,
  243,
  245,
  247,
  249,
  251,
  253,
  255,
  257,
  259,
  261,
  263,
  265,
  267,
  269,
  271,
  273,
  275,
  277,
  279,
  281,
  283,
  285,
  287,
  289,
  291,
  293,
  295,
  297,
  299,
  301,
  303,
  305,
  307,
  309,
  311,
  313,
  315,
  317,
  319
 ],
 "parity": "odd",
 "pole_sign_mutation": 1,
 "pole_term_sign_used": -1,
 "NE": 160,
 "ncut": 321,
 "prec_bits": 192,
 "GL_nodes_per_unit_panel": 64,
 "rho": 2,
 "cover_boxes": 6,
 "beta_star": "[0.29532159598556788645 +/- 3.07e-21]",
 "sup_psi_minus_beta": "[8.60947854043485392418993305706090235181784189618561784127 +/- 4.61e-57]",
 "lambda0_certified": "[1.58596369150e-10 +/- 4.16e-22]",
 "certified_by": "eigenbasis-Gershgorin",
 "eigen_certificate": {
  "lambda_min_lower_bound": "[1.58596369150e-10 +/- 4.16e-22]",
  "gershgorin_min": "[1.58596369150e-10 +/- 4.16e-22]",
  "lambda_max_VtV_upper": "[1.0000000000000000000 +/- 1e-24]",
  "lambda_min_VtV_lower_(invertibility)": "[1.0000000000000000000 +/- 3e-25]",
  "max_offdiag_VtAV": "[1.15990924705100634061033431906654917308032930447444932091e-30 +/- 6.45e-88]",
  "approx_smallest_eigs_float": [
   1.5859636915041578e-10,
   1.1775795184982646e-05,
   0.04498618809279108
  ],
  "seconds": 30.191476821899414
 },
 "ldl_statuses": {},
 "ldl_at_0_positive": null,
 "eps_D": "[1.34668e-200 +/- 3.43e-206]",
 "eps_C": "[6.32243e-97 +/- 2.39e-103]",
 "eps_p": "[2.26031e-910 +/- 3.03e-917]",
 "norm_pN": "[0.242040702857 +/- 4.74e-14]",
 "max_entry_radius": "[5.72681944302089312971380918690238888994947437843876199347e-32 +/- 3.92e-89]",
 "max_quadrature_error_bound": "[2.72373979111793497716993476774434364389603951499273657098e-32 +/- 8.88e-90]",
 "verdict": "ACCEPT: margin = lambda0 - off^2/d_low = 1.586e-10 (lambda0=1.586e-10, off=6.322e-97, d_low=2.953e-01)",
 "cross_check_vs_acb_integral": {
  "1,1": {
   "new": "[-0.019104694314487557663 +/- 1.36e-22]",
   "old": "[-0.01910469431448756 +/- 3.76e-18]",
   "overlap": true
  },
  "1,3": {
   "new": "[0.21595995420366309636 +/- 2.46e-21]",
   "old": "[0.21595995420366310 +/- 5.74e-18]",
   "overlap": true
  },
  "21,41": {
   "new": "[0.11564505049820322241 +/- 2.65e-21]",
   "old": "[0.11564505049820322 +/- 3.67e-18]",
   "overlap": true
  }
 },
 "runtime_s": 252.40218305587769
}
VISIBLE CERT DONE odd L=0.7 T=160 N=160 in 252s
