[visible set] L=0.7: 3 shift(s): log2, log3, log4
box check n=20 closed |j|<= [0.0143800787187744497772468546401673788765810329225597352190 +/- 1.02e-59] series |j|<= [386571228564032228763144171223100.368031012525177691592116 +/- 2.81e-25]
box check n=60 closed |j|<= [46644.5530399495314903361631950689291658287941658138327470 +/- 6.75e-55] series |j|<= [2423424681624056805129071.40044888141784692191821611689722 +/- 4.98e-33]
box check n=100 closed |j|<= [25154089666798830903.7216428028321370477390524032248492488 +/- 4.46e-39] series |j|<= [3211213405.11299908751118640483319841395250566090976851188 +/- 4.64e-49]
selftest j_0(3.3) ok, rad [3.49680246641094894249290403206919640808524561867218715911e-59 +/- 1.85e-116]
selftest j_2(0.7) ok, rad [1.50009245712926715339323445790747962217579850774452890336e-58 +/- 8.51e-116]
selftest j_10(12.5) ok, rad [1.59148984980298285750355264162002868825640514505530938822e-57 +/- 4.00e-114]
selftest j_40(20.0) ok, rad [1.75526128184670777135594287728460851699442534565434560955e-65 +/- 4.55e-122]
selftest j_80(84.0) ok, rad [2.08398947601211076397981790085114210362253753577662290130e-44 +/- 1.17e-101]
selftest j_158(50.0) ok, rad [2.12449338736795441373258328585267778559085497090325588175e-116 +/- 2.34e-173]
selftest j_158(84.0) ok, rad [2.34030063586447036790976069874543096895854126694254679515e-77 +/- 2.16e-134]
selftest j_60(84.0) ok, rad [4.59732409621720161699339611075143401114071618507050077802e-51 +/- 3.55e-108]
selftest j_100(84.0) ok, rad [1.46107479779998029316080250471503849861302977455627503747e-46 +/- 3.72e-103]
selftest j_84(84.0) ok, rad [6.71467052258164588651875176843968800256439535786162147453e-43 +/- 4.04e-100]
nodal pass panel 0 t=0s
nodal pass panel 10 t=6s
nodal pass panel 20 t=14s
nodal pass panel 30 t=23s
nodal pass panel 40 t=32s
nodal pass panel 50 t=41s
nodal pass panel 60 t=51s
nodal pass panel 70 t=61s
nodal pass panel 80 t=73s
nodal pass panel 90 t=82s
nodal pass panel 100 t=90s
nodal pass panel 110 t=99s
nodal pass panel 120 t=108s
nodal pass panel 130 t=118s
nodal pass panel 140 t=128s
nodal pass panel 150 t=138s
ellipse pass done t=148s; max MP [24191.7424831319142734421528673254938623248137095548819970 +/- 3.58e-53], MF[158] [15.4898103797561826491863954619044678897169903601651227740 +/- 6.54e-56]
matrix assembled t=207s; max quadrature error [2.71521478394698682387675813310351627724847757597867479768e-32 +/- 4.14e-89]; M00=[-3.15593778545037 +/- 2.79e-15]
xcheck 0 0 {'new': '[-3.1559377854503672123 +/- 1.33e-20]', 'old': '[-3.155937785450367212 +/- 6.73e-19]', 'overlap': True}
xcheck 0 2 {'new': '[0.074621274374593721383 +/- 2.58e-22]', 'old': '[0.07462127437459372 +/- 2.19e-18]', 'overlap': True}
xcheck 20 40 {'new': '[0.21807029789769193253 +/- 3.39e-21]', 'old': '[0.21807029789769193 +/- 3.70e-18]', 'overlap': True}
eigen-Gershgorin certificate: {'lambda_min_lower_bound': '[2.67167245335e-13 +/- 4.99e-25]', 'gershgorin_min': '[2.67167245335e-13 +/- 4.99e-25]', 'lambda_max_VtV_upper': '[1.0000000000000000000 +/- 1e-24]', 'lambda_min_VtV_lower_(invertibility)': '[1.0000000000000000000 +/- 3e-25]', 'max_offdiag_VtAV': '[1.58892816249166123254605056630584738273335266978275377250e-30 +/- 2.26e-87]', 'approx_smallest_eigs_float': [2.6716724533549817e-13, 5.4314968190366324e-08, 0.0012648282611706582], 'seconds': 29.440701961517334}
{
 "run": 30,
 "L": "0.7",
 "T": 160,
 "visible_primes_only": true,
 "minimizer_frozen_40dig": [
  "-0.6997278179591662945517236837844267530513",
  "0.6113928194818938031740435192174938242083",
  "-0.3431743903633264041256220067350141285368",
  "0.1330791490615276482276477518245100733958",
  "-0.03297764807799125530423384792535426736557",
  "0.003587602887536570752490026063798049457464",
  "0.0007097056952517072016082580089607042414307",
  "-0.0004088785205636661443638780943780383851019",
  "0.0001054730362935077379464514781956389935858",
  "-0.000026252528181195527312941172707532814245",
  "0.000009074138799370029010432196441806875146706",
  "-0.000003809119739500597908614487105788688489974",
  "0.000001438043688808146578276497839962391145449",
  "-0.0000003425785132150744499560826381707734617902",
  "0.000000001117835015331910262583725387169070643024",
  "0.0000001961934760158308762913877292616550833554",
  "-0.00000006461352353822574015096583836378675313136",
  "0.0000000601746742153829898070638479609281234241",
  "-0.00000001220905214293374171322493694561786261068",
  "-0.00000002238566014715705266621319592947725964374",
  "-0.00000004721078843418870862251182737349001487405",
  "-0.0000000008477821869437776276260659190066391140066",
  "-0.00000003056609068177659986060270974519174612363",
  "0.00000002352203111605464458049360273049621853292",
  "0.00000004124848712149527253873372199916891757611",
  "-0.000000004468420748238157594691344870811089512089",
  "0.0000000102023302123263718509419038977890206169",
  "-0.00000001908278293658638094591699076231568573222",
  "-0.00000002151371439051854714596435630751391793289",
  "-0.00000001101548154782122877011104010424481856879",
  "0.00000004005789985053868265322213134174441561552",
  "-0.0000000045745383293079625090740742149312220331",
  "0.00000000415868165930324856769453369096589941323",
  "-0.00000001791439654197426329110800608043735165641",
  "-0.000000005371200585987593531829095516332396294682",
  "0.000000002850316832490117177631054102913267854877",
  "0.00000002852818212537366006455349000220461486661",
  "-0.00000002002403663411808178533962837739774211589",
  "-0.00000001063388784583586818171925475183581512983",
  "0.000000006330440179669126061487704084055288810505",
  "0.00000001448918599706814579061401888556975857836",
  "-0.00000001085732188291414496920621573914776651299",
  "-0.000000003869882478159200954142620355831457133074",
  "0.000000001398358039023399545809172383919665674291",
  "0.000000009683465719786123929428998938384188188071",
  "-0.000000007355719565828973145188188960992519969415",
  "-0.000000005919917184308259308067252856557324144512",
  "0.00000001151291147022586769420443530898807282689",
  "-0.00000000287991443115452373991893214404984804421",
  "-0.000000009077126045989784631267020205742183332535",
  "0.00000001190780589765469587433461445165603603865",
  "-0.000000003816315603949932696515049568538425750851",
  "-0.000000008255018309024626888873467319661236422332",
  "0.0000000168970707608441761110009972926261969455",
  "-0.00000001925461917616405442365879317555119601916",
  "0.00000001667737802925648201958775964686707145448",
  "-0.00000001201214740524410665158911872614533029511",
  "0.000000007503695435857373278648342110798889101817",
  "-0.000000004165787866007757483558981830693906916787",
  "0.000000002088627078194364224681282414994891099503",
  "-0.0000000009566129465084896059934107421049384592912",
  "0.0000000004037083511556522566103299370109533341704",
  "-0.0000000001580498813652206231624684607142942272916",
  "0.00000000005771579794403316601250441701038205145221",
  "-0.00000000001974888988152089700181559778796316223664",
  "0.000000000006356340294917942639161822698447695700099",
  "-0.00000000000193073362816926244285125727310237432622",
  "5.550567989323820820413345970741099507851e-13",
  "-1.514092365784230478095347116280620971467e-13",
  "3.927763154814736118313828930752555652167e-14",
  "-9.709415981198258584530014000711227766632e-15",
  "2.29133035000970743303386153409103818182e-15",
  "-5.170692948047772070248958918929063405774e-16",
  "1.117465000157302581713896360663732923424e-16",
  "-2.316046840257732647924138357065371018492e-17",
  "4.609420384868612551248055919079037048425e-18",
  "-8.819565019489345442612953743251205457647e-19",
  "1.624164118633735346036334465784179598708e-19",
  "-2.881657429321921843813773658652005276376e-20",
  "4.930642138065914016821107728372274986691e-21",
  "-8.143412928310265851915001514024448083125e-22",
  "1.299334926317130917388888294743591689489e-22",
  "-2.004454414963358510015983720051674798457e-23",
  "2.991997502999096343727015812581938696381e-24",
  "-4.324424341205614414731245050976097225591e-25",
  "6.056106032416960062251779278010987989212e-26",
  "-8.223147775633988963032495524555884123116e-27",
  "1.083253304942743015272471998100766009551e-27",
  "-1.385238716413604907712309593455155915001e-28",
  "1.720543721222149718542501285740235787663e-29",
  "-2.076760496139139594300554706842613749664e-30",
  "2.437305054296345272709833471579089547011e-31",
  "-2.782595216948058730619484620573776810401e-32",
  "3.091805006623121071675184431041403464142e-33",
  "-3.344977752026626193282404957031005022154e-34",
  "3.525194065863106341010125413796212556348e-35",
  "-3.620461745679651308838744393267419624607e-36",
  "3.625031868005412260817480865123088203373e-37",
  "-3.539941940146608643247799669410056782223e-38",
  "3.372721490559917386010203745446781849294e-39",
  "-3.136337893996618333906061254407494055286e-40",
  "2.847580066165386071491376729538323658606e-41",
  "-2.525151757217600781954054679527419250448e-42",
  "2.187763803965715066849855172845805516311e-43",
  "-1.85247888325559171356525438993924409965e-44",
  "1.533487322842691448994055853011859990627e-45",
  "-1.2413988957990959881714583371873056913e-46",
  "9.83044196879446873247004841175570558001e-48",
  "-7.617069959849120380190859271110267963496e-49",
  "5.776625048248463340837852878853390671711e-50",
  "-4.289050424226839157931834811615125343494e-51",
  "3.117196197615348548420850422240136531173e-52",
  "-2.232513020511743077955272538703013743412e-53",
  "1.432834207531542333655365138348552794188e-54",
  "-2.248772655337701469717162397634319332989e-55",
  "-5.726048686116038925894843139369305027313e-56",
  "-7.444818271512903917042955309888395110547e-56",
  "-7.272295836287314516609302666781515487013e-56",
  "-6.858420125986391135922232921837688469643e-56",
  "-7.705508237507409646589302846480511736953e-56",
  "-8.706672338339152801297420257633014660007e-56",
  "-9.168957200850289808039502100941758937616e-56",
  "-9.076079533191586761572903964151362099302e-56",
  "-7.966804202038429003436848764535797375116e-56",
  "-8.633769220766138958680269133846276335772e-56",
  "-8.613868931801486220170723067789886071794e-56",
  "-1.002129178227716213770174578191969124403e-55",
  "-1.066307869330815669264525224664851266234e-55",
  "-8.982906348379872330623942875762473833168e-56",
  "-7.836404123713304379381613189493259613986e-56",
  "-6.85229412669303635162018171565612908273e-56",
  "-6.871673009835142043888540493098075640141e-56",
  "-6.383322489703003260232236729619019598432e-56",
  "-6.126769652451748737984196003695950467178e-56",
  "-6.589141373722974495637714585350525290954e-56",
  "-7.345393069383150143579848445787538881197e-56",
  "-7.779306199076099798735217074870945502964e-56",
  "-7.971380880185626865969512648750831507568e-56",
  "-7.889340463931549141233014348411194311399e-56",
  "-7.274950083972821859191249183506741603232e-56",
  "-6.523526488838803767035873920531659682216e-56",
  "-6.058402173179732721815309234203493940457e-56",
  "-6.737326507570435267015683390480968133601e-56",
  "-6.609902554905569867226599163110273394522e-56",
  "-5.751777498956348966929807268561318545474e-56",
  "-5.152541919693143853727062278196606682293e-58",
  "-4.431873758209876553376437365120040715314e-57",
  "-4.978909377451928987508190245378077316122e-57",
  "-1.115558267032728945412172596337729585442e-56",
  "-1.493421462779546877046769725643200060985e-56",
  "-2.28022100457826224931704352753357902323e-56",
  "-2.835437858437423631792121963798925850061e-56",
  "-3.545114973777407131003589916193512353304e-56",
  "-3.745956097030856263684555281860179666563e-56",
  "-3.84300886380046971863991874498060100331e-56",
  "-4.23988994773695418894622836144680429567e-56",
  "-3.99865282703022749002026944484032148477e-56",
  "-2.82742127600444388176640719036456558472e-56",
  "-2.941588093131329661356074846888392996241e-56",
  "-3.050594543403988271082407099483593162218e-56"
 ],
 "modes": [
  0,
  2,
  4,
  6,
  8,
  10,
  12,
  14,
  16,
  18,
  20,
  22,
  24,
  26,
  28,
  30,
  32,
  34,
  36,
  38,
  40,
  42,
  44,
  46,
  48,
  50,
  52,
  54,
  56,
  58,
  60,
  62,
  64,
  66,
  68,
  70,
  72,
  74,
  76,
  78,
  80,
  82,
  84,
  86,
  88,
  90,
  92,
  94,
  96,
  98,
  100,
  102,
  104,
  106,
  108,
  110,
  112,
  114,
  116,
  118,
  120,
  122,
  124,
  126,
  128,
  130,
  132,
  134,
  136,
  138,
  140,
  142,
  144,
  146,
  148,
  150,
  152,
  154,
  156,
  158,
  160,
  162,
  164,
  166,
  168,
  170,
  172,
  174,
  176,
  178,
  180,
  182,
  184,
  186,
  188,
  190,
  192,
  194,
  196,
  198,
  200,
  202,
  204,
  206,
  208,
  210,
  212,
  214,
  216,
  218,
  220,
  222,
  224,
  226,
  228,
  230,
  232,
  234,
  236,
  238,
  240,
  242,
  244,
  246,
  248,
  250,
  252,
  254,
  256,
  258,
  260,
  262,
  264,
  266,
  268,
  270,
  272,
  274,
  276,
  278,
  280,
  282,
  284,
  286,
  288,
  290,
  292,
  294,
  296,
  298,
  300,
  302,
  304,
  306,
  308,
  310,
  312,
  314,
  316,
  318
 ],
 "parity": "even",
 "pole_sign_mutation": 1,
 "pole_term_sign_used": 1,
 "NE": 160,
 "ncut": 320,
 "prec_bits": 192,
 "GL_nodes_per_unit_panel": 64,
 "rho": 2,
 "cover_boxes": 6,
 "beta_star": "[0.29532159598556788645 +/- 3.07e-21]",
 "sup_psi_minus_beta": "[8.60947854043485392418993305706090235181784189618561784127 +/- 4.61e-57]",
 "lambda0_certified": "[2.67167245335e-13 +/- 4.99e-25]",
 "certified_by": "eigenbasis-Gershgorin",
 "eigen_certificate": {
  "lambda_min_lower_bound": "[2.67167245335e-13 +/- 4.99e-25]",
  "gershgorin_min": "[2.67167245335e-13 +/- 4.99e-25]",
  "lambda_max_VtV_upper": "[1.0000000000000000000 +/- 1e-24]",
  "lambda_min_VtV_lower_(invertibility)": "[1.0000000000000000000 +/- 3e-25]",
  "max_offdiag_VtAV": "[1.58892816249166123254605056630584738273335266978275377250e-30 +/- 2.26e-87]",
  "approx_smallest_eigs_float": [
   2.6716724533549817e-13,
   5.4314968190366324e-08,
   0.0012648282611706582
  ],
  "seconds": 29.440701961517334
 },
 "ldl_statuses": {},
 "ldl_at_0_positive": null,
 "eps_D": "[4.70260e-199 +/- 1.27e-205]",
 "eps_C": "[3.72376e-96 +/- 3.87e-102]",
 "eps_p": "[4.14605e-907 +/- 1.10e-913]",
 "norm_pN": "[1.20771838681 +/- 2.43e-13]",
 "max_entry_radius": "[6.51783080568882288979584237609143318926862131532066955796e-32 +/- 3.69e-89]",
 "max_quadrature_error_bound": "[2.71521478394698682387675813310351627724847757597867479768e-32 +/- 4.14e-89]",
 "verdict": "ACCEPT: margin = lambda0 - off^2/d_low = 2.672e-13 (lambda0=2.672e-13, off=3.724e-96, d_low=2.953e-01)",
 "cross_check_vs_acb_integral": {
  "0,0": {
   "new": "[-3.1559377854503672123 +/- 1.33e-20]",
   "old": "[-3.155937785450367212 +/- 6.73e-19]",
   "overlap": true
  },
  "0,2": {
   "new": "[0.074621274374593721383 +/- 2.58e-22]",
   "old": "[0.07462127437459372 +/- 2.19e-18]",
   "overlap": true
  },
  "20,40": {
   "new": "[0.21807029789769193253 +/- 3.39e-21]",
   "old": "[0.21807029789769193 +/- 3.70e-18]",
   "overlap": true
  }
 },
 "runtime_s": 248.98155283927917
}
VISIBLE CERT DONE even L=0.7 T=160 N=160 in 249s
