box check n=20 closed |j|<= [0.0143800787187744497772468546401673788765810329225597352190 +/- 1.02e-59] series |j|<= [386571228564032228763144171223100.368031012525177691592116 +/- 2.81e-25]
box check n=60 closed |j|<= [46644.5530399495314903361631950689291658287941658138327470 +/- 6.75e-55] series |j|<= [2423424681624056805129071.40044888141784692191821611689722 +/- 4.98e-33]
box check n=100 closed |j|<= [25154089666798830903.7216428028321370477390524032248492488 +/- 4.46e-39] series |j|<= [3211213405.11299908751118640483319841395250566090976851188 +/- 4.64e-49]
selftest j_0(3.3) ok, rad [3.49680246641094894249290403206919640808524561867218715911e-59 +/- 1.85e-116]
selftest j_2(0.7) ok, rad [1.50009245712926715339323445790747962217579850774452890336e-58 +/- 8.51e-116]
selftest j_10(12.5) ok, rad [1.59148984980298285750355264162002868825640514505530938822e-57 +/- 4.00e-114]
selftest j_40(20.0) ok, rad [1.75526128184670777135594287728460851699442534565434560955e-65 +/- 4.55e-122]
selftest j_80(84.0) ok, rad [2.08398947601211076397981790085114210362253753577662290130e-44 +/- 1.17e-101]
selftest j_158(50.0) ok, rad [2.12449338736795441373258328585267778559085497090325588175e-116 +/- 2.34e-173]
selftest j_158(84.0) ok, rad [2.34030063586447036790976069874543096895854126694254679515e-77 +/- 2.16e-134]
selftest j_60(84.0) ok, rad [4.59732409621720161699339611075143401114071618507050077802e-51 +/- 3.55e-108]
selftest j_100(84.0) ok, rad [1.46107479779998029316080250471503849861302977455627503747e-46 +/- 3.72e-103]
selftest j_84(84.0) ok, rad [6.71467052258164588651875176843968800256439535786162147453e-43 +/- 4.04e-100]
nodal pass panel 0 t=0s
nodal pass panel 10 t=3s
nodal pass panel 20 t=6s
nodal pass panel 30 t=10s
nodal pass panel 40 t=14s
nodal pass panel 50 t=19s
nodal pass panel 60 t=24s
nodal pass panel 70 t=29s
nodal pass panel 80 t=36s
nodal pass panel 90 t=43s
nodal pass panel 100 t=51s
nodal pass panel 110 t=59s
nodal pass panel 120 t=66s
nodal pass panel 130 t=74s
nodal pass panel 140 t=83s
nodal pass panel 150 t=94s
ellipse pass done t=102s; max MP [24190.6957076080184708694016423703190906839981071893727874 +/- 2.58e-54], MF[158] [15.4898103797561826491863954619044678897169903601651227740 +/- 6.54e-56]
matrix assembled t=158s; max quadrature error [2.70159361539768255922279352604823053443591203020817180838e-32 +/- 4.61e-90]; M00=[-4.83250455269400 +/- 4.75e-15]
xcheck 0 0 {'new': '[-4.8325045526939952587 +/- 2.88e-20]', 'old': '[-4.8325045526939952587 +/- 9.68e-20]', 'overlap': True}
xcheck 0 2 {'new': '[0.37400764323866169234 +/- 4.34e-21]', 'old': '[0.374007643238661692 +/- 4.94e-19]', 'overlap': True}
xcheck 20 40 {'new': '[0.074604658642133111894 +/- 3.19e-22]', 'old': '[0.074604658642133112 +/- 3.04e-19]', 'overlap': True}
eigen-Gershgorin certificate: {'lambda_min_lower_bound': '[-0.101082376423 +/- 4.28e-13]', 'gershgorin_min': '[-0.101082376423 +/- 4.28e-13]', 'lambda_max_VtV_upper': '[1.0000000000000000000 +/- 1e-24]', 'lambda_min_VtV_lower_(invertibility)': '[1.0000000000000000000 +/- 3e-25]', 'max_offdiag_VtAV': '[1.86156771722226325083300685292371238956700079190995317440e-30 +/- 2.45e-87]', 'approx_smallest_eigs_float': [-0.1010823764225727, -3.680048067340963e-05, 0.5439751162711185], 'seconds': 24.08901309967041}
{
 "run": 30,
 "L": "0.7",
 "T": 160,
 "visible_primes_only": true,
 "minimizer_frozen_40dig": [
  "0.3577449240063773119170865230925374800451",
  "-0.2517819254829166779490473096333935122494",
  "-0.6858597766229772106130586606065218918308",
  "0.5665494281491756816047719464205718291062",
  "-0.1302642416770647064679498880565889719579",
  "0.01348627619891402482443996829864083537515",
  "0.003249126027425506900055018485906298248937",
  "-0.004543209082945212885640064601004055899844",
  "-0.0001939475906505505392691448189501064013637",
  "-0.00312642202457121660057075664221340884859",
  "-0.001488329638280927124239159398352143255508",
  "-0.001587797131132776881483551236272027795275",
  "-0.001112801902382887705989292581445946338978",
  "0.0001442526038057046631822002465082891144654",
  "-0.0001789755759983671459455419245062010996808",
  "0.001469608933488321403873523429559702293338",
  "0.0002166634107356290967905002693658985200442",
  "0.001622766676002297245096814781081974600531",
  "-0.0005015965778350409370753235930085416588776",
  "0.0007624583642132615210256912522442350484721",
  "-0.001513675795698812714611391850184005028172",
  "0.0003251131343249381988943833512609794830024",
  "-0.001389282670586235536299728724581363462504",
  "0.00109447662250007060787141263859816770341",
  "-0.0005758902066549313187285349840046746141103",
  "0.001517691877410989421789014205378579683336",
  "-0.0009004328629268006063699765782517152882613",
  "0.0007676912904243836493639482556507277955998",
  "-0.001474726425044763390328592166164567840704",
  "0.0008948705709853480822486242715518234512476",
  "-0.0008032678832833467137671779630855643795896",
  "0.001401887514513232075381263820892124597444",
  "-0.001002424219802012454887691202806995468164",
  "0.0007470255959294758100792837318957844948824",
  "-0.00126308025408128431126728535844962745162",
  "0.001184893333372370912939673453884952165118",
  "-0.000748473167588055721665808631391410872439",
  "0.0009878691315298504663892140859749565300066",
  "-0.001286049773470965064549540957855107021",
  "0.0009828896193990598729562342065439831271344",
  "-0.0007512877981323653119611738650923516421598",
  "0.001026901035087337635517208337965372242309",
  "-0.001224927401722464690150140403430568607247",
  "0.0009851847457870228668498621722191266204893",
  "-0.0007458872520086112549054189478577550365905",
  "0.0008777513903140157725391780707208707114254",
  "-0.00113415001544303679686641502502024615994",
  "0.001131770336905854510224386702244151671743",
  "-0.0008867748450792574999111942623111190500598",
  "0.0007040647420754823756712353674702887943606",
  "-0.0007693012557405248777947036856829807369432",
  "0.000993049393331428835315876686658679788444",
  "-0.001165712376945340643888957538792824329624",
  "0.001156977045468442319571280593578182562244",
  "-0.000976575516964166914825265762653987416358",
  "0.0007148288598429362143431000691494344884081",
  "-0.0004620457179163922478863461902705976435407",
  "0.0002676159121190357308777140958280134916621",
  "-0.0001405102293154235536997802526218829982258",
  "0.00006749569003380046720653763897412510471831",
  "-0.00002988518855989278117763156574934335551306",
  "0.00001227199017765399973596243778120247502185",
  "-0.000004697693119789990069456829089587869251183",
  "0.000001683680255178543764867874053119263146036",
  "-0.0000005671130018418666302786572906244110780323",
  "0.0000001801077900441439215821316629405626906522",
  "-0.00000005408719657420650657660548443509899459779",
  "0.00000001539786803334276733617294961921244718822",
  "-0.000000004165034240551011613335015627250428362181",
  "0.000000001072648611280115725178655740906094836874",
  "-0.0000000002635011882440410596037449007170973749024",
  "0.00000000006184825021879801955136249268323747014651",
  "-0.00000000001389196100811125906593923139723774897682",
  "0.000000000002990257882949007199703064166079561799002",
  "-6.176367276490146277147453002648456734103e-13",
  "1.225648057618155866423861221613256774189e-13",
  "-2.339368209056831274663078914277589754373e-14",
  "4.299229195159342453970593681892733938892e-15",
  "-7.61502769991332639077264633295602865373e-16",
  "1.301201224823849006783635032047268126982e-16",
  "-2.146786501726661235210323071492985746802e-17",
  "3.422648873757076694186240386740488551664e-18",
  "-5.277192418031483807494999820368178378183e-19",
  "7.874638434851352711961721552399947279797e-20",
  "-1.138017631161661844827665480252867547552e-20",
  "1.593846496945565403691833173325657843889e-21",
  "-2.164699783517672314802547059097333866511e-22",
  "2.852753453973336441262870549983408196608e-23",
  "-3.650026456485259236529817450921544297207e-24",
  "4.536613608103287584062449770310484922468e-25",
  "-5.480246980010214529822799954693934568801e-26",
  "6.437541563494887417954106483787919052969e-27",
  "-7.357015024576255156055234004489476284423e-28",
  "8.183643540068352076725494255473344528424e-29",
  "-8.864397332175304002805949549431706781967e-30",
  "9.35396718724918543707168723447827003131e-31",
  "-9.619807525453067244237108362875958677384e-32",
  "9.645709158300017412658562388510617858302e-33",
  "-9.433360097622318517997814584857115074609e-34",
  "9.001701583533840494268300936935510579158e-35",
  "-8.384261215606071444488880623793311229977e-36",
  "7.624965434960919378793556970929470292964e-37",
  "-6.773137240589191050203548777226127274271e-38",
  "5.878441451431699002194129914592654239473e-39",
  "-4.986454553700335869983212785015141359317e-40",
  "4.135344866368384065420563891339258191934e-41",
  "-3.353904471424549648414174030186715994132e-42",
  "2.660932400630980074389233563511057923069e-43",
  "-2.065773509637155634542596719801572593347e-44",
  "1.569695279321828094904385717914980544334e-45",
  "-1.167741148304518085223443227155983888644e-46",
  "8.5072278246652485295287837525103190501e-48",
  "-6.07083529488767275292385826169452806991e-49",
  "4.244569373560911001128305147145805100725e-50",
  "-2.908340710695566801540529157105516885116e-51",
  "1.953424591036644660477230673439049251891e-52",
  "-1.285861288862427677132307742087733869048e-53",
  "8.353702918076887656412360635767552437192e-55",
  "-4.821505932331573611119533618706455288618e-56",
  "8.218602439829716417410193780847147681563e-57",
  "5.392077944510884960834676022915130452485e-57",
  "5.900312236678804534706715536437893179851e-57",
  "5.828028610073905948943549967587114206615e-57",
  "5.116385033236514659838836926361611793372e-57",
  "5.544673802269821627645876788964949149625e-57",
  "5.531902804259178892102873949048285391172e-57",
  "6.435776706670470317746994425776005548766e-57",
  "6.84790230988616168206801809817180714606e-57",
  "5.768942418996463273877686797102267149058e-57",
  "5.032613980357689499279563003070603294183e-57",
  "4.400583028308599004847870579154088954363e-57",
  "4.413046957785028122577494913404171814615e-57",
  "4.099422980644747765525634528482382898215e-57",
  "3.934662775196334214500025775241822526515e-57",
  "4.231602530712481431941953534567489719358e-57",
  "4.717273751076267320724805234104492175103e-57",
  "4.995925573951734377229764033946733619594e-57",
  "5.119270645789899789206946029847776077049e-57",
  "5.066601399788893294189362507074173552775e-57",
  "4.672032219254608937320579280069494704688e-57",
  "4.18945587984748673587875184652663984361e-57",
  "3.89077173672608834201243462362884238407e-57",
  "4.326756050342994272926981098227435130807e-57",
  "4.244938652737249016173321904920204790781e-57",
  "3.693824726517832010919404138163468456676e-57",
  "3.30871139802052655959973601994361503289e-59",
  "2.846164996723957787237903780323796193606e-58",
  "3.197312877985252932875767567588976463247e-58",
  "7.164414941401359865809484000574175698798e-58",
  "9.590874651203812575594707563236850344981e-58",
  "1.464386524805897409397129213420010465381e-57",
  "1.82099849609004264400562800412796467373e-57",
  "2.27669733137480992883668413814403395339e-57",
  "2.405751240315461101834717306544355559114e-57",
  "2.467982895267431801870481472356902949179e-57",
  "2.722847037480833444939082672229833177794e-57",
  "2.568255240434752273859796270231339204664e-57",
  "1.815877899100808791120089502562204317788e-57",
  "1.889132082469427312485041008146029907352e-57",
  "1.959115883895875424291742201065192887191e-57"
 ],
 "modes": [
  0,
  2,
  4,
  6,
  8,
  10,
  12,
  14,
  16,
  18,
  20,
  22,
  24,
  26,
  28,
  30,
  32,
  34,
  36,
  38,
  40,
  42,
  44,
  46,
  48,
  50,
  52,
  54,
  56,
  58,
  60,
  62,
  64,
  66,
  68,
  70,
  72,
  74,
  76,
  78,
  80,
  82,
  84,
  86,
  88,
  90,
  92,
  94,
  96,
  98,
  100,
  102,
  104,
  106,
  108,
  110,
  112,
  114,
  116,
  118,
  120,
  122,
  124,
  126,
  128,
  130,
  132,
  134,
  136,
  138,
  140,
  142,
  144,
  146,
  148,
  150,
  152,
  154,
  156,
  158,
  160,
  162,
  164,
  166,
  168,
  170,
  172,
  174,
  176,
  178,
  180,
  182,
  184,
  186,
  188,
  190,
  192,
  194,
  196,
  198,
  200,
  202,
  204,
  206,
  208,
  210,
  212,
  214,
  216,
  218,
  220,
  222,
  224,
  226,
  228,
  230,
  232,
  234,
  236,
  238,
  240,
  242,
  244,
  246,
  248,
  250,
  252,
  254,
  256,
  258,
  260,
  262,
  264,
  266,
  268,
  270,
  272,
  274,
  276,
  278,
  280,
  282,
  284,
  286,
  288,
  290,
  292,
  294,
  296,
  298,
  300,
  302,
  304,
  306,
  308,
  310,
  312,
  314,
  316,
  318
 ],
 "parity": "even",
 "pole_sign_mutation": 1,
 "pole_term_sign_used": 1,
 "NE": 160,
 "ncut": 320,
 "prec_bits": 192,
 "GL_nodes_per_unit_panel": 64,
 "rho": 2,
 "cover_boxes": 6,
 "beta_star": "[2.2570369777406411502 +/- 4.31e-20]",
 "sup_psi_minus_beta": "[8.60947854043485392418993305706090235181784189618561784127 +/- 2.06e-57]",
 "lambda0_certified": null,
 "certified_by": null,
 "eigen_certificate": {
  "lambda_min_lower_bound": "[-0.101082376423 +/- 4.28e-13]",
  "gershgorin_min": "[-0.101082376423 +/- 4.28e-13]",
  "lambda_max_VtV_upper": "[1.0000000000000000000 +/- 1e-24]",
  "lambda_min_VtV_lower_(invertibility)": "[1.0000000000000000000 +/- 3e-25]",
  "max_offdiag_VtAV": "[1.86156771722226325083300685292371238956700079190995317440e-30 +/- 2.45e-87]",
  "approx_smallest_eigs_float": [
   -0.1010823764225727,
   -3.680048067340963e-05,
   0.5439751162711185
  ],
  "seconds": 24.08901309967041
 },
 "ldl_statuses": {},
 "ldl_at_0_positive": null,
 "eps_D": "[4.70260e-199 +/- 1.27e-205]",
 "eps_C": "[3.72376e-96 +/- 3.87e-102]",
 "eps_p": "[4.14605e-907 +/- 1.10e-913]",
 "norm_pN": "[1.20771838681 +/- 2.43e-13]",
 "max_entry_radius": "[5.40318726073509500134879626255860982808621524301028984016e-32 +/- 7.93e-90]",
 "max_quadrature_error_bound": "[2.70159361539768255922279352604823053443591203020817180838e-32 +/- 4.61e-90]",
 "verdict": "NO_VERDICT: lambda0 not interval-certified",
 "cross_check_vs_acb_integral": {
  "0,0": {
   "new": "[-4.8325045526939952587 +/- 2.88e-20]",
   "old": "[-4.8325045526939952587 +/- 9.68e-20]",
   "overlap": true
  },
  "0,2": {
   "new": "[0.37400764323866169234 +/- 4.34e-21]",
   "old": "[0.374007643238661692 +/- 4.94e-19]",
   "overlap": true
  },
  "20,40": {
   "new": "[0.074604658642133111894 +/- 3.19e-22]",
   "old": "[0.074604658642133112 +/- 3.04e-19]",
   "overlap": true
  }
 },
 "runtime_s": 190.6513900756836
}
VISIBLE CERT DONE even L=0.7 T=160 N=160 in 191s
