T1 L=0.40 even: theta*=0.0  lam(0)=+3.62e-04 lam(0.5)=+7.64e-04 lam(1)=+1.48e-04
T1 L=0.40 odd: theta*=0.826  lam(0)=-9.03e-02 lam(0.5)=-2.92e-02 lam(1)=+1.27e-02
T1 L=0.45 even: theta*=0.818  lam(0)=-8.99e-03 lam(0.5)=-2.44e-03 lam(1)=+1.24e-05
T1 L=0.45 odd: theta*=0.984  lam(0)=-2.16e-01 lam(0.5)=-8.50e-02 lam(1)=+1.97e-03
T1 L=0.50 even: theta*=0.98  lam(0)=-3.56e-02 lam(0.5)=-1.26e-02 lam(1)=+7.29e-07
T1 L=0.50 odd: theta*=0.999  lam(0)=-3.32e-01 lam(0.5)=-1.39e-01 lam(1)=+1.47e-04
T1 L=0.55 even: theta*=0.999  lam(0)=-9.13e-02 lam(0.5)=-3.10e-02 lam(1)=+2.65e-08
T1 L=0.55 odd: theta*=1.0  lam(0)=-4.41e-01 lam(0.5)=-2.11e-01 lam(1)=+7.68e-06
T1 L=0.60 even: theta*=1.0  lam(0)=-2.39e-01 lam(0.5)=-9.30e-02 lam(1)=+7.58e-10
T1 L=0.60 odd: theta*=1.0  lam(0)=-4.75e-01 lam(0.5)=-2.35e-01 lam(1)=+2.79e-07
T2 L=0.70 even subset []: -2.53e-01
T2 L=0.70 even subset [2]: -1.08e-01
T2 L=0.70 even subset [3]: -4.54e-01
T2 L=0.70 even subset [4]: -2.58e-01
T2 L=0.70 even subset [2, 3]: +3.10e-13
T2 L=0.70 even subset [2, 4]: -1.16e-01
T2 L=0.70 even subset [3, 4]: -4.59e-01
T2 L=0.70 even subset [2, 3, 4]: +2.40e-13
T2 L=0.70 odd subset []: -7.40e-01
T2 L=0.70 odd subset [2]: -5.15e-01
T2 L=0.70 odd subset [3]: -4.89e-01
T2 L=0.70 odd subset [4]: -7.36e-01
T2 L=0.70 odd subset [2, 3]: -1.95e-05
T2 L=0.70 odd subset [2, 4]: -5.08e-01
T2 L=0.70 odd subset [3, 4]: -4.89e-01
T2 L=0.70 odd subset [2, 3, 4]: +1.52e-10
T3 control L=0.30 identical: True [0.007100085024460258, 0.007100085024460258, 0.007100085024460258] [0.21608372944630191, 0.21608372944630191, 0.21608372944630191]
T3 mutation theta*: {'even': {'theta_star': None}, 'odd': {'theta_star': None}}
runtime 57
