box check n=20 closed |j|<= [0.014380078720525946902788370149931010365390048739898772008766681396475751577828069177458781762739 +/- 3.88e-97] series |j|<= [386571228564032228763144171223100.36803101252517769159211616272255152380059262333302422031417443 +/- 2.32e-63]
box check n=60 closed |j|<= [46644.553039949531490336163195068929165828794165813832746971091429213858739921106180372666036802 +/- 6.79e-92] series |j|<= [2423424680498087599026476.1996457364309617214001383635002157127402995549982605326307937860864380 +/- 2.40e-71]
box check n=100 closed |j|<= [25154089647617089424.393977076802776014595005116069340805828694482963475103032365193466091872294 +/- 1.23e-76] series |j|<= [3211213399.5852702174788640295767108547960228810287778336544926456106382683603775236012116811986 +/- 3.58e-86]
selftest j_0(3.3) ok, rad [1.0276178863018780615007185902193715850611997385330824894935567609320763958499771234296272472117e-97 +/- 4.07e-192]
selftest j_2(0.7) ok, rad [1.6594732458983456363430885112322111941907482979282593584271757273843101588519779677882349106153e-66 +/- 4.61e-161]
selftest j_10(12.5) ok, rad [4.6769683195860429617357870408368615031591491191745783501256181715578838702158912956908532214396e-96 +/- 2.11e-192]
selftest j_40(20.0) ok, rad [1.5616103989061555094468168508066602991911720031723636413278042692065793146072012908795906842730e-71 +/- 4.58e-166]
selftest j_80(84.0) ok, rad [5.2139236056162883885437793404220035978272278585910447139842148904505293660620160973605532004213e-83 +/- 3.70e-178]
selftest j_158(50.0) ok, rad [2.4854438093274811316872501326674115372078057147070675061417325206399631939853503901499015282995e-124 +/- 9.69e-220]
selftest j_158(84.0) ok, rad [3.8630989473409576337171527290167213360117016492793330140501707416069087100894016355708709981155e-88 +/- 4.53e-183]
selftest j_60(84.0) ok, rad [1.3400997855382060388219817818017797771262322952955519819127970005759101359735984129815506878276e-89 +/- 4.64e-184]
selftest j_100(84.0) ok, rad [5.4676441526350870806614991730144739367767052318854611293659334689503242031471043967140624636692e-60 +/- 4.65e-155]
selftest j_84(84.0) ok, rad [1.6612582533222438426708908281394844928041366636828106654763456809986755071322135679907671712655e-81 +/- 4.92e-176]
nodal pass panel 0 t=0s
nodal pass panel 10 t=4s
nodal pass panel 20 t=7s
nodal pass panel 30 t=12s
nodal pass panel 40 t=17s
nodal pass panel 50 t=22s
nodal pass panel 60 t=29s
nodal pass panel 70 t=35s
nodal pass panel 80 t=42s
nodal pass panel 90 t=50s
nodal pass panel 100 t=58s
nodal pass panel 110 t=66s
nodal pass panel 120 t=75s
nodal pass panel 130 t=85s
nodal pass panel 140 t=95s
nodal pass panel 150 t=105s
nodal pass panel 160 t=115s
nodal pass panel 170 t=126s
nodal pass panel 180 t=138s
nodal pass panel 190 t=150s
nodal pass panel 200 t=162s
nodal pass panel 210 t=175s
nodal pass panel 220 t=188s
nodal pass panel 230 t=201s
nodal pass panel 240 t=215s
nodal pass panel 250 t=230s
nodal pass panel 260 t=245s
nodal pass panel 270 t=260s
nodal pass panel 280 t=277s
nodal pass panel 290 t=294s
nodal pass panel 300 t=311s
nodal pass panel 310 t=330s
nodal pass panel 320 t=348s
nodal pass panel 330 t=368s
nodal pass panel 340 t=386s
nodal pass panel 350 t=406s
nodal pass panel 360 t=425s
nodal pass panel 370 t=445s
nodal pass panel 380 t=466s
nodal pass panel 390 t=487s
ellipse pass done t=506s; max MP [2300340.9994799049527948326570852738101702568484084337399588628687933875736615383101546599778046 +/- 1.14e-89], MF[158] [19.572766700260206430690337470576987880306428183671520428642771977684607295206557732246811200938 +/- 2.69e-94]
matrix assembled t=918s; max quadrature error [9.5316880776977306300643251758043718799636091419918738276155224318516383803791396388306345787764e-21 +/- 1.41e-116]; M00=[-1.58659224311595 +/- 2.47e-15]
xcheck 1 1 {'new': '[-1.5865922431159524663 +/- 1.48e-20]', 'old': '[-1.5865922431159524663 +/- 1.48e-20]', 'overlap': True}
xcheck 1 3 {'new': '[0.40366398283841938028 +/- 2.26e-22]', 'old': '[0.40366398283841938028 +/- 1.84e-22]', 'overlap': True}
xcheck 21 41 {'new': '[0.08582795298564102862 +/- 2.37e-21]', 'old': '[0.085827952985641028619 +/- 5.13e-22]', 'overlap': True}
eigen-Gershgorin certificate: {'lambda_min_lower_bound': '[5.63722754525e-7 +/- 4.84e-19]', 'gershgorin_min': '[5.63722754525e-7 +/- 4.84e-19]', 'lambda_max_VtV_upper': '[1.0000000000000000000 +/- 1e-24]', 'lambda_min_VtV_lower_(invertibility)': '[1.0000000000000000000 +/- 3e-25]', 'max_offdiag_VtAV': '[1.8439540038770584586223438903866689297927907920729538156133055515988603230869501749390695063897e-18 +/- 7.49e-114]', 'approx_smallest_eigs_float': [5.637227545306863e-07, 0.008200866644210764, 0.7494697157747644], 'seconds': 231.86703419685364}
{
 "run": 30,
 "L": "0.6",
 "T": 400,
 "visible_shifts": [
  "[0.6931471806 +/- 4.01e-11]",
  "[1.098612289 +/- 3.32e-10]"
 ],
 "B_visible": "[2.24882634466368 +/- 4.86e-15]",
 "max_quadrature_error_bound_q": "[9.5316880776977306300643251758043718799636091419918738276155224318516383803791396388306345787764e-21 +/- 1.41e-116]",
 "minimizer_frozen_40dig": [
  "0.5764719063513118088667873759541797208065",
  "-0.7233625992144223645635468669222621227648",
  "0.3704398159204140214212538897412728474768",
  "-0.08465808574022653409028923515466150637667",
  "-0.0002774355420259042085047467903443998843058",
  "0.005426882286485338124917259592091771369345",
  "-0.001915918942252158692789806341205098385055",
  "0.0008054443344158105095011525842482373615162",
  "-0.0003877993093484300671514517574877493911996",
  "0.0001067380013963780898420800369888098368602",
  "-0.00003604251469426636788647253065585416326213",
  "0.0001337015372593514956368352613470337254126",
  "-0.00007220202177406764266428401166598105900675",
  "0.00003782623047236539979100327193256662158198",
  "-0.00003681096436540693602130070960542672713258",
  "0.00005005902794527467469347183492727146534723",
  "0.00001205249451839414667974263293161892237007",
  "0.000005412882720685185486430065936749572721472",
  "-0.00001940002245042815793542766984916979135597",
  "-0.000003889881272589712449307657711278705005534",
  "0.000007198932549463019922452135700004435037419",
  "0.000003409304882609753380667943590802662399146",
  "0.000002042728987139975010673263283141950754415",
  "-0.00002998406591524665427434099918395522105808",
  "0.000005348463738449271123872641760405379395771",
  "-0.00001451671099019108888416084409036761727308",
  "0.00002201262306775869071909560818748093161443",
  "-0.000009719200786691315405960966170550422496048",
  "0.000002208502747216259108652075358297961833589",
  "-0.000006088533391822060112201678348803970005249",
  "0.00000759113841066552527798754855892188830944",
  "0.00001086817953324861598167152359835371144962",
  "0.000002495656910387916202836143730455575598623",
  "-0.000001912629990549355286569126149335634512292",
  "-0.00001167172826386713303454184121849764352548",
  "0.000003334563207431329216383284442291094261427",
  "-0.000004567982388357289028190496301841844775276",
  "0.000009458327200915994137136812492940338375429",
  "-0.00001049811145264542541139849798413490446087",
  "0.000002963660192132246126123240600691103903841",
  "-0.000003026362031183276013996584413919984430912",
  "0.000007886802303417421543851546398792394700526",
  "0.000005387526288953817143751951341819488504758",
  "-0.000004243795196103950664682738138548124677085",
  "-0.000002171606982719490650804046531007391426591",
  "-0.000008437859611243969194480737725832338613076",
  "0.000005872736074920955356846012712214729860059",
  "0.000000008886451413206786304824748108486056040544",
  "0.000005824983062690849342445100844160746984039",
  "-0.00000522304511747160152120761186352420085494",
  "0.000001170962006980745778637857606457286814698",
  "-0.000002244401048875115764611037377026789263858",
  "0.000003431026068328319453576491085879709232406",
  "-0.0000001596869828364244265169874986867900427347",
  "-0.000003172343450030250112238736572355744920791",
  "0.000001092195511757737403377796657724285376924",
  "-0.000002435478589929689292265788498975000650069",
  "0.000007037265845675863694494600664280921909016",
  "-0.000003494468064115602551327975074895629599855",
  "0.000001278369579347888675076976120781479635773",
  "-0.000005245995440489975077371635638284490477226",
  "0.000001989057069418536203015569957812727493727",
  "0.000002251033860983259810760073104878384437757",
  "0.000001476276586850464300125669882150973751328",
  "-0.0000007370108147842978521918815590278189997014",
  "-0.000003988034207145049970791922086265695596842",
  "0.000001514117294900437556682048881265794458295",
  "0.00000007109362306581433124473251592415165168704",
  "0.00000431962718358159778292378120041402972992",
  "-0.000004066086609424734166486503325641677708494",
  "0.0000006103760338186428632638505822448286396194",
  "-0.00000247658399778453015154730829525113688817",
  "0.000003681211886735012256817156646609416713449",
  "0.0000003654712523929107575905582575459316463563",
  "-0.000001901675097376361656324929260782466927316",
  "-0.0000001316330837733269826581696787304068323555",
  "-0.000001245425086557899944922914579774275356337",
  "0.000004084580968772388736499379249145194650709",
  "-0.000002672655423577422532718874015375647918416",
  "0.0000005026513344692738325732932258310881280853",
  "-0.000001916627906255939874423486897209030775749",
  "0.000003013418890964345765475317509681567537223",
  "-0.0000007874228942116194438387653557226700798561",
  "-0.0000007786240520968769062676673611610774305378",
  "-0.0000005701968079736608064645651454637086642501",
  "0.000001096111873583427305020322835844607583266",
  "0.000001157886854102571888948396377776980857638",
  "-0.000002864841555339665839090179112306675533755",
  "0.000001940860799370436322744265628044182402981",
  "-0.0000009431125474523048754048724466849409138534",
  "0.000001966021769066561281050877049075859806934",
  "-0.000003081763687646748223098055941863682945941",
  "0.000001967866704266013346618191544149934009603",
  "0.000000269140421550558427300966088173204612368",
  "-0.000001064683111335199681719323106097783967047",
  "0.0000002360667320371245948797576592327939065937",
  "0.000000178470441971672069850881014322519373516",
  "0.0000009065096087001815616764098305545661879308",
  "-0.00000230275549221269940449145944934150288066",
  "0.000002417473208162265351392847197560190115888",
  "-0.000001300150418109671576403773573743470984094",
  "0.0000003521765906285932291840748543164980898967",
  "-0.0000005350042159189470536621962828668768630324",
  "0.000001391710510851749091186262931873923955815",
  "-0.000001732022884802014858636599319239366063925",
  "0.0000009081386707711025289146122694362681915286",
  "0.0000006670237616414474780993100787945699851775",
  "-0.00000202440402459316561285635820560154789953",
  "0.000002467270786041394030907315579735368721571",
  "-0.000001984887151503784156074997627349704481989",
  "0.000001080696023522433758592438684927058371971",
  "-0.0000003284498903049506048918892578583369188871",
  "0.00000003735075612455670900562921761733297212978",
  "-0.0000001864759478404653211486413664378943899242",
  "0.0000005581983483233575026226751239403268018693",
  "-0.0000009154981718319852783820248802778665975616",
  "0.000001113501654902872381370980787589169071498",
  "-0.000001120952728359664828237947190120565186992",
  "0.0000009838809605366371951703767849323014320442",
  "-0.0000007752619885966107104710516849644731037011",
  "0.0000005585779966543690785804846759267100652886",
  "-0.0000003726306589081587999446429770910589801713",
  "0.0000002322476123708967858158919708283584021126",
  "-0.0000001361630006592020335057820883906767725544",
  "0.00000007549425545412719076538082758761674623842",
  "-0.00000003975342094506522224287202343123419872282",
  "0.0000000199512662981384569666116674250509642391",
  "-0.00000000957160154057559749804318982047094631082",
  "0.000000004400583171078189549933080002377640384792",
  "-0.000000001943085214255976381397420880977397168406",
  "0.0000000008255720945372157009399047377303561153881",
  "-0.0000000003380870965119781858450858701344442060092",
  "0.000000000133647809396918644518505102928680983182",
  "-0.00000000005106666536175181704583681903657084510027",
  "0.00000000001888348804951673535803698041436763457989",
  "-0.000000000006765109972142642794299377736367755462183",
  "0.000000000002350461802226284303173344531794852014023",
  "-7.927192160117388744261698573452364612167e-13",
  "2.597433842501192590569207031686530821671e-13",
  "-8.275081439788024465126042904993406202511e-14",
  "2.565206515335443064179551151037598832928e-14",
  "-7.742706621018435765109881344622292871641e-15",
  "2.276997958974199339943671882213558266217e-15",
  "-6.528202053732386047071850302194815061947e-16",
  "1.825710290394344749110055407308704086779e-16",
  "-4.983215181903555325636867555434872728832e-17",
  "1.328147566679914746249707758542173664071e-17",
  "-3.458196835118160127480626213672319970247e-18",
  "8.800693779031966689721691285685674743252e-19",
  "-2.18995558434601683649778895021633574435e-19",
  "5.330688339237775315632696522130871918609e-20",
  "-1.269787287116843281856461349590363951839e-20",
  "2.96101633504986107126949783973662214449e-21",
  "-6.761890384499992883225261397820298290214e-22",
  "1.512730962283278964626976135023955186922e-22",
  "-3.316378758824369608374444333165865296933e-23",
  "7.127090890611958991030821075268042603864e-24",
  "-1.50188868543703557455300703587244857352e-24",
  "3.104323628142127177262781395219374781218e-25",
  "-6.295378606113504368674715905147827851866e-26",
  "1.252909617863444582436722391175938268087e-26",
  "-2.447788629289200062142675739517854195758e-27",
  "4.695628243299300496375332105397421999229e-28",
  "-8.846770758844066770362649193020118329954e-29",
  "1.637379241788033408223271697285647228922e-29",
  "-2.977735312621820470376188398273153315004e-30",
  "5.32219703324678707742078077069403190981e-31",
  "-9.350969316824210507103042268796656268861e-32",
  "1.615374077678615284036989138429674449127e-32",
  "-2.744275299850596958923176356621384017393e-33",
  "4.585694179305560335368312174933915740563e-34",
  "-7.538547535358740992258595606194515971813e-35",
  "1.219426060847072209199950976524565775547e-35",
  "-1.941271587878741577569625555800866777749e-36",
  "3.04197668363988311658240819926983257189e-37",
  "-4.692863659458062809200562746534562580224e-38",
  "7.128600269134231630985870107974264515854e-39",
  "-1.06641149019648828012351905773943308015e-39",
  "1.571331413844643867961072368922170705993e-40",
  "-2.280865637541842369135953703478247815609e-41",
  "3.262011086001156093297557771274790703507e-42",
  "-4.597146220601342041867873206425297747126e-43",
  "6.38513666048947975564983949869086260855e-44",
  "-8.741610966742776675132470364240103994411e-45",
  "1.179807559892894868477056128205223337201e-45",
  "-1.569954225269265891117366959935459420046e-46",
  "2.060038488395814854493729654281415789063e-47",
  "-2.665823478056235225591510975319662576549e-48",
  "3.402586252191818410850336600348016131156e-49",
  "-4.284118171545916577945558728309590421984e-50",
  "5.321572969703756598571980717426556941891e-51",
  "-6.522221596221156349794257223200394577887e-52",
  "7.888195436680684152101637557879942499298e-53",
  "-9.415318023546649284122731900695538324867e-54",
  "1.109213678461228080384716741812844712513e-54",
  "-1.289926803263667727956413334255867640342e-55",
  "1.480915839850370612784391352070268262486e-56",
  "-1.678634358952093018909295002379281317472e-57",
  "1.878825154854273400888585410793202776389e-58",
  "-2.076655421116274403342718542296380303174e-59",
  "2.266902395150024126193642232048565942415e-60",
  "-2.444180236941339979315363559821637631914e-61",
  "2.603194568235557084804835836646049304942e-62",
  "-2.739007781516489105463091259651836617968e-63",
  "2.847296358878737842310582042689812337972e-64",
  "-2.92458129250132407021862907503723992256e-65",
  "2.968414349099221084373042965327830425452e-66",
  "-2.977506238056186194284898531647453318386e-67",
  "2.951787397443548700714693461165889771735e-68",
  "-2.89239761834109704625007991459326973754e-69",
  "2.801606506803409022391806194721605641917e-70",
  "-2.682672236186825122268297558607462094746e-71",
  "2.539650627679992443001526947047984022051e-72",
  "-2.377169891204898051625493441232297964163e-73",
  "2.200188105350836329175802518320655451035e-74",
  "-2.0137506430509686026475450340614386371e-75",
  "1.822763370134357164041721001443220199607e-76",
  "-1.631794820874638972864526396087617386857e-77",
  "1.444917060512149293314425600700406186191e-78",
  "-1.265591005371124046695943246076930873561e-79",
  "1.09659801088694303055319494773080028931e-80",
  "-9.400159307210772034511580331324225659414e-82",
  "7.972348841457193505459492661769491683667e-83",
  "-6.690058254152076781780966975512517130924e-84",
  "5.555137582927183464473387798339588000667e-85",
  "-4.56467050410718624409858374627665616142e-86",
  "3.711946634534205831195049130751504513446e-87",
  "-2.987440631291840908752919054561769891719e-88",
  "2.379738803043380913091904868740245429941e-89",
  "-1.876372391428492493382669451355659252327e-90",
  "1.464506212613298271589223238474281625109e-91",
  "-1.131653959080968698004014978890294442792e-92",
  "8.647426249675608304005204185344696043855e-94",
  "-6.618903886221468053895406763924439690788e-95",
  "4.443095688755154174495330336811019096327e-96",
  "-7.971032474341194354652876995275021929211e-97",
  "-4.410433527124544279256918783491444729066e-97",
  "-4.047199878426677475796324179281165660755e-97",
  "-4.182309173692178220568182563182872605539e-97",
  "-3.234962619302510445307116850980742486328e-97",
  "-3.496024234667889350035674011556498869453e-97",
  "-4.831592073871308284161431785549288738878e-97",
  "-4.644767814058450431916054079915285800402e-97",
  "-4.620779549433666270518716684764707885487e-97",
  "-5.361253604038590964405724570958670241672e-97",
  "-5.309850100870689617311562536551175240114e-97",
  "-4.206124619802986445229393625175111759351e-97",
  "-3.402911942141184008237582556340384364175e-97",
  "-4.282834529102789836161455436095971699441e-97",
  "-6.564095856122553188589070586286818636184e-97",
  "-7.764310754789827956283572814384999712449e-97",
  "-7.373551929836996176135686355733027583006e-97",
  "-6.823279538219463602220966666770339559281e-97",
  "-7.292094843368116488831119357838736241459e-97",
  "-8.497849702864076017207693055749587696604e-97",
  "-8.793751393065448614463915275002830685092e-97",
  "-6.115345694417023069287083901576780683319e-98",
  "-2.104456983899293196599692282845955500436e-96",
  "-5.130803199805454349908436850829827362822e-96",
  "-2.329107359580077040628937834763783332656e-94",
  "1.171806701157401333781556027577311103029e-93",
  "7.056715701795070129735012312889456233322e-93",
  "2.51617782843970088151107232006466544925e-93",
  "2.716774404227111030216800841386373524374e-91",
  "1.275583256451135068512994872500903707652e-90",
  "-2.836340729444064965461145484499106516485e-89",
  "2.414568828693990198241801583819283285373e-88",
  "7.056128078807071239649573544463013946658e-88",
  "6.26879051826244438273818159684403791695e-87",
  "1.551983427415848142916817303611726921214e-87",
  "-3.435231251742124151001642994967954973283e-88",
  "1.618191008433138808597483756946001299858e-85",
  "-3.389609661785609351764150127176891362694e-84",
  "-2.37487830994772457423532172439543463436e-83",
  "2.791779407373004442344582798076469988913e-83",
  "-5.007762699634684677657270439824131966694e-82",
  "2.530804439364317607783390114464952393029e-81",
  "1.286934563948132616041840110667614341141e-80",
  "-1.059178365732046704296482806413166032593e-79",
  "1.004001627390943732464551511949671659019e-79",
  "2.448549481991858683179007248530429816411e-78",
  "-1.884236451201635214527535292018826129718e-78",
  "-4.532013124274729301613716783447772546998e-77",
  "8.123683531574231205433252218001607676777e-77",
  "-1.033097882575726466086457081663119031765e-76",
  "-4.589646751896141040200804515307366933624e-75",
  "-2.97679461860818558700529827341439080455e-74",
  "2.342694143543202742933557534315368143112e-74",
  "-4.955402996104764617699200113175934618086e-73",
  "2.720899082509916985058462960533555694817e-72",
  "5.988504475375939544696770643111079767453e-73",
  "7.330014207223019777740079017046737842624e-71",
  "-1.790765962621659307537808423608676407121e-70",
  "-4.479746020012774502195547822495738068671e-70",
  "-2.746762735598513766370539998658076948869e-69",
  "-4.097218444948208547322221747302583633556e-68",
  "-9.495487926577074617035696537867624834293e-68",
  "1.308245711259907669462431353960332603191e-67",
  "-4.844865227196224138433433466666279177543e-67",
  "-2.145177040766066654154671934990979665179e-66",
  "-1.296997996588752998720455371940182144804e-65",
  "-2.205294370568930091269374690468385171403e-65",
  "1.292589719893158557203929098559416181793e-65",
  "5.170259867900568619792737119903682836281e-65",
  "4.527506120752708921082727200859412564613e-64",
  "-4.62760773506091910803905619867282030552e-63",
  "4.041742866753714474187852059426115892059e-63",
  "4.612811318801964947368067116483357436368e-62",
  "3.016047170115854073576512698341552782623e-62",
  "1.226006455487304802944867993886052159073e-61",
  "-3.807891546989688760024954499219520234149e-61",
  "2.530785930185645053073723216151795378996e-61",
  "3.310805207920094791389400648345716302121e-62",
  "2.219073343845483801455111254541235874344e-61",
  "3.814193158972210947857878110452888257418e-62",
  "-4.975233080891861565142441064261519807242e-62",
  "-7.163467928047655836079162825107582753887e-62",
  "-5.006494413877722799358015671535157841803e-61",
  "-1.622349175001118510532057906266402592739e-62",
  "0.0"
 ],
 "modes": [
  1,
  3,
  5,
  7,
  9,
  11,
  13,
  15,
  17,
  19,
  21,
  23,
  25,
  27,
  29,
  31,
  33,
  35,
  37,
  39,
  41,
  43,
  45,
  47,
  49,
  51,
  53,
  55,
  57,
  59,
  61,
  63,
  65,
  67,
  69,
  71,
  73,
  75,
  77,
  79,
  81,
  83,
  85,
  87,
  89,
  91,
  93,
  95,
  97,
  99,
  101,
  103,
  105,
  107,
  109,
  111,
  113,
  115,
  117,
  119,
  121,
  123,
  125,
  127,
  129,
  131,
  133,
  135,
  137,
  139,
  141,
  143,
  145,
  147,
  149,
  151,
  153,
  155,
  157,
  159,
  161,
  163,
  165,
  167,
  169,
  171,
  173,
  175,
  177,
  179,
  181,
  183,
  185,
  187,
  189,
  191,
  193,
  195,
  197,
  199,
  201,
  203,
  205,
  207,
  209,
  211,
  213,
  215,
  217,
  219,
  221,
  223,
  225,
  227,
  229,
  231,
  233,
  235,
  237,
  239,
  241,
  243,
  245,
  247,
  249,
  251,
  253,
  255,
  257,
  259,
  261,
  263,
  265,
  267,
  269,
  271,
  273,
  275,
  277,
  279,
  281,
  283,
  285,
  287,
  289,
  291,
  293,
  295,
  297,
  299,
  301,
  303,
  305,
  307,
  309,
  311,
  313,
  315,
  317,
  319,
  321,
  323,
  325,
  327,
  329,
  331,
  333,
  335,
  337,
  339,
  341,
  343,
  345,
  347,
  349,
  351,
  353,
  355,
  357,
  359,
  361,
  363,
  365,
  367,
  369,
  371,
  373,
  375,
  377,
  379,
  381,
  383,
  385,
  387,
  389,
  391,
  393,
  395,
  397,
  399,
  401,
  403,
  405,
  407,
  409,
  411,
  413,
  415,
  417,
  419,
  421,
  423,
  425,
  427,
  429,
  431,
  433,
  435,
  437,
  439,
  441,
  443,
  445,
  447,
  449,
  451,
  453,
  455,
  457,
  459,
  461,
  463,
  465,
  467,
  469,
  471,
  473,
  475,
  477,
  479,
  481,
  483,
  485,
  487,
  489,
  491,
  493,
  495,
  497,
  499,
  501,
  503,
  505,
  507,
  509,
  511,
  513,
  515,
  517,
  519,
  521,
  523,
  525,
  527,
  529,
  531,
  533,
  535,
  537,
  539,
  541,
  543,
  545,
  547,
  549,
  551,
  553,
  555,
  557,
  559,
  561,
  563,
  565,
  567,
  569,
  571,
  573,
  575,
  577,
  579,
  581,
  583,
  585,
  587,
  589,
  591,
  593,
  595,
  597,
  599,
  601,
  603,
  605,
  607,
  609,
  611,
  613,
  615,
  617,
  619,
  621,
  623,
  625,
  627,
  629,
  631,
  633,
  635,
  637,
  639
 ],
 "parity": "odd",
 "pole_sign_mutation": 1,
 "pole_term_sign_used": -1,
 "NE": 320,
 "ncut": 641,
 "prec_bits": 192,
 "GL_nodes_per_unit_panel": 48,
 "rho": 2,
 "cover_boxes": 6,
 "beta_star": "[1.9047608756180098589 +/- 1.13e-20]",
 "sup_psi_minus_beta": "[9.5257706395073505872083689065156622652864596274494243095979369689285287579555317652843457515986 +/- 1.84e-96]",
 "lambda0_certified": "[5.63722754525e-7 +/- 4.84e-19]",
 "certified_by": "eigenbasis-Gershgorin",
 "eigen_certificate": {
  "lambda_min_lower_bound": "[5.63722754525e-7 +/- 4.84e-19]",
  "gershgorin_min": "[5.63722754525e-7 +/- 4.84e-19]",
  "lambda_max_VtV_upper": "[1.0000000000000000000 +/- 1e-24]",
  "lambda_min_VtV_lower_(invertibility)": "[1.0000000000000000000 +/- 3e-25]",
  "max_offdiag_VtAV": "[1.8439540038770584586223438903866689297927907920729538156133055515988603230869501749390695063897e-18 +/- 7.49e-114]",
  "approx_smallest_eigs_float": [
   5.637227545306863e-07,
   0.008200866644210764,
   0.7494697157747644
  ],
  "seconds": 231.86703419685364
 },
 "ldl_statuses": {},
 "ldl_at_0_positive": null,
 "eps_D": "[1.36688e-357 +/- 4.79e-363]",
 "eps_C": "[6.16891e-175 +/- 1.2e-183]",
 "eps_p": "[2.49040e-2051 +/- 1.95e-2057]",
 "norm_pN": "[0.191451252668 +/- 2.48e-13]",
 "max_entry_radius": "1.9063376254978443623834364494982682169954557593882782384753227233886718750000000000000000000000e-20",
 "max_quadrature_error_bound": "[9.5316880776977306300643251758043718799636091419918738276155224318516383803791396388306345787764e-21 +/- 1.41e-116]",
 "verdict": "ACCEPT: margin = lambda0 - off^2/d_low = 5.637e-07 (lambda0=5.637e-07, off=6.169e-175, d_low=1.905e+00)",
 "cross_check_vs_acb_integral": {
  "1,1": {
   "new": "[-1.5865922431159524663 +/- 1.48e-20]",
   "old": "[-1.5865922431159524663 +/- 1.48e-20]",
   "overlap": true
  },
  "1,3": {
   "new": "[0.40366398283841938028 +/- 2.26e-22]",
   "old": "[0.40366398283841938028 +/- 1.84e-22]",
   "overlap": true
  },
  "21,41": {
   "new": "[0.08582795298564102862 +/- 2.37e-21]",
   "old": "[0.085827952985641028619 +/- 5.13e-22]",
   "overlap": true
  }
 },
 "runtime_s": 1191.7856471538544
}
CERT DONE odd 0.6 400 320 visible ['[0.693', '[1.098'] 1192 s
