box check n=20 closed |j|<= [0.0143800787187744497772468546401673788765810329225597352190 +/- 1.02e-59] series |j|<= [386571228564032228763144171223100.368031012525177691592116 +/- 2.81e-25]
box check n=60 closed |j|<= [46644.5530399495314903361631950689291658287941658138327470 +/- 6.75e-55] series |j|<= [2423424681624056805129071.40044888141784692191821611689722 +/- 4.98e-33]
box check n=100 closed |j|<= [25154089666798830903.7216428028321370477390524032248492488 +/- 4.46e-39] series |j|<= [3211213405.11299908751118640483319841395250566090976851188 +/- 4.64e-49]
selftest j_0(3.3) ok, rad [3.49680246641094894249290403206919640808524561867218715911e-59 +/- 1.85e-116]
selftest j_2(0.7) ok, rad [1.50009245712926715339323445790747962217579850774452890336e-58 +/- 8.51e-116]
selftest j_10(12.5) ok, rad [1.59148984980298285750355264162002868825640514505530938822e-57 +/- 4.00e-114]
selftest j_40(20.0) ok, rad [1.75526128184670777135594287728460851699442534565434560955e-65 +/- 4.55e-122]
selftest j_80(84.0) ok, rad [2.08398947601211076397981790085114210362253753577662290130e-44 +/- 1.17e-101]
selftest j_158(50.0) ok, rad [2.12449338736795441373258328585267778559085497090325588175e-116 +/- 2.34e-173]
selftest j_158(84.0) ok, rad [2.34030063586447036790976069874543096895854126694254679515e-77 +/- 2.16e-134]
selftest j_60(84.0) ok, rad [4.59732409621720161699339611075143401114071618507050077802e-51 +/- 3.55e-108]
selftest j_100(84.0) ok, rad [1.46107479779998029316080250471503849861302977455627503747e-46 +/- 3.72e-103]
selftest j_84(84.0) ok, rad [6.71467052258164588651875176843968800256439535786162147453e-43 +/- 4.04e-100]
nodal pass panel 0 t=0s
nodal pass panel 10 t=2s
nodal pass panel 20 t=4s
nodal pass panel 30 t=7s
nodal pass panel 40 t=9s
nodal pass panel 50 t=13s
nodal pass panel 60 t=16s
nodal pass panel 70 t=20s
nodal pass panel 80 t=25s
nodal pass panel 90 t=30s
nodal pass panel 100 t=35s
nodal pass panel 110 t=40s
nodal pass panel 120 t=45s
nodal pass panel 130 t=51s
nodal pass panel 140 t=56s
nodal pass panel 150 t=62s
nodal pass panel 160 t=69s
nodal pass panel 170 t=75s
nodal pass panel 180 t=82s
nodal pass panel 190 t=89s
nodal pass panel 200 t=96s
nodal pass panel 210 t=104s
nodal pass panel 220 t=114s
nodal pass panel 230 t=123s
ellipse pass done t=132s; max MP [24191.2808168082596061409963955500769664143091256886027061 +/- 4.79e-53], MF[158] [15.1372737449049485674136507561131855746563165831994975817 +/- 6.96e-56]
matrix assembled t=215s; max quadrature error [1.11544667984150683005682389150815803412746691582373817812e-22 +/- 4.41e-79]; M00=[-3.80139756875517 +/- 4.32e-16]
xcheck 0 0 {'new': '[-3.8013975687551695691 +/- 1.53e-20]', 'old': '[-3.801397568755169569 +/- 9.03e-19]', 'overlap': True}
xcheck 0 2 {'new': '[0.097003418440488324733 +/- 4.19e-22]', 'old': '[0.09700341844048832 +/- 6.55e-18]', 'overlap': True}
xcheck 20 40 {'new': '[0.087142457003075491847 +/- 5.14e-22]', 'old': '[0.08714245700307549 +/- 3.52e-18]', 'overlap': True}
eigen-Gershgorin certificate: {'lambda_min_lower_bound': '[1.43432066724e-9 +/- 1.53e-21]', 'gershgorin_min': '[1.43432066724e-9 +/- 1.53e-21]', 'lambda_max_VtV_upper': '[1.0000000000000000000 +/- 1e-24]', 'lambda_min_VtV_lower_(invertibility)': '[1.0000000000000000000 +/- 3e-25]', 'max_offdiag_VtAV': '[8.87784724116709623106656984562476756028989991557614388345e-21 +/- 2.83e-78]', 'approx_smallest_eigs_float': [1.4343206672593262e-09, 9.356303421254706e-05, 0.20528158182968445], 'seconds': 48.43991494178772}
{
 "run": 30,
 "L": "0.6",
 "T": 240,
 "visible_shifts": [
  "[0.6931471806 +/- 4.01e-11]",
  "[1.098612289 +/- 3.32e-10]"
 ],
 "B_visible": "[2.24882634466368 +/- 4.86e-15]",
 "max_quadrature_error_bound_q": "[1.11544667984150683005682389150815803412746691582373817812e-22 +/- 4.41e-79]",
 "minimizer_frozen_40dig": [
  "-0.7426543929013083574873247182085127055548",
  "0.6017152902457373369663070639982879799732",
  "-0.2823253777310249631269723561346126327551",
  "0.08098048770247324329725679489559862719113",
  "-0.01170881927503832945567650238961075346474",
  "-0.0004447941789660573158242485756670816637564",
  "0.000609306259156526914602178854432236321179",
  "-0.0001834969147364835421116392827695797686413",
  "0.00006159998628531933291318811996970797458984",
  "-0.00002715362856433053147176361017659925035936",
  "0.000005937592954816871872840910617519993123219",
  "-0.000004746724627797744130051373509447566028",
  "0.000006083634292647340717365506976810907467993",
  "-0.000004744202476678702345136660111468314168406",
  "0.0000007435591747208761849334786744349933551672",
  "-0.000001483316397482321533698405493135575661443",
  "0.000002916102254483831796744794114895566253629",
  "-0.0000001244884351625830170893883174564470714146",
  "0.000001415993862911403425693453830657134360498",
  "-0.000001754442087624610413134062803968727457401",
  "0.000001290503323095172898786384126599759440417",
  "-0.0000002163359589124967831602687473825835440811",
  "0.0000004937491585239511213907092930254086963417",
  "-0.0000008348442818001081434781055213507756144387",
  "-0.0000009933390794793505172678165811460064579737",
  "0.00000003990453459420402657794019678196294375743",
  "0.0000003410600845184614084563974055762521309659",
  "0.0000009237945266127744978850062024877239988398",
  "-0.0000002218104395796517532789090653558803867583",
  "0.0000001040152021961410153409607363808074297003",
  "-0.0000007440926635373215140003399920091470037994",
  "0.0000005800711783121471012343676653442708844738",
  "-0.000000447441696662010598246612951577562217428",
  "0.0000004021278210595238097949069719993863398946",
  "-0.0000004104666702192362561954837411921283265625",
  "0.0000002272374226008302622154952607958667334417",
  "0.0000002056696245237044379385755617914613114485",
  "-0.00000009011912429874291273882706558015235712295",
  "-0.000000006885813606518944372757958704315926314605",
  "-0.0000004210152613671770352625398732816009040828",
  "0.0000003460117630248431072133078442492724604841",
  "0.000000005705680280156301863592357917288997567835",
  "0.0000002914951152584040636034481680564770527091",
  "-0.0000004892604787068957824803318140994203377553",
  "0.0000001151632653533716577027772888002858865906",
  "-0.00000006844606941067295502989539568428360791077",
  "0.0000003684292120326514067512168087382221715821",
  "-0.0000001903364485295814128457727581739011732903",
  "-0.000000217021670456187534422047926258474016247",
  "0.0000001695616134655772779065834051037203763298",
  "0.00000001676567897951204841633995841988862572016",
  "0.0000001767680109386649479194421574209769678865",
  "-0.0000004261330180183856649527368870005868480895",
  "0.0000002868478292047339174529426167640532917858",
  "-0.00000001343391412950713477204548289478427342148",
  "0.00000003044230769607102049101746695286965424128",
  "-0.0000002288413332454237351098827373299936550444",
  "0.0000002364372302910347550516752243828542510578",
  "-0.00000001315974367638770888594353822828674419241",
  "-0.0000001608845103665709845224032712228137280545",
  "0.0000001192923244848456839819062798060052238804",
  "0.00000001152942145403850340743453501663866888975",
  "-0.0000000269496022759093344169707919415503843785",
  "-0.00000011419181836494703050921523046912780285",
  "0.0000002851380181004722272368994064571123420585",
  "-0.0000003466290088189199271106314383052632446327",
  "0.0000002630600192860848944747779215220639495244",
  "-0.0000000975041778403625600633472407782050733105",
  "-0.00000006098883496405263614930109158860791209765",
  "0.0000001570973694589171589935668025840742283778",
  "-0.0000001831450611222260448091292806913374663476",
  "0.0000001611354690411057625629447318889580260721",
  "-0.0000001191721992386084557475358080327139391035",
  "0.0000000774612883107583459566616384965023369071",
  "-0.00000004532850545893929470401097243335604034055",
  "0.00000002424383749908050964004910115828088221629",
  "-0.00000001197608842150580908602508530874412072964",
  "0.00000000550635689662319508901343910189587774451",
  "-0.000000002370520144594991350741820330974686267322",
  "0.0000000009601355854758193802488865442544694984922",
  "-0.0000000003673197432706694348530200936153670060684",
  "0.0000000001331743793408204313642766283148808028078",
  "-0.00000000004588774099511160993632670301718184439191",
  "0.00000000001506416548430911256924039551997001964398",
  "-0.000000000004721816504879973237087894938969677509886",
  "0.000000000001415880156624631197798974244657627827592",
  "-4.068626022077998041729253921081139638108e-13",
  "1.122148700299561322170753668034148374164e-13",
  "-2.97474657143689373544115082997200755231e-14",
  "7.589427459176576247058004194907280986e-15",
  "-1.865710680383286240164622242195957838516e-15",
  "4.424179110262848607613330002436023566354e-16",
  "-1.013015551335765322212186946408535529853e-16",
  "2.241844707389559104484092328881146327054e-17",
  "-4.799372844491569242900433646296066224526e-18",
  "9.947456431382076339073809439988790232365e-19",
  "-1.997676854719367583479743175779592603835e-19",
  "3.889925476012708753014025783356956295169e-20",
  "-7.349527813149366536043031648091353865574e-21",
  "1.348225867414639543977744085271061006074e-21",
  "-2.402807626772965656868385546902021654686e-22",
  "4.162774916859896758923293965197559582389e-23",
  "-7.014494700042845952788895892406191702803e-24",
  "1.150243634996353313318652303199336321615e-24",
  "-1.836466886057720637569575344295064840236e-25",
  "2.856184023496729843010348774837426682939e-26",
  "-4.32912354915191323446908228342260246881e-27",
  "6.397597364777056801434024780683913468888e-28",
  "-9.22192278670470230442202055166047249094e-29",
  "1.297152001457332845679277668996980299349e-29",
  "-1.781128843068307364184994793437064551862e-30",
  "2.388353972256237948776450542833349134401e-31",
  "-3.128662333801638436597959601271607665999e-32",
  "4.005229433830180800553760834844374702002e-33",
  "-5.012466801580998977706103608852681974982e-34",
  "6.134408189728267460093647866203122534059e-35",
  "-7.343917010850128942074229771490912792795e-36",
  "8.602984573974063257665946407309796499806e-37",
  "-9.864269290158811938824578215197722185551e-38",
  "1.107386284360074864205612674122066642332e-38",
  "-1.217508552121328522616471293215073333999e-39",
  "1.311294171073738936812865468726628874629e-40",
  "-1.383874080162125620693614533658327449836e-41",
  "1.431433442643230969683532335981892320395e-42",
  "-1.451545142678421334379396010262909426912e-43",
  "1.44337242364317335747480407656042899135e-44",
  "-1.407717585359390705728392807396837691536e-45",
  "1.346914465745876156385220719728983955249e-46",
  "-1.26458291223350248050365450950076824483e-47",
  "1.165280203846518286418826843277374521102e-48",
  "-1.054095136057239627112521325234593187884e-49",
  "9.362318102530200774340719066703127547212e-51",
  "-8.166428075585061689974296763667552912569e-52",
  "6.995973918355061451799128944842295127723e-53",
  "-5.900768932130039973025561028497860198857e-54",
  "4.740190627241367775362436224841947841862e-55",
  "-5.447808555239475816556549732958937528575e-56",
  "-1.15264635089442864893769316085446301117e-56",
  "-1.466855811537039186229384023987637964714e-56",
  "-1.290920870837423566796253832434535839603e-56",
  "-1.023623555207778701021297262999657484213e-56",
  "-1.354171469583445280718489272781519315455e-56",
  "-2.009028009871997197931612398360132011672e-56",
  "-2.556068396186207533789736126733832598298e-56",
  "-2.806832165183080589405890501136003591667e-56",
  "-7.804455099059745214322957939198916779973e-57",
  "-7.257413856685054395246629595626374739749e-57",
  "-1.241619514827724180325104459549352836377e-56",
  "-1.36585258167398560895258823700399094977e-56",
  "-1.086132158160090855756231252255699491062e-56",
  "-1.098203534976663982895961895734787043109e-56",
  "-1.128135808457621850891208456508388622583e-56",
  "-1.238063746733562774613726080850695132538e-56",
  "-1.274897857261455385245717114476526525534e-56",
  "-1.092550775440204829643017597003732570536e-56",
  "-1.152160036487571636499904262475683433694e-56",
  "-1.085694525163725807660566479593554197749e-56",
  "-8.097669209518094655692570529366025850547e-57",
  "-1.160456828710438748601382268519508877e-56",
  "-1.227341738322471905997897690269366073743e-56",
  "-1.093740590149089584560929889976066277632e-56",
  "-1.061405893865135000001156278719393304484e-56",
  "-7.458725034816466686422225281112396887317e-57",
  "-4.100256481833433459399629944824794110681e-57",
  "-4.101897605562169962921146088236505681553e-57",
  "-4.700178381028843549777475146550263077615e-57",
  "-2.500343185935501310852787298332753397652e-57",
  "-2.975904376017014476851838322379048074472e-57",
  "-4.056857873536471337938402554596665059916e-57",
  "-6.657765477775020913387832100981942874931e-57",
  "-9.142153280339184051997240514763170213124e-57",
  "-8.184466312380405731710873335077223013705e-57",
  "-3.87669854431187374575813966772054403669e-57",
  "-3.080566047283294605071955413923435752495e-57",
  "-4.27129158827366705955624077858300214879e-57",
  "-3.813284602274481254338942917366666453162e-57",
  "-4.591008135195301506185476546615040969057e-57",
  "-3.675898301036023256086394153104441755768e-57",
  "-6.816186059078119177311494907014194569513e-57",
  "-1.168915929624763710339343342670741266619e-56",
  "-1.43025518162090804270691945301902542845e-56",
  "-1.56052617532669095267951568847978300406e-56",
  "-1.478667168141529991405875265317585594071e-56",
  "-5.373859729636794565351837066483916715763e-57",
  "-3.708190455386705858578856858845064783386e-57",
  "-5.912848401467769389190708292396725344653e-57",
  "-7.421876490408531537222633516514336692841e-57",
  "-5.358454052566786561069289649307382850998e-57",
  "-4.907644760360557659175514837416712384653e-57",
  "-5.196614018387668764590332277593358084696e-57",
  "-5.477939191471650915496429565775425913845e-57",
  "-5.025120628807053077689443823427945150152e-57"
 ],
 "modes": [
  0,
  2,
  4,
  6,
  8,
  10,
  12,
  14,
  16,
  18,
  20,
  22,
  24,
  26,
  28,
  30,
  32,
  34,
  36,
  38,
  40,
  42,
  44,
  46,
  48,
  50,
  52,
  54,
  56,
  58,
  60,
  62,
  64,
  66,
  68,
  70,
  72,
  74,
  76,
  78,
  80,
  82,
  84,
  86,
  88,
  90,
  92,
  94,
  96,
  98,
  100,
  102,
  104,
  106,
  108,
  110,
  112,
  114,
  116,
  118,
  120,
  122,
  124,
  126,
  128,
  130,
  132,
  134,
  136,
  138,
  140,
  142,
  144,
  146,
  148,
  150,
  152,
  154,
  156,
  158,
  160,
  162,
  164,
  166,
  168,
  170,
  172,
  174,
  176,
  178,
  180,
  182,
  184,
  186,
  188,
  190,
  192,
  194,
  196,
  198,
  200,
  202,
  204,
  206,
  208,
  210,
  212,
  214,
  216,
  218,
  220,
  222,
  224,
  226,
  228,
  230,
  232,
  234,
  236,
  238,
  240,
  242,
  244,
  246,
  248,
  250,
  252,
  254,
  256,
  258,
  260,
  262,
  264,
  266,
  268,
  270,
  272,
  274,
  276,
  278,
  280,
  282,
  284,
  286,
  288,
  290,
  292,
  294,
  296,
  298,
  300,
  302,
  304,
  306,
  308,
  310,
  312,
  314,
  316,
  318,
  320,
  322,
  324,
  326,
  328,
  330,
  332,
  334,
  336,
  338,
  340,
  342,
  344,
  346,
  348,
  350,
  352,
  354,
  356,
  358,
  360,
  362,
  364,
  366,
  368,
  370,
  372,
  374,
  376,
  378,
  380,
  382
 ],
 "parity": "even",
 "pole_sign_mutation": 1,
 "pole_term_sign_used": 1,
 "NE": 192,
 "ncut": 384,
 "prec_bits": 192,
 "GL_nodes_per_unit_panel": 48,
 "rho": 2,
 "cover_boxes": 6,
 "beta_star": "[1.3939347888871432563 +/- 4.74e-22]",
 "sup_psi_minus_beta": "[9.01494455277648398461916369245060304801658791850379091618 +/- 2.46e-57]",
 "lambda0_certified": "[1.43432066724e-9 +/- 1.53e-21]",
 "certified_by": "eigenbasis-Gershgorin",
 "eigen_certificate": {
  "lambda_min_lower_bound": "[1.43432066724e-9 +/- 1.53e-21]",
  "gershgorin_min": "[1.43432066724e-9 +/- 1.53e-21]",
  "lambda_max_VtV_upper": "[1.0000000000000000000 +/- 1e-24]",
  "lambda_min_VtV_lower_(invertibility)": "[1.0000000000000000000 +/- 3e-25]",
  "max_offdiag_VtAV": "[8.87784724116709623106656984562476756028989991557614388345e-21 +/- 2.83e-78]",
  "approx_smallest_eigs_float": [
   1.4343206672593262e-09,
   9.356303421254706e-05,
   0.20528158182968445
  ],
  "seconds": 48.43991494178772
 },
 "ldl_statuses": {},
 "ldl_at_0_positive": null,
 "eps_D": "[4.41212e-214 +/- 4.16e-220]",
 "eps_C": "[1.58132e-103 +/- 4.23e-109]",
 "eps_p": "[2.82566e-1144 +/- 3.94e-1150]",
 "norm_pN": "[1.11204927146 +/- 2.92e-12]",
 "max_entry_radius": "[2.23089337826278356155562628639018902133167587820139488031e-22 +/- 3.10e-79]",
 "max_quadrature_error_bound": "[1.11544667984150683005682389150815803412746691582373817812e-22 +/- 4.41e-79]",
 "verdict": "ACCEPT: margin = lambda0 - off^2/d_low = 1.434e-09 (lambda0=1.434e-09, off=1.581e-103, d_low=1.394e+00)",
 "cross_check_vs_acb_integral": {
  "0,0": {
   "new": "[-3.8013975687551695691 +/- 1.53e-20]",
   "old": "[-3.801397568755169569 +/- 9.03e-19]",
   "overlap": true
  },
  "0,2": {
   "new": "[0.097003418440488324733 +/- 4.19e-22]",
   "old": "[0.09700341844048832 +/- 6.55e-18]",
   "overlap": true
  },
  "20,40": {
   "new": "[0.087142457003075491847 +/- 5.14e-22]",
   "old": "[0.08714245700307549 +/- 3.52e-18]",
   "overlap": true
  }
 },
 "runtime_s": 271.9179241657257
}
CERT DONE even 0.6 240 192 visible ['[0.693', '[1.098'] 272 s
