box check n=20 closed |j|<= [0.0143800787187744497772468546401673788765810329225597352190 +/- 1.02e-59] series |j|<= [386571228564032228763144171223100.368031012525177691592116 +/- 2.81e-25]
box check n=60 closed |j|<= [46644.5530399495314903361631950689291658287941658138327470 +/- 6.75e-55] series |j|<= [2423424681624056805129071.40044888141784692191821611689722 +/- 4.98e-33]
box check n=100 closed |j|<= [25154089666798830903.7216428028321370477390524032248492488 +/- 4.46e-39] series |j|<= [3211213405.11299908751118640483319841395250566090976851188 +/- 4.64e-49]
selftest j_0(3.3) ok, rad [3.49680246641094894249290403206919640808524561867218715911e-59 +/- 1.85e-116]
selftest j_2(0.7) ok, rad [1.50009245712926715339323445790747962217579850774452890336e-58 +/- 8.51e-116]
selftest j_10(12.5) ok, rad [1.59148984980298285750355264162002868825640514505530938822e-57 +/- 4.00e-114]
selftest j_40(20.0) ok, rad [1.75526128184670777135594287728460851699442534565434560955e-65 +/- 4.55e-122]
selftest j_80(84.0) ok, rad [2.08398947601211076397981790085114210362253753577662290130e-44 +/- 1.17e-101]
selftest j_158(50.0) ok, rad [2.12449338736795441373258328585267778559085497090325588175e-116 +/- 2.34e-173]
selftest j_158(84.0) ok, rad [2.34030063586447036790976069874543096895854126694254679515e-77 +/- 2.16e-134]
selftest j_60(84.0) ok, rad [4.59732409621720161699339611075143401114071618507050077802e-51 +/- 3.55e-108]
selftest j_100(84.0) ok, rad [1.46107479779998029316080250471503849861302977455627503747e-46 +/- 3.72e-103]
selftest j_84(84.0) ok, rad [6.71467052258164588651875176843968800256439535786162147453e-43 +/- 4.04e-100]
nodal pass panel 0 t=0s
nodal pass panel 10 t=2s
nodal pass panel 20 t=4s
nodal pass panel 30 t=6s
nodal pass panel 40 t=9s
nodal pass panel 50 t=13s
nodal pass panel 60 t=16s
nodal pass panel 70 t=20s
nodal pass panel 80 t=24s
nodal pass panel 90 t=28s
nodal pass panel 100 t=33s
nodal pass panel 110 t=37s
nodal pass panel 120 t=42s
nodal pass panel 130 t=48s
nodal pass panel 140 t=54s
nodal pass panel 150 t=59s
nodal pass panel 160 t=65s
nodal pass panel 170 t=72s
nodal pass panel 180 t=78s
nodal pass panel 190 t=85s
nodal pass panel 200 t=92s
nodal pass panel 210 t=99s
nodal pass panel 220 t=107s
nodal pass panel 230 t=115s
ellipse pass done t=122s; max MP [24191.2808168082596061409963955500769664143091256886027061 +/- 4.79e-53], MF[158] [15.1570481148575074080627502840090695853968326284322114496 +/- 2.97e-56]
matrix assembled t=181s; max quadrature error [1.11836288031168070412233192782582642114479362671478063087e-22 +/- 7.95e-80]; M00=[-1.08429023046967 +/- 5.05e-16]
xcheck 1 1 {'new': '[-1.0842902304696694957 +/- 3.51e-20]', 'old': '[-1.08429023046966950 +/- 6.16e-18]', 'overlap': True}
xcheck 1 3 {'new': '[0.39064170244615103794 +/- 1.79e-21]', 'old': '[0.39064170244615104 +/- 4.87e-18]', 'overlap': True}
xcheck 21 41 {'new': '[0.18739373115228855638 +/- 3.70e-21]', 'old': '[0.18739373115228856 +/- 5.58e-18]', 'overlap': True}
eigen-Gershgorin certificate: {'lambda_min_lower_bound': '[5.34232055637e-7 +/- 2.82e-19]', 'gershgorin_min': '[5.34232055637e-7 +/- 2.82e-19]', 'lambda_max_VtV_upper': '[1.0000000000000000000 +/- 1e-24]', 'lambda_min_VtV_lower_(invertibility)': '[1.0000000000000000000 +/- 3e-25]', 'max_offdiag_VtAV': '[6.35921285451104638472525657087768480019518452567041661740e-21 +/- 3.04e-78]', 'approx_smallest_eigs_float': [5.342320556373026e-07, 0.00790407147737845, 0.7432904777215401], 'seconds': 40.110278844833374}
{
 "run": 30,
 "L": "0.6",
 "T": 240,
 "visible_shifts": [
  "[0.6931471806 +/- 4.01e-11]",
  "[1.098612289 +/- 3.32e-10]"
 ],
 "B_visible": "[2.24882634466368 +/- 4.86e-15]",
 "max_quadrature_error_bound_q": "[1.11836288031168070412233192782582642114479362671478063087e-22 +/- 7.95e-80]",
 "minimizer_frozen_40dig": [
  "-0.5767399976656431345037604362832113922385",
  "0.7232627588974625380481845210372993923996",
  "-0.370227398235677405785546788714086147351",
  "0.08461542891781711373631797349545383363812",
  "0.000220823940273122826096732074532643986908",
  "-0.005421577938756353310704445245035693398243",
  "0.001891095676438947189317750846393130670416",
  "-0.0008107665137507536508537781375255370746087",
  "0.0003699794903116084236728903613594773085039",
  "-0.0001192713759586223555951651286914268682503",
  "0.00002570269087317177063112471118887063039033",
  "-0.0001354246603846640099389401931013708051494",
  "0.00007238786972774105564071510024856759983978",
  "-0.00003237814406395060975416366454307969259019",
  "0.00004419942677652022762352965496264847290968",
  "-0.00003683252294819063830606825470030252888681",
  "0.000005285063072980173618897888434568527081235",
  "0.00001024729030123754823653816487174993095613",
  "0.00003229388333041616655776621608959097410871",
  "0.000007928193302643004892869816508792736819364",
  "-0.000007289742987132090447327334868350366534271",
  "-0.00001055809875758487794318161269472141288282",
  "-0.00001207638162914113250624412938223738296698",
  "0.00001598708821172565539281616468340568583988",
  "-0.00001662979138766821436559935082512330076119",
  "0.000008241197040274778869174044377806075452427",
  "-0.00001919321723010355571614290890449694961502",
  "0.00001740453473723715245300304108177459714009",
  "0.000005402061524325388745156425428046632456986",
  "0.00001026607290151337904122419333982502183833",
  "-0.000008843853292026293415842185889163454025827",
  "-0.00001151095675745560631460373794124302234611",
  "-0.000003643151043322043594021667173226716622568",
  "0.000004236401835422150755354800397668735858782",
  "0.00001229425806686368420306303101678782452748",
  "-0.000003569295594941739814858166972261139013825",
  "0.000001516817690071738424634553117059945100831",
  "-0.00001311551861845226283436487878821373164167",
  "0.000008275591953084025759464978127712405894742",
  "-0.000002437420962670534604063104794834556161729",
  "0.00000706546959296452579078946239916733939453",
  "-0.000004070273462699657320806364341081266814513",
  "-0.000002814782222970732058380758094250594119794",
  "0.000001628851901968661539009255557399226052327",
  "-0.0000008888692760306421688790059456354755437593",
  "0.000004735881450778340220946555361304593172025",
  "-0.000005027550375410478791008580977808878800252",
  "0.000002448676981826199272700669217752521561277",
  "-0.000003288475214636183699593650708206024148733",
  "0.000005272693663642916093086258682262445560833",
  "-0.000004108016203742205602180895788566884675065",
  "0.000002125049184704793220485047858527841707664",
  "-0.000002127907390880120655636391441719705909022",
  "0.000002097226255860467904846255209621050689229",
  "0.0000000703904456075126213184475829254707676975",
  "-0.000002787167657761646039062635682169484590239",
  "0.00000383179337199616315322239834107891670035",
  "-0.000003469555103588706362236711735181016956037",
  "0.000003179887196647543247738933477427909777457",
  "-0.000003353269206020899697641338701157647167818",
  "0.000003314877800313561447885948114174520975308",
  "-0.000002642259202787069458033057067657939670476",
  "0.000001624501663539571544420145931559378362907",
  "-0.0000007098966123657537941428259805575261556377",
  "0.00000001798216517447776260222192175915027337515",
  "0.0000005834306254815160400957064795958882108837",
  "-0.000001175473558503450590774805528066257929158",
  "0.000001672977642988129679571517504704070388785",
  "-0.000001932604027820790567300320932627586748263",
  "0.000001893027598083537665323392791786547333743",
  "-0.000001613375375517273863704352813453460738985",
  "0.000001219050148600672884349937304343119100934",
  "-0.0000008284759861133283179499443018273653790735",
  "0.000000512204513142802185074673242073445382893",
  "-0.0000002907125366497376324741563583779715891841",
  "0.0000001526010449631494954392670516143620903987",
  "-0.00000007453879869599716458206392982506881891122",
  "0.00000003405379101196479953537302885803903258582",
  "-0.00000001461494050214924184528603234945650978586",
  "0.000000005914260606441141906438854955116452461359",
  "-0.000000002264041920568306206923132403156698877653",
  "0.0000000008222110567658356641865160534645295668886",
  "-0.0000000002839798919069984473265371134757996561254",
  "0.00000000009349069129820774921325098295302637177416",
  "-0.00000000002939654758358082383366696333327849563302",
  "0.000000000008844168538211220242185531901662714880755",
  "-0.000000000002550135123921827423725445083815580245187",
  "7.057728789861139603968373258169516168805e-13",
  "-1.877405254153541753839992037953725493802e-13",
  "4.806075532858768691501248623132255706215e-14",
  "-1.185411512960905669584262418497458871123e-14",
  "2.82009218040351084440810348709683742893e-15",
  "-6.477538186447054768154640615253672092832e-16",
  "1.43786088945182507620157915093202923044e-16",
  "-3.087205192693088889246656867271912318922e-17",
  "6.416730923545383415652497352054488654469e-18",
  "-1.292107231199285016438698393841969866861e-18",
  "2.522534274070779774682577328151477151422e-19",
  "-4.777813800967962926090731000856685828322e-20",
  "8.785344617763404741823969457168485907539e-21",
  "-1.569260195609850228915456075582282040279e-21",
  "2.724541081015531201730083356382361949105e-22",
  "-4.600417812727367367236010537172567367888e-23",
  "7.558550730352152851645094168069447144382e-24",
  "-1.209033595406146460169622816370336482786e-24",
  "1.883684707053838984472154897785942079342e-25",
  "-2.859896847205952121148077096406318180348e-26",
  "4.233101263065639722735020445453889930862e-27",
  "-6.111094180469795465907473841833153053652e-28",
  "8.608149982673174375317653600026169050053e-29",
  "-1.183594052641613457764370863911999729596e-29",
  "1.589142709169914231667395144820219743416e-30",
  "-2.084246963635596567212583132873343729238e-31",
  "2.671251909726954710114000892999338033136e-32",
  "-3.346630295509247490133157035228603705242e-33",
  "4.099874772732141011776058932097593508142e-34",
  "-4.91293851274654695934710937074888166313e-35",
  "5.760408989115369440694462485243802390415e-36",
  "-6.610520000228913892411893592845226730427e-37",
  "7.426996436238763546792339365293030548714e-38",
  "-8.171601753510441439752252463731810475465e-39",
  "8.807141429592685989139106799859101262253e-40",
  "-9.300589168432391249211369138070467959475e-41",
  "9.625964220459790396492673856049639408534e-42",
  "-9.766607174456666812791176176975823152658e-43",
  "9.71657632253296786361718612988360693105e-44",
  "-9.481004762665835332334809884623449463117e-45",
  "9.07539918494045372062285471699130808944e-46",
  "-8.524000435731031300577721196021210078769e-47",
  "7.857440456415567516242273000548761280614e-48",
  "-7.110002895667720023810262721213460499736e-49",
  "6.316817349491895958382169707250983426694e-50",
  "-5.511290302358602039311643564419614700582e-51",
  "4.723017605981512910566810722437104105341e-52",
  "-3.976245773528045921386678113123728354979e-53",
  "3.289908240938803411488797679826435208293e-54",
  "-2.668418229957169083153496784466795275596e-55",
  "2.194095490770836349070895054221387400582e-56",
  "-1.143414731066092112669662768471167476433e-57",
  "5.8261938719200627643837671074383601699e-58",
  "4.544754282434601315673477417718858925649e-58",
  "6.584531588633915022586018855500108575949e-58",
  "8.945605413064405833659405645412697559862e-58",
  "1.052298713685694820856392946493727695028e-57",
  "1.034020838345261011623301658732193977389e-57",
  "2.938719603031937889835760951737011343142e-58",
  "3.868443196376888144227928601681521712782e-58",
  "5.12988275293281991636101194097190704019e-58",
  "4.802459082329847720812144521744860394653e-58",
  "4.271468636892847474800509622842987584738e-58",
  "4.164780025436647407089821842282245061678e-58",
  "4.634209915825372987542716040947576597131e-58",
  "4.932692766714980000594790337413457999884e-58",
  "4.635681482879865656294059577053720744628e-58",
  "4.389071370661691689183923680702652757643e-58",
  "4.386174223023126622218683208701010521503e-58",
  "3.705773735017900065199395660909708294719e-58",
  "3.842997362850886939850044101698137014794e-58",
  "4.839248258753644143954720417694123145591e-58",
  "4.543340650209410903232478823676766043874e-58",
  "4.223642707617278188665833015488743833252e-58",
  "3.548683951949038767626646422750418583191e-58",
  "2.263760652186746874300531717467626856111e-58",
  "1.598367082372891864532490861388570267851e-58",
  "1.717104149083574403230983661281528768387e-58",
  "1.414421200558813362482529486362113466337e-58",
  "9.498965336875907531203565797161620724493e-59",
  "1.361199525410168487122780794487205102875e-58",
  "2.092323090281188278451382164092284753321e-58",
  "3.091517120631086231860266045476808456392e-58",
  "3.400055678341894818682663091637582084873e-58",
  "2.363827211370789952571324287579366999229e-58",
  "1.363038973371921739468505054633148951226e-58",
  "1.435084393497304692968264680283721557169e-58",
  "1.587575233526735349474157958344466829744e-58",
  "1.655758352119908839934839512144115374755e-58",
  "1.582544588725756294745471476057236102639e-58",
  "2.04678623427230529592481596025242219265e-58",
  "3.62072660644393350392989032478451763543e-58",
  "5.094163330639031084484627357892424018489e-58",
  "5.863457131548425001336918266179566709283e-58",
  "5.964129877247746153613299461403739301903e-58",
  "2.535701060563480472221486496611733728645e-58",
  "1.772687578492489486194583142801432769926e-58",
  "2.174498974661630610008426091060427387354e-58",
  "2.620661390962967065404278875998093550357e-58",
  "2.445846371453941239433860048781404828998e-58",
  "2.007237170010160148677921250028480789445e-58",
  "1.97686266043362897281352120613570476295e-58",
  "2.091120247523014679449390792692388199584e-58",
  "2.060021047299151656934936523739923686516e-58",
  "1.695860588990690839404512652407506119785e-58"
 ],
 "modes": [
  1,
  3,
  5,
  7,
  9,
  11,
  13,
  15,
  17,
  19,
  21,
  23,
  25,
  27,
  29,
  31,
  33,
  35,
  37,
  39,
  41,
  43,
  45,
  47,
  49,
  51,
  53,
  55,
  57,
  59,
  61,
  63,
  65,
  67,
  69,
  71,
  73,
  75,
  77,
  79,
  81,
  83,
  85,
  87,
  89,
  91,
  93,
  95,
  97,
  99,
  101,
  103,
  105,
  107,
  109,
  111,
  113,
  115,
  117,
  119,
  121,
  123,
  125,
  127,
  129,
  131,
  133,
  135,
  137,
  139,
  141,
  143,
  145,
  147,
  149,
  151,
  153,
  155,
  157,
  159,
  161,
  163,
  165,
  167,
  169,
  171,
  173,
  175,
  177,
  179,
  181,
  183,
  185,
  187,
  189,
  191,
  193,
  195,
  197,
  199,
  201,
  203,
  205,
  207,
  209,
  211,
  213,
  215,
  217,
  219,
  221,
  223,
  225,
  227,
  229,
  231,
  233,
  235,
  237,
  239,
  241,
  243,
  245,
  247,
  249,
  251,
  253,
  255,
  257,
  259,
  261,
  263,
  265,
  267,
  269,
  271,
  273,
  275,
  277,
  279,
  281,
  283,
  285,
  287,
  289,
  291,
  293,
  295,
  297,
  299,
  301,
  303,
  305,
  307,
  309,
  311,
  313,
  315,
  317,
  319,
  321,
  323,
  325,
  327,
  329,
  331,
  333,
  335,
  337,
  339,
  341,
  343,
  345,
  347,
  349,
  351,
  353,
  355,
  357,
  359,
  361,
  363,
  365,
  367,
  369,
  371,
  373,
  375,
  377,
  379,
  381,
  383
 ],
 "parity": "odd",
 "pole_sign_mutation": 1,
 "pole_term_sign_used": -1,
 "NE": 192,
 "ncut": 385,
 "prec_bits": 192,
 "GL_nodes_per_unit_panel": 48,
 "rho": 2,
 "cover_boxes": 6,
 "beta_star": "[1.3939347888871432563 +/- 4.74e-22]",
 "sup_psi_minus_beta": "[9.01494455277648398461916369245060304801658791850379091618 +/- 2.46e-57]",
 "lambda0_certified": "[5.34232055637e-7 +/- 2.82e-19]",
 "certified_by": "eigenbasis-Gershgorin",
 "eigen_certificate": {
  "lambda_min_lower_bound": "[5.34232055637e-7 +/- 2.82e-19]",
  "gershgorin_min": "[5.34232055637e-7 +/- 2.82e-19]",
  "lambda_max_VtV_upper": "[1.0000000000000000000 +/- 1e-24]",
  "lambda_min_VtV_lower_(invertibility)": "[1.0000000000000000000 +/- 3e-25]",
  "max_offdiag_VtAV": "[6.35921285451104638472525657087768480019518452567041661740e-21 +/- 3.04e-78]",
  "approx_smallest_eigs_float": [
   5.342320556373026e-07,
   0.00790407147737845,
   0.7432904777215401
  ],
  "seconds": 40.110278844833374
 },
 "ldl_statuses": {},
 "ldl_at_0_positive": null,
 "eps_D": "[1.43883e-215 +/- 1.61e-221]",
 "eps_C": "[2.86359e-104 +/- 5.80e-111]",
 "eps_p": "[1.10091e-1147 +/- 4.28e-1153]",
 "norm_pN": "[0.191451252668 +/- 2.48e-13]",
 "max_entry_radius": "[2.23672577403388079907822957683389338435359094958698733535e-22 +/- 1.30e-79]",
 "max_quadrature_error_bound": "[1.11836288031168070412233192782582642114479362671478063087e-22 +/- 7.95e-80]",
 "verdict": "ACCEPT: margin = lambda0 - off^2/d_low = 5.342e-07 (lambda0=5.342e-07, off=2.864e-104, d_low=1.394e+00)",
 "cross_check_vs_acb_integral": {
  "1,1": {
   "new": "[-1.0842902304696694957 +/- 3.51e-20]",
   "old": "[-1.08429023046966950 +/- 6.16e-18]",
   "overlap": true
  },
  "1,3": {
   "new": "[0.39064170244615103794 +/- 1.79e-21]",
   "old": "[0.39064170244615104 +/- 4.87e-18]",
   "overlap": true
  },
  "21,41": {
   "new": "[0.18739373115228855638 +/- 3.70e-21]",
   "old": "[0.18739373115228856 +/- 5.58e-18]",
   "overlap": true
  }
 },
 "runtime_s": 227.97478199005127
}
CERT DONE odd 0.6 240 192 visible ['[0.693', '[1.098'] 228 s
