box check n=20 closed |j|<= [0.014380078720525946902788370149931010365390048739898772008766681396475751577828069177458781762739 +/- 3.88e-97] series |j|<= [386571228564032228763144171223100.36803101252517769159211616272255152380059262333302422031417443 +/- 2.32e-63]
box check n=60 closed |j|<= [46644.553039949531490336163195068929165828794165813832746971091429213858739921106180372666036802 +/- 6.79e-92] series |j|<= [2423424680498087599026476.1996457364309617214001383635002157127402995549982605326307937860864380 +/- 2.40e-71]
box check n=100 closed |j|<= [25154089647617089424.393977076802776014595005116069340805828694482963475103032365193466091872294 +/- 1.23e-76] series |j|<= [3211213399.5852702174788640295767108547960228810287778336544926456106382683603775236012116811986 +/- 3.58e-86]
selftest j_0(3.3) ok, rad [1.0276178863018780615007185902193715850611997385330824894935567609320763958499771234296272472117e-97 +/- 4.07e-192]
selftest j_2(0.7) ok, rad [1.6594732458983456363430885112322111941907482979282593584271757273843101588519779677882349106153e-66 +/- 4.61e-161]
selftest j_10(12.5) ok, rad [4.6769683195860429617357870408368615031591491191745783501256181715578838702158912956908532214396e-96 +/- 2.11e-192]
selftest j_40(20.0) ok, rad [1.5616103989061555094468168508066602991911720031723636413278042692065793146072012908795906842730e-71 +/- 4.58e-166]
selftest j_80(84.0) ok, rad [5.2139236056162883885437793404220035978272278585910447139842148904505293660620160973605532004213e-83 +/- 3.70e-178]
selftest j_158(50.0) ok, rad [2.4854438093274811316872501326674115372078057147070675061417325206399631939853503901499015282995e-124 +/- 9.69e-220]
selftest j_158(84.0) ok, rad [3.8630989473409576337171527290167213360117016492793330140501707416069087100894016355708709981155e-88 +/- 4.53e-183]
selftest j_60(84.0) ok, rad [1.3400997855382060388219817818017797771262322952955519819127970005759101359735984129815506878276e-89 +/- 4.64e-184]
selftest j_100(84.0) ok, rad [5.4676441526350870806614991730144739367767052318854611293659334689503242031471043967140624636692e-60 +/- 4.65e-155]
selftest j_84(84.0) ok, rad [1.6612582533222438426708908281394844928041366636828106654763456809986755071322135679907671712655e-81 +/- 4.92e-176]
nodal pass panel 0 t=0s
nodal pass panel 10 t=2s
nodal pass panel 20 t=5s
nodal pass panel 30 t=9s
nodal pass panel 40 t=13s
nodal pass panel 50 t=17s
nodal pass panel 60 t=22s
nodal pass panel 70 t=27s
nodal pass panel 80 t=32s
nodal pass panel 90 t=38s
nodal pass panel 100 t=44s
nodal pass panel 110 t=50s
nodal pass panel 120 t=57s
nodal pass panel 130 t=64s
nodal pass panel 140 t=72s
nodal pass panel 150 t=80s
nodal pass panel 160 t=88s
nodal pass panel 170 t=96s
nodal pass panel 180 t=105s
nodal pass panel 190 t=114s
nodal pass panel 200 t=124s
nodal pass panel 210 t=134s
nodal pass panel 220 t=144s
nodal pass panel 230 t=155s
nodal pass panel 240 t=165s
nodal pass panel 250 t=177s
nodal pass panel 260 t=188s
nodal pass panel 270 t=200s
nodal pass panel 280 t=212s
nodal pass panel 290 t=225s
nodal pass panel 300 t=238s
nodal pass panel 310 t=251s
ellipse pass done t=264s; max MP [2300341.1593365479114903953829551893839154357974279864276254252515244413214683610625522510770226 +/- 3.90e-89], MF[158] [17.487584189977280310565009687784544117322820676146796708416550227700514385061291837668218821790 +/- 4.27e-94]
matrix assembled t=405s; max quadrature error [7.6084455424373420563865437665104735659446644811052482570109535291459522784571809125129541608047e-21 +/- 2.07e-116]; M00=[-4.08725072171574 +/- 3.34e-15]
xcheck 0 0 {'new': '[-4.0872507217157433353 +/- 2.08e-20]', 'old': '[-4.0872507217157433353 +/- 2.08e-20]', 'overlap': True}
xcheck 0 2 {'new': '[0.10109289861179953531 +/- 4.35e-21]', 'old': '[0.10109289861179953531 +/- 4.34e-21]', 'overlap': True}
xcheck 20 40 {'new': '[0.025370913277948221135 +/- 8.69e-22]', 'old': '[0.025370913277948221135 +/- 3.77e-23]', 'overlap': True}
eigen-Gershgorin certificate: {'lambda_min_lower_bound': '[1.48755830782e-9 +/- 4.48e-21]', 'gershgorin_min': '[1.48755830782e-9 +/- 4.48e-21]', 'lambda_max_VtV_upper': '[1.0000000000000000000 +/- 1e-24]', 'lambda_min_VtV_lower_(invertibility)': '[1.0000000000000000000 +/- 3e-25]', 'max_offdiag_VtAV': '[1.1438829838781540206798512983050325475531397945287036612195137786157017833968298860064606595104e-18 +/- 4.23e-113]', 'approx_smallest_eigs_float': [1.4875583102214312e-09, 9.65163457668097e-05, 0.2089943666796647], 'seconds': 86.46194005012512}
{
 "run": 30,
 "L": "0.6",
 "T": 320,
 "visible_shifts": [
  "[0.6931471806 +/- 4.01e-11]",
  "[1.098612289 +/- 3.32e-10]"
 ],
 "B_visible": "[2.24882634466368 +/- 4.86e-15]",
 "max_quadrature_error_bound_q": "[7.6084455424373420563865437665104735659446644811052482570109535291459522784571809125129541608047e-21 +/- 2.07e-116]",
 "minimizer_frozen_40dig": [
  "0.7425835390102578155086452383093809623743",
  "-0.6017541996606630815191576326847931832663",
  "0.2824169710861046357970000162275246391189",
  "-0.08102147878782172216591549281547425018524",
  "0.01171035097672013144395211932594024873642",
  "0.0004479741972605469248101661605416238083407",
  "-0.0006113104553899266518116332075887286977572",
  "0.0001836379327275200963936187227252858403885",
  "-0.00006244606160502729366543865343440206074897",
  "0.00002697581615488367603720409323322267830431",
  "-0.000006153356837693697976822905078749054323934",
  "0.000004767347711243406508107642757652051681568",
  "-0.000006142646805081221861621746391234968706253",
  "0.000005050817376645967743481088204434456904033",
  "-0.0000003339168658609904072300504113272871818119",
  "0.000002133269678720488184152101653724563231324",
  "-0.000002344512851062563661996322267867396633975",
  "0.0000006135092612832410545497434464043933785604",
  "-0.000001103761456966621916454207087485413655493",
  "0.000001878917423074857708374849827091968472671",
  "-0.000001459704341536784404872937644312972132589",
  "-0.0000002626992662878444880990486497579714485558",
  "-0.000001155520831149108647906531661975707454553",
  "0.0000001876145273584623056193316212526387467208",
  "0.0000007006329723948878663331464975238487559784",
  "-0.000000006843164536153811957807986661454335978412",
  "0.000000097902568726511059712054910769843966973",
  "-0.0000004174229955520591013181269828452735996589",
  "0.0000007133959345920979716728949012262375884774",
  "0.00000009078310034327344196005264645080159809107",
  "0.0000006116889011831335555518703459481870197113",
  "-0.0000009973155890199066863485955786667933177424",
  "0.0000000005071197421965266344788369004386938468305",
  "-0.0000005770692672684715559166935853315801758196",
  "0.0000005831555850849485759141609193861575166575",
  "0.0000001441182529624023159599002134761060101667",
  "-0.00000003235002249120340066188087082582255057955",
  "0.00000002189933486456164246325775945524854102634",
  "-0.0000002287196458295090040044475957579212217565",
  "0.0000004246096598040025308249256137735333688924",
  "-0.0000002114437211566908792489924680135333345643",
  "0.00000007203344994468567875112555569295824661983",
  "-0.0000004992963836660519104619579553305261959887",
  "0.0000002588859617035689168563202973012316948957",
  "0.0000000348915610352750292115448404113080576717",
  "0.0000004457424394693287732115414092482584616803",
  "-0.0000002301828826708087571446897049615960239653",
  "-0.0000002252500336727792564057573021918737662075",
  "-0.0000001265775865214551919906390018179172833177",
  "0.00000001533501228867721438360721733160034855603",
  "0.0000004636784488648328902223368128846857146779",
  "-0.0000001979582359856161622760612563621173967548",
  "0.00000006117229326128854958192618984454021690886",
  "-0.0000004000663373693449317397314825754932076549",
  "0.0000002401124221026715933240586026817045329808",
  "0.0000000607713195619238129333847692550021676762",
  "0.0000001385862643341110326200563138629329807967",
  "-0.0000001819197606816159088080117301413035725807",
  "-0.000000111001134376877272794011174560202044794",
  "0.00000009540818765058531633039497149542024594055",
  "0.0000000689772654221485103031084141477468461759",
  "0.0000001022745086358705319073721557358058929647",
  "-0.0000002801359107086425232650623633358420179655",
  "0.0000001537869967415147227117990630121063263107",
  "-0.00000008162688200352874047536498265655535838153",
  "0.0000002221584105082043575613331677927752623998",
  "-0.0000002285641163137994827046558591060810428271",
  "0.00000002477239705835806108129851400486902836316",
  "0.0000000701483529925432952056282989998765905595",
  "0.000000009116026373465502243852556459367032499765",
  "-0.000000006557990246283467057824183969617877732988",
  "-0.0000001351767551660420808680933893904511388224",
  "0.0000002002788734552581752881575835356294549021",
  "-0.0000001079697774727375743261536073955462137456",
  "0.0000000294023679256658161333424635628639932047",
  "-0.00000008499792719849953928497976089439961672634",
  "0.0000001728828303949113859522556948274790113747",
  "-0.0000001509422554179971119245939633815979308424",
  "0.00000003673490030776529659981116530070082934378",
  "0.00000004568035131940649267957065525948974495125",
  "-0.0000000394875096661038682110751352991327216799",
  "0.000000005645601743630009584157245367795064391576",
  "-0.0000000252977287929390101877729386173324341171",
  "0.0000001041420549893978281419128620989406970375",
  "-0.0000001789951268674099941259207522271684988821",
  "0.0000001899832351345603952348755905449740668411",
  "-0.0000001313779855202256000859619400849547938317",
  "0.00000004416528053651037229120386702506279845741",
  "0.00000002382499226309587682240914136571792200169",
  "-0.00000004901704241177481393151124631742580044137",
  "0.00000003662634235869606504214056540953713902406",
  "-0.000000006813131790969863756078669976825331601038",
  "-0.00000002123666008542000014951572778609491092835",
  "0.00000003749645610462939316233869671685531312494",
  "-0.00000004103474628634412107701293324348698060764",
  "0.00000003592043636504651461797402860342792230954",
  "-0.00000002713891568211866196396640529157622946323",
  "0.00000001833143597845139973108574812009158083622",
  "-0.00000001129466652079587803687992396588645149397",
  "0.000000006430606753884329882714090620220651148069",
  "-0.000000003414101574682980589894262641631119105022",
  "0.00000000170167316526759814796486604219394078261",
  "-0.0000000008004275763307088575011541841991036723585",
  "0.0000000003568071429434682357055152832163253337632",
  "-0.0000000001512538569466505390988652767091912627184",
  "0.00000000006114997945016458230275846401536227911097",
  "-0.00000000002363605134732399509869072666771836413385",
  "0.000000000008753267293935790002778346808731934379825",
  "-0.000000000003111680022680228483160740624448959946028",
  "0.000000000001063575394231960114778782084243507038555",
  "-3.500514806287933131875250235063568340405e-13",
  "1.110868398134292063510192726523545506325e-13",
  "-3.403157635925464278417151472684909165459e-14",
  "1.007545729033886793031641562637167414035e-14",
  "-2.88565428332352174181381523937296600734e-15",
  "8.002367685018788340576573832608829230486e-16",
  "-2.150570560977613226575568677463009874583e-16",
  "5.605162297883262644470085269349093877261e-17",
  "-1.41786605990391698260609425755360539589e-17",
  "3.483255310289243348926687916005690334137e-18",
  "-8.315884716153012879748746353138209436337e-19",
  "1.930437475165569710603133571868400695528e-19",
  "-4.359741787177701050214248454041092758255e-20",
  "9.583869608727236890820305622422886587507e-21",
  "-2.051625899739601949648454587397362718022e-21",
  "4.278781525357825051576140927312598981068e-22",
  "-8.697216352906149874048339450698805023071e-23",
  "1.72360865076974139946049349721723585278e-23",
  "-3.331516416540176940972366162113618046914e-24",
  "6.282370089588193985308041899943156650486e-25",
  "-1.156120830088924499716915279982006216058e-25",
  "2.076763687546412831155557074047686929592e-26",
  "-3.642222886721625820515023896700548908287e-27",
  "6.237598575952383003862193304553835657822e-28",
  "-1.043274844328207713557130776474710618058e-28",
  "1.704317817091191115906158862423406507808e-29",
  "-2.719516806083787073805625913422049191993e-30",
  "4.238540035414606803187273821975002976437e-31",
  "-6.451921215162941983820413103447097364952e-32",
  "9.590463415782017865622150945439734502835e-33",
  "-1.391726457642681638350840272290322577488e-33",
  "1.970892372786103674196604717299519202035e-34",
  "-2.72224089776462784651749645121276025309e-35",
  "3.664463802194574727201470941521324872228e-36",
  "-4.802325894827398454958720506433938235772e-37",
  "6.117955598595109632972197407848534520898e-38",
  "-7.560781493592274979556679904331789455221e-39",
  "9.036961645168571891199591822592789271051e-40",
  "-1.039958747804632489392884980878588702281e-40",
  "1.144132556082683549224962956688529352293e-41",
  "-1.189139776615793213384575519066227867073e-42",
  "1.141880006242118440540003048342627543034e-43",
  "-9.64334783138651901168003475010628621336e-45",
  "6.155475494278795060637594130827248164194e-46",
  "-5.447322062430803506301265872064036881265e-48",
  "-7.564307335925792980445680819994758984024e-48",
  "1.847130336038358910552552715295513657179e-48",
  "-3.235835583081645722504405799662435520325e-49",
  "4.925177642761779613173327636621831044755e-50",
  "-6.899236815822755244295386788004708754443e-51",
  "9.121880740942610058259485191611375226941e-52",
  "-1.153676807869451798550054900903041239698e-52",
  "1.406920716640496856372165632021522571353e-53",
  "-1.662985128034156470717675326935106969682e-54",
  "1.911999016611532680574063032782480565673e-55",
  "-2.143799356580187347495061573545437988997e-56",
  "2.348630743123044281525539426688296981377e-57",
  "-2.517832146192856142795072711829150166181e-58",
  "2.644443058077842496529466016294746481486e-59",
  "-2.723670264958735005438864297583691281377e-60",
  "2.753172663398154777695271947658435375189e-61",
  "-2.733142540976434791334707033925426917759e-62",
  "2.666184502321294409171036416377720813648e-63",
  "-2.557014599366216711210167569373951779356e-64",
  "2.412019476371030468350955719142890945183e-65",
  "-2.238726534659129765534921064771306228186e-66",
  "2.045240368348185600942119245397231120278e-67",
  "-1.839698203021597140015513828809846466566e-68",
  "1.629788890676776043652265106863940684136e-69",
  "-1.422367923886738929167808417507071840468e-70",
  "1.223186969656480882514096795934753204018e-71",
  "-1.036742576058572125256941696813510897217e-72",
  "8.66236624646848607388843214846750571409e-74",
  "-7.13631924175913060625426280684149009307e-75",
  "5.797806155790181755494319560410279490612e-76",
  "-4.646007819730060827450713342015666622071e-77",
  "3.67277387839353083963648389918198850733e-78",
  "-2.864666798017775993012787221083733955135e-79",
  "2.204876162753658998332331654893255307258e-80",
  "-1.674889246675953069657258732483780954856e-81",
  "1.255853104573310515225739623837475653394e-82",
  "-9.296064933165310652054685121168174522495e-84",
  "6.793937647824769135124345941332593272513e-85",
  "-4.902963293435111947780270313394867466726e-86",
  "3.494307860155717069579600494543503805283e-87",
  "-2.459678327629947860111829241687399617571e-88",
  "1.710084785685644030085270503967198098608e-89",
  "-1.083389049511029463258779656990326339253e-90",
  "-4.90347644960666933561412863526640310943e-91",
  "-3.331002804156217093047709015557193831637e-90",
  "8.69505145719040254193654173385926642729e-89",
  "1.856909608668291392041188441196510462571e-87",
  "7.805337981247184455450320990389169017187e-88",
  "-7.493848602734157133479935880044026768705e-87",
  "4.520828414033621471675917427126493780377e-86",
  "2.033638067904394137050051817259655441249e-84",
  "4.000796923984953534890626079150170258444e-84",
  "2.697929367631568141351165397944388748273e-83",
  "-1.674860442337876148905991712111357477948e-82",
  "-3.964598109247175365422508350124944614198e-82",
  "6.716891958080455932022173763070288332302e-81",
  "-7.323850094119861210401971214570153963956e-81",
  "3.378287278321324273716146655054928882274e-79",
  "5.751540370334279753995540838133234612678e-79",
  "6.900112133283376632972006266611891420879e-78",
  "4.452469487304585321426761863564758879255e-77",
  "-6.518036335415726377254116385046793317354e-77",
  "-9.542814963612636844173417940462592039044e-76",
  "2.970327584133507969353801370936954079174e-75",
  "7.802561380853863411473864987759658201751e-75",
  "-3.909800205311411550092121243413925088053e-74",
  "7.565557341393628285699661287570447975411e-73",
  "3.073689876369130015596170803238767575996e-72",
  "7.768554919717795733014089300178690980986e-73",
  "-1.854456763105804116512829721796460048874e-71",
  "-1.855179033126757869100018031905511794383e-70",
  "3.048441196823635851080855878845835316037e-70",
  "-1.005792839241319044457468303484743298579e-68",
  "1.169109742473682229466699146829252346549e-68",
  "2.892022103675918161169233213322620468578e-67",
  "1.10577007809346595252415379445092108703e-66",
  "-4.144226309168706962533986438957200164717e-68",
  "-2.443892149599206744137433152630835796062e-65",
  "-3.703376655997818518688186224953438186534e-65",
  "2.415965208658279741045157164216548489663e-64",
  "6.798866629759932902748681744340482444975e-65",
  "-2.197238958971536235563638516512213454067e-63",
  "9.402515930996756528669706253088626040508e-63",
  "-1.264742186698339606705031828202564102417e-63",
  "-5.008687846858088574077227731428797185579e-62",
  "3.507725615580996755268259747433888020089e-62",
  "3.85518343788704874965710665979379134305e-62",
  "-5.12446785807597923921451442752508187293e-62",
  "2.007055552079551335712701895425691618791e-63",
  "-1.303472920128567445277152317322587732162e-62",
  "-3.5197507350221746813159817331362644381e-62",
  "3.321278796270568520568035563592830251656e-62",
  "7.396284815911805409821634607271070491256e-62",
  "1.494092632057583854001330226742629492758e-62",
  "8.687192990403404300757974436405986136766e-62",
  "4.192466138359595265135500192156791350296e-62",
  "5.923650137263829031880276619597016980961e-62",
  "-3.462056347031287303760773531162641854454e-62",
  "-2.565730995944415609950209624987907377239e-61",
  "2.840013779431027933668297321935222927151e-62",
  "0.0"
 ],
 "modes": [
  0,
  2,
  4,
  6,
  8,
  10,
  12,
  14,
  16,
  18,
  20,
  22,
  24,
  26,
  28,
  30,
  32,
  34,
  36,
  38,
  40,
  42,
  44,
  46,
  48,
  50,
  52,
  54,
  56,
  58,
  60,
  62,
  64,
  66,
  68,
  70,
  72,
  74,
  76,
  78,
  80,
  82,
  84,
  86,
  88,
  90,
  92,
  94,
  96,
  98,
  100,
  102,
  104,
  106,
  108,
  110,
  112,
  114,
  116,
  118,
  120,
  122,
  124,
  126,
  128,
  130,
  132,
  134,
  136,
  138,
  140,
  142,
  144,
  146,
  148,
  150,
  152,
  154,
  156,
  158,
  160,
  162,
  164,
  166,
  168,
  170,
  172,
  174,
  176,
  178,
  180,
  182,
  184,
  186,
  188,
  190,
  192,
  194,
  196,
  198,
  200,
  202,
  204,
  206,
  208,
  210,
  212,
  214,
  216,
  218,
  220,
  222,
  224,
  226,
  228,
  230,
  232,
  234,
  236,
  238,
  240,
  242,
  244,
  246,
  248,
  250,
  252,
  254,
  256,
  258,
  260,
  262,
  264,
  266,
  268,
  270,
  272,
  274,
  276,
  278,
  280,
  282,
  284,
  286,
  288,
  290,
  292,
  294,
  296,
  298,
  300,
  302,
  304,
  306,
  308,
  310,
  312,
  314,
  316,
  318,
  320,
  322,
  324,
  326,
  328,
  330,
  332,
  334,
  336,
  338,
  340,
  342,
  344,
  346,
  348,
  350,
  352,
  354,
  356,
  358,
  360,
  362,
  364,
  366,
  368,
  370,
  372,
  374,
  376,
  378,
  380,
  382,
  384,
  386,
  388,
  390,
  392,
  394,
  396,
  398,
  400,
  402,
  404,
  406,
  408,
  410,
  412,
  414,
  416,
  418,
  420,
  422,
  424,
  426,
  428,
  430,
  432,
  434,
  436,
  438,
  440,
  442,
  444,
  446,
  448,
  450,
  452,
  454,
  456,
  458,
  460,
  462,
  464,
  466,
  468,
  470,
  472,
  474,
  476,
  478,
  480,
  482,
  484,
  486,
  488,
  490,
  492,
  494,
  496,
  498,
  500,
  502,
  504,
  506,
  508,
  510
 ],
 "parity": "even",
 "pole_sign_mutation": 1,
 "pole_term_sign_used": 1,
 "NE": 256,
 "ncut": 512,
 "prec_bits": 192,
 "GL_nodes_per_unit_panel": 48,
 "rho": 2,
 "cover_boxes": 6,
 "beta_star": "[1.6816171778190145437 +/- 1.26e-20]",
 "sup_psi_minus_beta": "[9.3026269417083552720071331506897027024136264924281298260554032824372294206168983480133655608166 +/- 4.86e-95]",
 "lambda0_certified": "[1.48755830782e-9 +/- 4.48e-21]",
 "certified_by": "eigenbasis-Gershgorin",
 "eigen_certificate": {
  "lambda_min_lower_bound": "[1.48755830782e-9 +/- 4.48e-21]",
  "gershgorin_min": "[1.48755830782e-9 +/- 4.48e-21]",
  "lambda_max_VtV_upper": "[1.0000000000000000000 +/- 1e-24]",
  "lambda_min_VtV_lower_(invertibility)": "[1.0000000000000000000 +/- 3e-25]",
  "max_offdiag_VtAV": "[1.1438829838781540206798512983050325475531397945287036612195137786157017833968298860064606595104e-18 +/- 4.23e-113]",
  "approx_smallest_eigs_float": [
   1.4875583102214312e-09,
   9.65163457668097e-05,
   0.2089943666796647
  ],
  "seconds": 86.46194005012512
 },
 "ldl_statuses": {},
 "ldl_at_0_positive": null,
 "eps_D": "[4.31308e-285 +/- 4.53e-291]",
 "eps_C": "[7.73451e-139 +/- 3.91e-145]",
 "eps_p": "[5.68915e-1589 +/- 4.17e-1596]",
 "norm_pN": "[1.11204927146 +/- 2.92e-12]",
 "max_entry_radius": "1.5216891187940161138673353659572611007444464803484152071177959442138671875000000000000000000000e-20",
 "max_quadrature_error_bound": "[7.6084455424373420563865437665104735659446644811052482570109535291459522784571809125129541608047e-21 +/- 2.07e-116]",
 "verdict": "ACCEPT: margin = lambda0 - off^2/d_low = 1.488e-09 (lambda0=1.488e-09, off=7.735e-139, d_low=1.682e+00)",
 "cross_check_vs_acb_integral": {
  "0,0": {
   "new": "[-4.0872507217157433353 +/- 2.08e-20]",
   "old": "[-4.0872507217157433353 +/- 2.08e-20]",
   "overlap": true
  },
  "0,2": {
   "new": "[0.10109289861179953531 +/- 4.35e-21]",
   "old": "[0.10109289861179953531 +/- 4.34e-21]",
   "overlap": true
  },
  "20,40": {
   "new": "[0.025370913277948221135 +/- 8.69e-22]",
   "old": "[0.025370913277948221135 +/- 3.77e-23]",
   "overlap": true
  }
 },
 "runtime_s": 517.1298758983612
}
CERT DONE even 0.6 320 256 visible ['[0.693', '[1.098'] 517 s
