selftest j_0(3.3) ok, rad [2.24028550373921716525928444509257998816013029410718494667e-59 +/- 4.20e-116]
selftest j_2(0.7) ok, rad [1.50009245712926715339323445790747962217579850774452890336e-58 +/- 8.51e-116]
selftest j_10(12.5) ok, rad [3.81792874914758331918532182518996901900285000310468432245e-57 +/- 3.49e-114]
selftest j_40(20.0) ok, rad [1.75526128184670777135594287728460851699442534565434560955e-65 +/- 4.55e-122]
selftest j_80(84.0) ok, rad [7.03479531294991508927011130169318747830559709781974376212e-44 +/- 4.10e-101]
selftest j_158(50.0) ok, rad [2.12449338736795441373258328585267778559085497090325588175e-116 +/- 2.34e-173]
selftest j_158(84.0) ok, rad [2.34030063586447036790976069874543096895854126694254679515e-77 +/- 2.16e-134]
nodal pass panel 0 t=0s
nodal pass panel 10 t=1s
nodal pass panel 20 t=2s
nodal pass panel 30 t=3s
nodal pass panel 40 t=4s
nodal pass panel 50 t=6s
nodal pass panel 60 t=7s
nodal pass panel 70 t=9s
nodal pass panel 80 t=11s
nodal pass panel 90 t=12s
nodal pass panel 100 t=14s
nodal pass panel 110 t=16s
ellipse pass done t=20s; max MP [2137876.54276151306116839845558939523516987543695278577998 +/- 3.95e-51], max MF[158] [5.13628356875326242699852964067542207199158005952297937806e-21 +/- 1.24e-78]
matrix assembled t=24s; max quadrature error [128834.477859949660311008994478612873631182844519576791145 +/- 3.50e-52]; M00=[-2.87194594743246 +/- 1.53e-15]
xcheck 0 0 {'new': '[-2.8719459474324615205 +/- 5.56e-20]', 'old': '[-2.8719459474324615205 +/- 4.41e-20]', 'overlap': True}
xcheck 0 2 {'new': '[0.066388923568830598971 +/- 2.57e-22]', 'old': '[0.066388923568830598971 +/- 2.79e-22]', 'overlap': True}
xcheck 20 40 {'new': '[0.05574101729476333842 +/- 4.97e-21]', 'old': '[0.055741017294763338419 +/- 2.71e-22]', 'overlap': True}
{
 "run": 3,
 "NE": 80,
 "ncut": 160,
 "prec_bits": 192,
 "GL_nodes_per_unit_panel": 48,
 "rho": 2,
 "cover_boxes": 6,
 "beta_star": "[0.0076382575953959615868 +/- 3.18e-24]",
 "sup_psi_minus_beta": "[8.32179520204468199932366371202979785431277284300298478050 +/- 3.34e-57]",
 "lambda0_certified": null,
 "ldl_statuses": {
  "1e-12": "UNVERIFIED",
  "1e-13": "UNVERIFIED",
  "1e-14": "UNVERIFIED",
  "1e-15": "UNVERIFIED",
  "1e-16": "UNVERIFIED",
  "1e-17": "UNVERIFIED",
  "1e-18": "UNVERIFIED"
 },
 "ldl_at_0_positive": null,
 "eps_D": "[3.05321e-38 +/- 4.51e-44]",
 "eps_C": "[3.88501e-16 +/- 4.69e-22]",
 "eps_p": "[2.41824e-406 +/- 1.26e-412]",
 "norm_pN": "[1.20771838681 +/- 2.43e-13]",
 "max_entry_radius": "257668.956542968750000000000000000000000000000000000000000",
 "max_quadrature_error_bound": "[128834.477859949660311008994478612873631182844519576791145 +/- 3.50e-52]",
 "verdict": "NO_VERDICT: lambda0 not interval-certified",
 "cross_check_vs_acb_integral": {
  "0,0": {
   "new": "[-2.8719459474324615205 +/- 5.56e-20]",
   "old": "[-2.8719459474324615205 +/- 4.41e-20]",
   "overlap": true
  },
  "0,2": {
   "new": "[0.066388923568830598971 +/- 2.57e-22]",
   "old": "[0.066388923568830598971 +/- 2.79e-22]",
   "overlap": true
  },
  "20,40": {
   "new": "[0.05574101729476333842 +/- 4.97e-21]",
   "old": "[0.055741017294763338419 +/- 2.71e-22]",
   "overlap": true
  }
 },
 "runtime_s": 30.20535182952881
}
