row n=0 done in 14s, first entry rad [1.3335760625196352475996253161838467349e-13 +/- 2.99e-51]
row n=2 done in 13s, first entry rad [6.1075772294727579542206186147268454079e-13 +/- 4.16e-51]
row n=4 done in 12s, first entry rad [8.8730992124392161352064434254316438455e-13 +/- 1.35e-51]
row n=6 done in 12s, first entry rad [1.1040690863178652392218026534465025179e-12 +/- 8.82e-51]
row n=8 done in 11s, first entry rad [1.2066454267516645015856369127504876815e-12 +/- 2.18e-50]
row n=10 done in 10s, first entry rad [1.0988998543049431633189527701688348316e-12 +/- 3.44e-50]
row n=12 done in 9s, first entry rad [1.4548283096878916742511478332744445652e-12 +/- 2.31e-50]
row n=14 done in 8s, first entry rad [1.2942805667818212123076904163099243306e-12 +/- 3.77e-50]
row n=16 done in 8s, first entry rad [9.3243019235649329812254393345938296989e-13 +/- 3.94e-51]
row n=18 done in 7s, first entry rad [4.9551096902120551207504561830319289584e-13 +/- 2.88e-51]
row n=20 done in 6s, first entry rad [2.1246052834728609663705878318751274492e-13 +/- 3.40e-51]
row n=22 done in 6s, first entry rad [1.3594200457095711835620033269833584200e-13 +/- 3.41e-51]
row n=24 done in 5s, first entry rad [1.0653648543055855429928513444792770315e-13 +/- 3.84e-52]
row n=26 done in 5s, first entry rad [4.8472498551383315455037825714157406765e-14 +/- 4.30e-52]
row n=28 done in 4s, first entry rad [1.3404984233992032561025298242896042211e-14 +/- 2.15e-52]
row n=30 done in 4s, first entry rad [8.9548125454471007170567653510317995824e-15 +/- 1.53e-53]
row n=32 done in 4s, first entry rad [4.2446721649437289835583853037093149396e-15 +/- 2.42e-53]
row n=34 done in 3s, first entry rad [8.6253961912435421792097467452720138681e-16 +/- 1.12e-54]
row n=36 done in 3s, first entry rad [5.7526865314340937447058765830121274121e-16 +/- 2.44e-54]
row n=38 done in 3s, first entry rad [1.5187368573079834427764361892698730117e-16 +/- 4.65e-54]
row n=40 done in 3s, first entry rad [4.7419871690948113829571376048876985010e-17 +/- 1.17e-55]
row n=42 done in 3s, first entry rad [1.8420434241034489565073625251534483738e-17 +/- 2.86e-55]
row n=44 done in 2s, first entry rad [3.5501566962298206319627465708810287737e-18 +/- 3.04e-56]
row n=46 done in 2s, first entry rad [1.5157897252303215240980689129321468123e-18 +/- 3.32e-56]
row n=48 done in 2s, first entry rad [3.2229870538020646964385391378821177355e-19 +/- 7.44e-59]
row n=50 done in 2s, first entry rad [6.8052218666932735931433447060462729739e-20 +/- 4.62e-58]
row n=52 done in 2s, first entry rad [2.7575315578051635229406714206303388726e-20 +/- 4.06e-58]
row n=54 done in 2s, first entry rad [2.3735351109038164792467347853337374629e-21 +/- 1.88e-59]
row n=56 done in 2s, first entry rad [9.1961304462768941632344230304967730959e-22 +/- 2.91e-60]
row n=58 done in 2s, first entry rad [3.1136908540013819264910267245661428318e-22 +/- 4.85e-60]
row n=60 done in 2s, first entry rad [5.5709540142437864972915126801297509146e-23 +/- 7.31e-62]
row n=62 done in 2s, first entry rad [7.2380672646295913402326387653469364554e-24 +/- 4.05e-62]
row n=64 done in 2s, first entry rad [1.2289238581402268443462549016341274351e-24 +/- 3.85e-62]
row n=66 done in 2s, first entry rad [1.9612304714937929610050865716623665663e-24 +/- 1.04e-62]
row n=68 done in 2s, first entry rad [7.2551295371486166045718890424854378388e-24 +/- 2.07e-63]
row n=70 done in 2s, first entry rad [2.4787100735283724737989871618257000090e-23 +/- 3.61e-62]
row n=72 done in 2s, first entry rad [7.9581740411622182812668940658016160459e-23 +/- 1.19e-61]
row n=74 done in 2s, first entry rad [2.4069669035384508824301005327600229758e-22 +/- 1.33e-60]
row n=76 done in 2s, first entry rad [6.9524539004779752459869399015148882896e-22 +/- 2.98e-60]
row n=78 done in 2s, first entry rad [1.9290918740224826274366889520783222185e-21 +/- 2.52e-59]
row n=80 done in 2s, first entry rad [5.7155604475677612268186365812984786605e-21 +/- 1.78e-59]
row n=82 done in 2s, first entry rad [1.4761850015004853708183740067141475477e-20 +/- 1.42e-58]
row n=84 done in 2s, first entry rad [3.6931735624604360288365007301348078017e-20 +/- 7.81e-59]
row n=86 done in 2s, first entry rad [8.9395491290421288426229913222711975784e-20 +/- 3.08e-58]
row n=88 done in 2s, first entry rad [2.0989644793296785353312247093208325888e-19 +/- 3.42e-57]
row n=90 done in 2s, first entry rad [4.7732065467492493015151598895022544422e-19 +/- 6.21e-58]
row n=92 done in 2s, first entry rad [1.0521089993598218568798157487170774615e-18 +/- 4.93e-56]
row n=94 done in 2s, first entry rad [2.2756020732847368989290641689074434773e-18 +/- 4.79e-56]
row n=96 done in 2s, first entry rad [4.7307414625515151472860339576520516403e-18 +/- 4.76e-56]
row n=98 done in 2s, first entry rad [1.0214785633155291835564031002053786423e-17 +/- 2.90e-55]
row n=100 done in 2s, first entry rad [1.1914118109075835214060237743360914919e-16 +/- 3.22e-54]
row n=102 done in 2s, first entry rad [1.3531971439914176869555306748083012280e-14 +/- 4.04e-52]
row n=104 done in 4s, first entry rad [1.9736339027919685973344599005940835923e-12 +/- 4.36e-51]
row n=106 done in 2s, first entry rad [3.0744514833286329391626168217044323683e-10 +/- 2.15e-48]
row n=108 done in 2s, first entry rad [5.1126439193360795343323843553662300110e-8 +/- 1.37e-46]
row n=110 done in 2s, first entry rad [9.0768036784538708161562681198120117188e-6 +/- 5.00e-44]
row n=112 done in 2s, first entry rad 0.0017211464182764757424592971801757812500
row n=114 done in 2s, first entry rad 0.34816129226237535476684570312500000000
row n=116 done in 2s, first entry rad 74.604178428649902343750000000000000000
row n=118 done in 1s, first entry rad 17030.100524902343750000000000000000000
row n=120 done in 1s, first entry rad 5151907.2812500000000000000000000000000
row n=122 done in 1s, first entry rad 1344341604.0000000000000000000000000000
row n=124 done in 1s, first entry rad 369859229696.00000000000000000000000000
row n=126 done in 1s, first entry rad 107036997844992.00000000000000000000000
row n=128 done in 1s, first entry rad 39482197819785216.000000000000000000000
row n=130 done in 1s, first entry rad 12566703085482672128.000000000000000000
row n=132 done in 1s, first entry rad 4233673199518371282944.0000000000000000
row n=134 done in 1s, first entry rad 1503837434432332752748544.0000000000000
row n=136 done in 1s, first entry rad 563888478795843662319190016.00000000000
row n=138 done in 1s, first entry rad 223900818279577436547847290880.00000000
row n=140 done in 1s, first entry rad 94151275511196022831668910882816.000000
row n=142 done in 1s, first entry rad 42203074702457522934393375119376384.000
row n=144 done in 1s, first entry rad 2.2281922432289165217530557378225766400e+37
row n=146 done in 1s, first entry rad [1.0924777525368043426359089827716307878e+40 +/- 1.12e+2]
row n=148 done in 1s, first entry rad [5.6177749723094788313448726875933257855e+42 +/- 1.40e+4]
row n=150 done in 1s, first entry rad [3.0444086439008582244298176744883278237e+45 +/- 8.13e+6]
row n=152 done in 0s, first entry rad [1.7449553245110408524643595647887046455e+48 +/- 2.29e+10]
row n=154 done in 0s, first entry rad [1.0516773750516272852197844292156326834e+51 +/- 4.04e+13]
row n=156 done in 0s, first entry rad [6.6534347802145673393877606708973991817e+53 +/- 2.62e+15]
row n=158 done in 0s, first entry rad [5.0631482427967629729180428397290721709e+56 +/- 4.56e+18]
{
 "NE": 80,
 "ncut": 160,
 "prec_bits": 128,
 "beta_star": "[0.0076382575953959615868 +/- 3.18e-24]",
 "sup_psi_minus_beta": "[8.3217952020446819993236637120297978546 +/- 1.52e-38]",
 "lambda0_certified": null,
 "ldl_status_at_1e-13": "UNVERIFIED",
 "eps_D": "[3.05321e-38 +/- 4.51e-44]",
 "eps_C": "[3.88501e-16 +/- 4.69e-22]",
 "eps_p": "[2.41824e-406 +/- 1.26e-412]",
 "norm_pN": "[1.20771838681 +/- 2.43e-13]",
 "max_entry_radius": "[5.0631482427967629729180428397290721709e+56 +/- 4.56e+18]",
 "verdict": "NO_VERDICT: lambda0 not interval-certified",
 "runtime_s": 247.4065179824829
}
DONE
