box check n=20 closed |j|<= [0.0143800787187744497772468546401673788765810329225597352190 +/- 1.02e-59] series |j|<= [386571228564032228763144171223100.368031012525177691592116 +/- 2.81e-25]
box check n=60 closed |j|<= [46644.5530399495314903361631950689291658287941658138327470 +/- 6.75e-55] series |j|<= [2423424681624056805129071.40044888141784692191821611689722 +/- 4.98e-33]
box check n=100 closed |j|<= [25154089666798830903.7216428028321370477390524032248492488 +/- 4.46e-39] series |j|<= [3211213405.11299908751118640483319841395250566090976851188 +/- 4.64e-49]
selftest j_0(3.3) ok, rad [3.49680246641094894249290403206919640808524561867218715911e-59 +/- 1.85e-116]
selftest j_2(0.7) ok, rad [1.50009245712926715339323445790747962217579850774452890336e-58 +/- 8.51e-116]
selftest j_10(12.5) ok, rad [1.59148984980298285750355264162002868825640514505530938822e-57 +/- 4.00e-114]
selftest j_40(20.0) ok, rad [1.75526128184670777135594287728460851699442534565434560955e-65 +/- 4.55e-122]
selftest j_80(84.0) ok, rad [2.08398947601211076397981790085114210362253753577662290130e-44 +/- 1.17e-101]
selftest j_158(50.0) ok, rad [2.12449338736795441373258328585267778559085497090325588175e-116 +/- 2.34e-173]
selftest j_158(84.0) ok, rad [2.34030063586447036790976069874543096895854126694254679515e-77 +/- 2.16e-134]
selftest j_60(84.0) ok, rad [4.59732409621720161699339611075143401114071618507050077802e-51 +/- 3.55e-108]
selftest j_100(84.0) ok, rad [1.46107479779998029316080250471503849861302977455627503747e-46 +/- 3.72e-103]
selftest j_84(84.0) ok, rad [6.71467052258164588651875176843968800256439535786162147453e-43 +/- 4.04e-100]
nodal pass panel 0 t=0s
nodal pass panel 10 t=1s
nodal pass panel 20 t=2s
nodal pass panel 30 t=3s
nodal pass panel 40 t=4s
nodal pass panel 50 t=6s
nodal pass panel 60 t=8s
nodal pass panel 70 t=9s
nodal pass panel 80 t=11s
nodal pass panel 90 t=13s
nodal pass panel 100 t=15s
nodal pass panel 110 t=17s
ellipse pass done t=19s; max MP [24191.9321290963937638343713133842193347665134520753943205 +/- 3.44e-54], MF[158] [10.9271276440148698724708868567898396612185168118586290249 +/- 5.19e-56]
matrix assembled t=26s; max quadrature error [5.78915541884832653381254322553609397157474572022570723129e-23 +/- 1.66e-80]; M00=[-2.87194594743246 +/- 1.53e-15]
xcheck 0 0 {'new': '[-2.8719459474324615205 +/- 4.40e-20]', 'old': '[-2.8719459474324615205 +/- 4.41e-20]', 'overlap': True}
xcheck 0 2 {'new': '[0.066388923568830598971 +/- 2.42e-22]', 'old': '[0.066388923568830598971 +/- 2.73e-22]', 'overlap': True}
xcheck 20 40 {'new': '[0.055741017294763338419 +/- 2.71e-22]', 'old': '[0.055741017294763338419 +/- 2.79e-22]', 'overlap': True}
eigen-Gershgorin certificate: {'lambda_min_lower_bound': '[1.03101776024e-13 +/- 9.33e-26]', 'gershgorin_min': '[1.03101776024e-13 +/- 9.33e-26]', 'lambda_max_VtV_upper': '[1.0000000000000000000 +/- 1e-24]', 'lambda_min_VtV_lower_(invertibility)': '[1.0000000000000000000 +/- 3e-25]', 'max_offdiag_VtAV': '[1.87785805297723014565152446822798425890763654139320076282e-21 +/- 1.97e-78]', 'approx_smallest_eigs_float': [1.0310178165129809e-13, 1.9168458697914574e-08, 0.0005941368861416536], 'seconds': 3.6167068481445312}
{
 "run": 5,
 "parity": "even",
 "pole_sign_mutation": 1,
 "pole_term_sign_used": 1,
 "NE": 80,
 "ncut": 160,
 "prec_bits": 192,
 "GL_nodes_per_unit_panel": 48,
 "rho": 2,
 "cover_boxes": 6,
 "beta_star": "[0.0076382575953959615868 +/- 3.18e-24]",
 "sup_psi_minus_beta": "[8.32179520204468199932366371202979785431277284300298478050 +/- 7.87e-58]",
 "lambda0_certified": "[1.03101776024e-13 +/- 9.33e-26]",
 "certified_by": "eigenbasis-Gershgorin",
 "eigen_certificate": {
  "lambda_min_lower_bound": "[1.03101776024e-13 +/- 9.33e-26]",
  "gershgorin_min": "[1.03101776024e-13 +/- 9.33e-26]",
  "lambda_max_VtV_upper": "[1.0000000000000000000 +/- 1e-24]",
  "lambda_min_VtV_lower_(invertibility)": "[1.0000000000000000000 +/- 3e-25]",
  "max_offdiag_VtAV": "[1.87785805297723014565152446822798425890763654139320076282e-21 +/- 1.97e-78]",
  "approx_smallest_eigs_float": [
   1.0310178165129809e-13,
   1.9168458697914574e-08,
   0.0005941368861416536
  ],
  "seconds": 3.6167068481445312
 },
 "ldl_statuses": {
  "1e-12": "UNVERIFIED",
  "1e-13": "UNVERIFIED",
  "1e-14": "UNVERIFIED",
  "1e-15": "UNVERIFIED",
  "1e-16": "UNVERIFIED",
  "1e-17": "UNVERIFIED",
  "1e-18": "UNVERIFIED"
 },
 "ldl_at_0_positive": null,
 "eps_D": "[3.05321e-38 +/- 4.51e-44]",
 "eps_C": "[3.88501e-16 +/- 4.69e-22]",
 "eps_p": "[2.41824e-406 +/- 1.26e-412]",
 "norm_pN": "[1.20771838681 +/- 2.43e-13]",
 "max_entry_radius": "[1.15783109299656301398123482376367569812725122346819262020e-22 +/- 2.90e-79]",
 "max_quadrature_error_bound": "[5.78915541884832653381254322553609397157474572022570723129e-23 +/- 1.66e-80]",
 "verdict": "ACCEPT: margin = lambda0 - off^2/d_low = 1.031e-13 (lambda0=1.031e-13, off=3.885e-16, d_low=7.638e-03)",
 "cross_check_vs_acb_integral": {
  "0,0": {
   "new": "[-2.8719459474324615205 +/- 4.40e-20]",
   "old": "[-2.8719459474324615205 +/- 4.41e-20]",
   "overlap": true
  },
  "0,2": {
   "new": "[0.066388923568830598971 +/- 2.42e-22]",
   "old": "[0.066388923568830598971 +/- 2.73e-22]",
   "overlap": true
  },
  "20,40": {
   "new": "[0.055741017294763338419 +/- 2.71e-22]",
   "old": "[0.055741017294763338419 +/- 2.79e-22]",
   "overlap": true
  }
 },
 "runtime_s": 36.878358125686646
}
