======================================================================
STEP 0 CLEAN-ROOM MATRIX VALIDATION (L=[0.400000000000000000000000000000000000000000000000000000000 +/- 1.44e-58], T=160, parity=odd)
======================================================================
Computing matrix entry (1, 1)...
  Entry (1,1):
    Recomputed: [0.075422738950627435849 +/- 2.66e-22]
    Saved JSON: [0.075422738950627435849 +/- 2.37e-22]
    OVERLAPS:   True
Computing matrix entry (1, 3)...
  Entry (1,3):
    Recomputed: [0.54500843727667600142 +/- 2.34e-21]
    Saved JSON: [0.54500843727667600142 +/- 2.30e-21]
    OVERLAPS:   True
Computing matrix entry (21, 41)...
  Entry (21,41):
    Recomputed: [0.089964766239318591300 +/- 8.46e-23]
    Saved JSON: [0.089964766239318591300 +/- 8.35e-23]
    OVERLAPS:   True
----------------------------------------------------------------------
ALL TARGET ENTRIES VALIDATED: True
ELAPSED TIME: 4.61 s
======================================================================
