{
 "lam2": 9.0,
 "lam": "3.0",
 "L": "2.1972245773362193828",
 "N": 120,
 "dps": 220,
 "n_prime_points": 4,
 "controls": {
  "drop_prime": 2,
  "pseudo": -1,
  "no_primes": false,
  "permute": -1
 },
 "eps1": "0.0883103369891385",
 "eps2": "-0.216487885681952",
 "even_err_rel": 2.0491570766705024e-221,
 "n_roots": 20,
 "roots_first5": [
  "4.32080090912188932011685900028",
  "17.7083222911643653869470218721",
  "20.7270793645234840105676175333",
  "25.4791966840229102455241556341",
  "28.2968503485677954671134200269"
 ],
 "build_s": 44.08640480041504,
 "total_s": 160.47070693969727
}
errors: ['9.81', '3.31', '4.28', '4.95', '4.64', '6.74', '7.67', '2.31', '4.35', '3.19', '3.93', '3.66', '4.59', '3.83', '4.87', '3.4', '3.5', '3.01', '3.66', '1.47']
{
 "lam2": 9.0,
 "lam": "3.0",
 "L": "2.1972245773362193828",
 "N": 120,
 "dps": 220,
 "n_prime_points": 0,
 "controls": {
  "drop_prime": 0,
  "pseudo": -1,
  "no_primes": true,
  "permute": -1
 },
 "eps1": "-0.0165455987148897",
 "eps2": "0.200508592202358",
 "even_err_rel": 4.872150057034583e-221,
 "n_roots": 20,
 "roots_first5": [
  "3.24736242711469302796336410938",
  "9.04752680323130115449805554976",
  "11.8946881123876905582558496358",
  "14.739458086216473380909794406",
  "17.5846184052729896205522554627"
 ],
 "build_s": 18.545319080352783,
 "total_s": 96.07144498825073
}
errors: ['10.9', '12.0', '13.1', '15.7', '15.4', '17.2', '17.6', '17.2', '19.0', '17.9', '18.3', '18.9', '19.0', '17.6', '19.0', '18.1', '17.7', '17.4', '18.2', '16.8']
{
 "lam2": 9.0,
 "lam": "3.0",
 "L": "2.1972245773362193828",
 "N": 120,
 "dps": 220,
 "n_prime_points": 7,
 "controls": {
  "drop_prime": 0,
  "pseudo": 0,
  "no_primes": false,
  "permute": -1
 },
 "eps1": "0.116865865531398",
 "eps2": "-0.0429659744836637",
 "even_err_rel": 8.303114278484916e-221,
 "n_roots": 20,
 "roots_first5": [
  "1.36970497591810232048928341578",
  "3.83206246201367851423711344795",
  "11.2649732867326497167650540435",
  "16.9347914978666810982534637297",
  "19.7799969308373514483575933198"
 ],
 "build_s": 23.004775285720825,
 "total_s": 82.20665121078491
}
errors: ['12.8', '17.2', '13.7', '13.5', '13.2', '16.6', '15.9', '15.5', '16.9', '15.8', '16.6', '17.8', '17.8', '14.8', '17.0', '17.1', '17.0', '13.2', '15.0', '13.6']
{
 "lam2": 9.0,
 "lam": "3.0",
 "L": "2.1972245773362193828",
 "N": 120,
 "dps": 220,
 "n_prime_points": 7,
 "controls": {
  "drop_prime": 0,
  "pseudo": 1,
  "no_primes": false,
  "permute": -1
 },
 "eps1": "0.0484080685483779",
 "eps2": "0.0358445531038151",
 "even_err_rel": 6.64996818442668e-221,
 "n_roots": 20,
 "roots_first5": [
  "0.911115812516520296121266063911",
  "7.53348886621999366448030764448",
  "9.62185978701966150247359274324",
  "12.7837433695560794867699918815",
  "15.4268403448764469010381894004"
 ],
 "build_s": 22.16922688484192,
 "total_s": 104.02437400817871
}
errors: ['13.2', '13.5', '15.4', '17.6', '17.5', '20.1', '14.0', '14.5', '15.8', '14.5', '15.3', '15.3', '10.6', '9.56', '10.8', '7.18', '7.28', '5.82', '7.24', '4.83']
{
 "lam2": 9.0,
 "lam": "3.0",
 "L": "2.1972245773362193828",
 "N": 120,
 "dps": 220,
 "n_prime_points": 7,
 "controls": {
  "drop_prime": 0,
  "pseudo": 2,
  "no_primes": false,
  "permute": -1
 },
 "eps1": "0.0376799320598594",
 "eps2": "0.149266924697370",
 "even_err_rel": 3.4344200904479137e-221,
 "n_roots": 20,
 "roots_first5": [
  "1.8802360206289646047260237196",
  "3.84681252153159265814278606799",
  "8.01119590502714029949972894354",
  "10.5876327993613526854197918444",
  "14.144123322259506310630575453"
 ],
 "build_s": 24.518330097198486,
 "total_s": 86.39613223075867
}
errors: ['12.3', '17.2', '17.0', '19.8', '18.8', '20.9', '21.7', '21.1', '23.0', '21.5', '20.4', '15.6', '14.7', '13.7', '15.7', '14.2', '13.5', '13.7', '14.5', '13.0']
{
 "lam2": 9.0,
 "lam": "3.0",
 "L": "2.1972245773362193828",
 "N": 120,
 "dps": 220,
 "n_prime_points": 7,
 "controls": {
  "drop_prime": 0,
  "pseudo": 3,
  "no_primes": false,
  "permute": -1
 },
 "eps1": "-0.0351922212437390",
 "eps2": "0.146174470623060",
 "even_err_rel": 3.919220297718268e-221,
 "n_roots": 20,
 "roots_first5": [
  "1.4691705979964412695859553999",
  "4.41487132245556581025041625663",
  "6.499975892230219259847132228",
  "9.55659569290597185289923631587",
  "14.0228698850401033680724880982"
 ],
 "build_s": 19.87769913673401,
 "total_s": 77.50980305671692
}
errors: ['12.7', '16.6', '18.5', '20.9', '18.9', '20.6', '21.8', '22.5', '22.1', '21.2', '22.6', '21.8', '22.1', '20.6', '21.0', '20.1', '19.4', '18.9', '20.3', '18.8']
{
 "lam2": 9.0,
 "lam": "3.0",
 "L": "2.1972245773362193828",
 "N": 120,
 "dps": 220,
 "n_prime_points": 7,
 "controls": {
  "drop_prime": 0,
  "pseudo": 4,
  "no_primes": false,
  "permute": -1
 },
 "eps1": "-0.0686374672449597",
 "eps2": "0.0508558997275236",
 "even_err_rel": 2.426553880481741e-220,
 "n_roots": 20,
 "roots_first5": [
  "1.59319509650280482995271264982",
  "5.38785777008965105925891850778",
  "9.46415962279777118308323894792",
  "11.4093424335133662954276932312",
  "16.7571158290657150197993249661"
 ],
 "build_s": 27.108419179916382,
 "total_s": 84.70424318313599
}
errors: ['12.5', '15.6', '15.5', '19.0', '16.2', '19.0', '16.1', '16.1', '17.4', '16.7', '17.9', '15.8', '14.8', '13.8', '12.6', '12.9', '9.26', '9.59', '10.6', '9.71']
{
 "lam2": 9.0,
 "lam": "3.0",
 "L": "2.1972245773362193828",
 "N": 120,
 "dps": 220,
 "n_prime_points": 7,
 "controls": {
  "drop_prime": 0,
  "pseudo": -1,
  "no_primes": false,
  "permute": 0
 },
 "eps1": "-0.0285329196566220",
 "eps2": "-0.0182401741429875",
 "even_err_rel": 1.6724848824526055e-221,
 "n_roots": 20,
 "roots_first5": [
  "1.45294436205838195943887721913",
  "1.83478721642956864010380512132",
  "8.55190239602116815109406584395",
  "10.7923543929350431674724553335",
  "14.1405392572869153190998793611"
 ],
 "build_s": 27.019768953323364,
 "total_s": 81.82693481445312
}
errors: ['12.7', '19.2', '16.5', '19.6', '18.8', '19.8', '19.9', '18.6', '21.7', '19.7', '20.7', '22.5', '21.8', '19.9', '21.6', '19.6', '20.0', '19.2', '19.6', '18.5']
{
 "lam2": 9.0,
 "lam": "3.0",
 "L": "2.1972245773362193828",
 "N": 120,
 "dps": 220,
 "n_prime_points": 7,
 "controls": {
  "drop_prime": 0,
  "pseudo": -1,
  "no_primes": false,
  "permute": 1
 },
 "eps1": "0.0656262963947959",
 "eps2": "0.0322562820352127",
 "even_err_rel": 9.603257658235506e-221,
 "n_roots": 20,
 "roots_first5": [
  "14.4412813363912224748258164662",
  "24.1946695219700440576060802779",
  "30.3214601175618550741289592302",
  "33.2620288085171972725425648177",
  "38.2050011199007087387166546946"
 ],
 "build_s": 29.044708728790283,
 "total_s": 100.69408082962036
}
errors: ['0.307', '3.17', '5.31', '2.84', '5.27', '3.08', '2.07', '4.67', '2.14', '2.73', '3.82', '3.15', '2.01', '7.59', '5.73', '7.48', '7.21', '7.27', '7.89', '8.78']
{
 "lam2": 9.0,
 "lam": "3.0",
 "L": "2.1972245773362193828",
 "N": 120,
 "dps": 220,
 "n_prime_points": 6,
 "controls": {
  "drop_prime": 7,
  "pseudo": -1,
  "no_primes": false,
  "permute": -1
 },
 "eps1": "-1.42130531373267e-20",
 "eps2": "-3.68498302471651e-17",
 "even_err_rel": 3.082641806826151e-209,
 "n_roots": 20,
 "roots_first5": [
  "14.1347251417346937462759091775",
  "21.0220396387715269943764110697",
  "25.0108575801445465030684079279",
  "30.4248761256007807565859650964",
  "32.9350615853064994030029460308"
 ],
 "build_s": 29.124823093414307,
 "total_s": 99.43350505828857
}
errors: ['4.42e-17', '2.8e-14', '1.14e-12', '2.59e-10', '2.43e-9', '7.89e-8', '2.17e-6', '9.68e-6', '0.000416', '0.00171', '0.0046', '0.0411', '0.558', '0.444', '1.46', '1.12', '0.687', '0.281', '0.112', '1.09']
CONTROLS_DONE
